Component: ARM Compiler 5.06 update 6 (build 750) Tool: armlink [4d35ed]

==============================================================================

Section Cross References

    main.o(i.main) refers to stm32f10x_rcc.o(i.RCC_APB2PeriphClockCmd) for RCC_APB2PeriphClockCmd
    main.o(i.main) refers to stm32f10x_gpio.o(i.GPIO_Init) for GPIO_Init
    main.o(i.main) refers to misc.o(i.NVIC_PriorityGroupConfig) for NVIC_PriorityGroupConfig
    main.o(i.main) refers to delay.o(i.delay_init) for delay_init
    main.o(i.main) refers to usart1.o(i.UART3_Init) for UART3_Init
    main.o(i.main) refers to rtc.o(i.RTC_Init) for RTC_Init
    main.o(i.main) refers to ntc.o(i.ADC_Configuration) for ADC_Configuration
    main.o(i.main) refers to timer.o(i.TIM1_Int_Init) for TIM1_Int_Init
    main.o(i.main) refers to timer.o(i.TIM3_Int_Init) for TIM3_Int_Init
    main.o(i.main) refers to timer.o(i.TIM2_Int_Init) for TIM2_Int_Init
    main.o(i.main) refers to lcd.o(i.LCD_Init) for LCD_Init
    main.o(i.main) refers to ui.o(i.LCD_Fill) for LCD_Fill
    main.o(i.main) refers to gp8201s.o(i.IIC_Init) for IIC_Init
    main.o(i.main) refers to gp8201s.o(i.GP8201S_Write) for GP8201S_Write
    main.o(i.main) refers to 74hc595.o(i.HC595_GPIO_Config) for HC595_GPIO_Config
    main.o(i.main) refers to 74hc595.o(i.HC595_Send_Multi_Byte) for HC595_Send_Multi_Byte
    main.o(i.main) refers to mb_host.o(i.mbh_init) for mbh_init
    main.o(i.main) refers to f2d.o(.text) for __aeabi_f2d
    main.o(i.main) refers to cdrcmple.o(.text) for __aeabi_cdrcmple
    main.o(i.main) refers to cdcmple.o(.text) for __aeabi_cdcmple
    main.o(i.main) refers to ffltui.o(.text) for __aeabi_ui2f
    main.o(i.main) refers to cfcmple.o(.text) for __aeabi_cfcmple
    main.o(i.main) refers to cfrcmple.o(.text) for __aeabi_cfrcmple
    main.o(i.main) refers to mb_host.o(i.mbh_send) for mbh_send
    main.o(i.main) refers to mb_host.o(i.mbh_poll) for mbh_poll
    main.o(i.main) refers to strstr.o(.text) for strstr
    main.o(i.main) refers to lcd.o(.bss) for lcddev
    main.o(i.main) refers to main.o(.data) for relay1_Control_1
    main.o(i.main) refers to gui.o(.data) for warn_temp1_flag
    main.o(i.main) refers to timer.o(.data) for temperature1
    main.o(i.main) refers to mb_hook.o(.data) for send_NH3
    main.o(i.main) refers to usart1.o(.data) for UART3_RxCounter
    main.o(i.main) refers to usart1.o(.bss) for UART3_RxBuff
    main.o(i.main) refers to memseta.o(.text) for __aeabi_memclr
    main.o(i.main) refers to memmovea.o(.text) for __aeabi_memcpy
    main.o(i.main) refers to load.o(i.json_loads) for json_loads
    main.o(i.main) refers to value.o(i.json_object_get) for json_object_get
    main.o(i.main) refers to value.o(i.json_integer_value) for json_integer_value
    main.o(i.main) refers to usart1.o(i.UART3_Puts) for UART3_Puts
    main.o(i.main) refers to delay.o(i.delay_ms) for delay_ms
    main.o(i.main) refers to main.o(.bss) for userData
    main.o(i.main) refers to gui.o(.bss) for imei_no
    main.o(i.main) refers to value.o(i.json_delete) for json_delete
    main.o(i.main) refers to strncpy.o(.text) for strncpy
    main.o(i.main) refers to printfa.o(i.__0sprintf) for __2sprintf
    main.o(i.main) refers to strlen.o(.text) for strlen
    main.o(i.main) refers to main.o(.conststring) for .conststring
    main.o(i.main) refers to gui.o(i.GUI_Refresh) for GUI_Refresh
    system_stm32f10x.o(i.SetSysClock) refers to system_stm32f10x.o(i.SetSysClockTo72) for SetSysClockTo72
    system_stm32f10x.o(i.SystemCoreClockUpdate) refers to system_stm32f10x.o(.data) for SystemCoreClock
    system_stm32f10x.o(i.SystemInit) refers to system_stm32f10x.o(i.SetSysClock) for SetSysClock
    startup_stm32f10x_md.o(RESET) refers to startup_stm32f10x_md.o(STACK) for __initial_sp
    startup_stm32f10x_md.o(RESET) refers to startup_stm32f10x_md.o(.text) for Reset_Handler
    startup_stm32f10x_md.o(RESET) refers to stm32f10x_it.o(i.NMI_Handler) for NMI_Handler
    startup_stm32f10x_md.o(RESET) refers to stm32f10x_it.o(i.HardFault_Handler) for HardFault_Handler
    startup_stm32f10x_md.o(RESET) refers to stm32f10x_it.o(i.MemManage_Handler) for MemManage_Handler
    startup_stm32f10x_md.o(RESET) refers to stm32f10x_it.o(i.BusFault_Handler) for BusFault_Handler
    startup_stm32f10x_md.o(RESET) refers to stm32f10x_it.o(i.UsageFault_Handler) for UsageFault_Handler
    startup_stm32f10x_md.o(RESET) refers to stm32f10x_it.o(i.SVC_Handler) for SVC_Handler
    startup_stm32f10x_md.o(RESET) refers to stm32f10x_it.o(i.DebugMon_Handler) for DebugMon_Handler
    startup_stm32f10x_md.o(RESET) refers to stm32f10x_it.o(i.PendSV_Handler) for PendSV_Handler
    startup_stm32f10x_md.o(RESET) refers to stm32f10x_it.o(i.SysTick_Handler) for SysTick_Handler
    startup_stm32f10x_md.o(RESET) refers to rtc.o(i.RTC_IRQHandler) for RTC_IRQHandler
[...]
    strlen                                   0x080001f1   Thumb Code    14  strlen.o(.text)
    strcmp                                   0x080001ff   Thumb Code    28  strcmp.o(.text)
    memchr                                   0x0800021b   Thumb Code    20  memchr.o(.text)
    strcpy                                   0x0800022f   Thumb Code    18  strcpy.o(.text)
    strtoll                                  0x08000241   Thumb Code     4  strtoll.o(.text)
    __aeabi_fadd                             0x08000245   Thumb Code   164  fadd.o(.text)
    __aeabi_fsub                             0x080002e9   Thumb Code     6  fadd.o(.text)
    __aeabi_frsub                            0x080002ef   Thumb Code     6  fadd.o(.text)
    __aeabi_fmul                             0x080002f5   Thumb Code   100  fmul.o(.text)
    __aeabi_fdiv                             0x08000359   Thumb Code   124  fdiv.o(.text)
    __aeabi_dadd                             0x080003d5   Thumb Code   322  dadd.o(.text)
    __aeabi_dsub                             0x08000517   Thumb Code     6  dadd.o(.text)
    __aeabi_drsub                            0x0800051d   Thumb Code     6  dadd.o(.text)
    __aeabi_dmul                             0x08000523   Thumb Code   228  dmul.o(.text)
    __aeabi_ddiv                             0x08000607   Thumb Code   222  ddiv.o(.text)
    __aeabi_i2f                              0x080006e5   Thumb Code    18  fflti.o(.text)
    __aeabi_ui2f                             0x080006f7   Thumb Code    10  ffltui.o(.text)
    __aeabi_f2iz                             0x08000701   Thumb Code    50  ffixi.o(.text)
    __aeabi_f2uiz                            0x08000733   Thumb Code    40  ffixui.o(.text)
    __aeabi_f2d                              0x0800075b   Thumb Code    38  f2d.o(.text)
    __aeabi_cdcmpeq                          0x08000781   Thumb Code     0  cdcmple.o(.text)
    __aeabi_cdcmple                          0x08000781   Thumb Code    48  cdcmple.o(.text)
    __aeabi_cdrcmple                         0x080007b1   Thumb Code    48  cdrcmple.o(.text)
    __aeabi_d2f                              0x080007e1   Thumb Code    56  d2f.o(.text)
    __aeabi_cfcmpeq                          0x08000819   Thumb Code     0  cfcmple.o(.text)
    __aeabi_cfcmple                          0x08000819   Thumb Code    20  cfcmple.o(.text)
    __aeabi_cfrcmple                         0x0800082d   Thumb Code    20  cfrcmple.o(.text)
    __aeabi_uldivmod                         0x08000841   Thumb Code    98  uldiv.o(.text)
    __aeabi_llsl                             0x080008a3   Thumb Code    30  llshl.o(.text)
    _ll_shift_l                              0x080008a3   Thumb Code     0  llshl.o(.text)
    __aeabi_lasr                             0x080008c1   Thumb Code    36  llsshr.o(.text)
    _ll_sshift_r                             0x080008c1   Thumb Code     0  llsshr.o(.text)
    __strtod_int                             0x0800091b   Thumb Code    90  strtod.o(.text)
    __strtoll                                0x08000981   Thumb Code   144  __strtoll.o(.text)
    __I$use$fp                               0x08000a11   Thumb Code     0  iusefp.o(.text)
    _float_round                             0x08000a11   Thumb Code    18  fepilogue.o(.text)
    _float_epilogue                          0x08000a23   Thumb Code    92  fepilogue.o(.text)
    _double_round                            0x08000a7f   Thumb Code    30  depilogue.o(.text)
    _double_epilogue                         0x08000a9d   Thumb Code   156  depilogue.o(.text)
    __ARM_scalbn                             0x08000b39   Thumb Code    46  dscalb.o(.text)
    scalbn                                   0x08000b39   Thumb Code     0  dscalb.o(.text)
    __aeabi_i2d                              0x08000b67   Thumb Code    34  dflti.o(.text)
    __aeabi_d2ulz                            0x08000b89   Thumb Code    48  dfixul.o(.text)
    __scatterload                            0x08000bb9   Thumb Code    28  init.o(.text)
    __scatterload_rt2                        0x08000bb9   Thumb Code     0  init.o(.text)
    __aeabi_llsr                             0x08000bdd   Thumb Code    32  llushr.o(.text)
    _ll_ushift_r                             0x08000bdd   Thumb Code     0  llushr.o(.text)
    __rt_ctype_table                         0x08000bfd   Thumb Code     4  ctype_o.o(.text)
    isspace                                  0x08000c05   Thumb Code    18  isspace_o.o(.text)
    _scanf_real                              0x08000d41   Thumb Code     0  scanf_fp.o(.text)
    _scanf_really_real                       0x08000d41   Thumb Code   556  scanf_fp.o(.text)
    _sgetc                                   0x08000f79   Thumb Code    30  _sgetc.o(.text)
    _sbackspace                              0x08000f97   Thumb Code    34  _sgetc.o(.text)
    _strtoull                                0x08000fb9   Thumb Code   194  _strtoull.o(.text)
    _chval                                   0x0800107b   Thumb Code    28  _chval.o(.text)
    __aeabi_ul2d                             0x08001097   Thumb Code    24  dfltul.o(.text)
    __decompress                             0x080010af   Thumb Code     0  __dczerorl2.o(.text)
    __decompress1                            0x080010af   Thumb Code    86  __dczerorl2.o(.text)
    ADC_Cmd                                  0x08001105   Thumb Code    22  stm32f10x_adc.o(i.ADC_Cmd)
    ADC_Configuration                        0x0800111d   Thumb Code   132  ntc.o(i.ADC_Configuration)
    ADC_GetCalibrationStatus                 0x080011a9   Thumb Code    20  stm32f10x_adc.o(i.ADC_GetCalibrationStatus)
    ADC_GetConversionValue                   0x080011bd   Thumb Code     8  stm32f10x_adc.o(i.ADC_GetConversionValue)
    ADC_GetFlagStatus                        0x080011c5   Thumb Code    18  stm32f10x_adc.o(i.ADC_GetFlagStatus)
    ADC_GetResetCalibrationStatus            0x080011d7   Thumb Code    20  stm32f10x_adc.o(i.ADC_GetResetCalibrationStatus)
    ADC_Init                                 0x080011ed   Thumb Code    70  stm32f10x_adc.o(i.ADC_Init)
    ADC_RegularChannelConfig                 0x0800123d   Thumb Code   184  stm32f10x_adc.o(i.ADC_RegularChannelConfig)
    ADC_ResetCalibration                     0x080012f5   Thumb Code    10  stm32f10x_adc.o(i.ADC_ResetCalibration)
    ADC_SoftwareStartConvCmd                 0x080012ff   Thumb Code    22  stm32f10x_adc.o(i.ADC_SoftwareStartConvCmd)
    ADC_StartCalibration                     0x08001315   Thumb Code    10  stm32f10x_adc.o(i.ADC_StartCalibration)
    Air_Blower_Child_Ctrl                    0x0800131f   Thumb Code  4826  gui.o(i.Air_Blower_Child_Ctrl)
    Air_Blower_Child_Ctrl_1_Fun              0x080025f9   Thumb Code 27568  gui.o(i.Air_Blower_Child_Ctrl_1_Fun)
    Alarm_Child                              0x080091b5   Thumb Code  3558  gui.o(i.Alarm_Child)
    BKP_DeInit                               0x08009fbd   Thumb Code    16  stm32f10x_bkp.o(i.BKP_DeInit)
    BKP_ReadBackupRegister                   0x08009fcd   Thumb Code    24  stm32f10x_bkp.o(i.BKP_ReadBackupRegister)
    BKP_WriteBackupRegister                  0x08009fe9   Thumb Code    22  stm32f10x_bkp.o(i.BKP_WriteBackupRegister)
    BusFault_Handler                         0x0800a005   Thumb Code     4  stm32f10x_it.o(i.BusFault_Handler)
    DMA1_Channel4_IRQHandler                 0x0800a009   Thumb Code    30  usart1.o(i.DMA1_Channel4_IRQHandler)
    DMA_ClearITPendingBit                    0x0800a02d   Thumb Code    18  stm32f10x_dma.o(i.DMA_ClearITPendingBit)
    DMA_Cmd                                  0x0800a049   Thumb Code    24  stm32f10x_dma.o(i.DMA_Cmd)
    DMA_GetCurrDataCounter                   0x0800a061   Thumb Code     8  stm32f10x_dma.o(i.DMA_GetCurrDataCounter)
    DMA_GetITStatus                          0x0800a069   Thumb Code    36  stm32f10x_dma.o(i.DMA_GetITStatus)
    DMA_ITConfig                             0x0800a095   Thumb Code    18  stm32f10x_dma.o(i.DMA_ITConfig)
    DMA_Init                                 0x0800a0a7   Thumb Code    60  stm32f10x_dma.o(i.DMA_Init)
    DMA_SetCurrDataCounter                   0x0800a0e3   Thumb Code     4  stm32f10x_dma.o(i.DMA_SetCurrDataCounter)
    Data_Change_Child                        0x0800a0e9   Thumb Code  1506  gui.o(i.Data_Change_Child)
    DebugMon_Handler                         0x0800a6d9   Thumb Code     2  stm32f10x_it.o(i.DebugMon_Handler)
    GP8201S_Write                            0x0800a6db   Thumb Code    70  gp8201s.o(i.GP8201S_Write)
    GPIO_Init                                0x0800a721   Thumb Code   278  stm32f10x_gpio.o(i.GPIO_Init)
    GPIO_PinRemapConfig                      0x0800a839   Thumb Code   138  stm32f10x_gpio.o(i.GPIO_PinRemapConfig)
    GPIO_ResetBits                           0x0800a8c9   Thumb Code     4  stm32f10x_gpio.o(i.GPIO_ResetBits)
    GPIO_SetBits                             0x0800a8cd   Thumb Code     4  stm32f10x_gpio.o(i.GPIO_SetBits)
    GUI_Refresh                              0x0800a8d1   Thumb Code  2692  gui.o(i.GUI_Refresh)
    Get_KEY_Value                            0x0800b361   Thumb Code   130  key.o(i.Get_KEY_Value)
    Gui_Drawbmp16                            0x0800b3f1   Thumb Code    90  ui.o(i.Gui_Drawbmp16)
    HC595_CS                                 0x0800b451   Thumb Code    36  74hc595.o(i.HC595_CS)
    HC595_GPIO_Config                        0x0800b479   Thumb Code   140  74hc595.o(i.HC595_GPIO_Config)
    HC595_Send_Byte                          0x0800b511   Thumb Code    78  74hc595.o(i.HC595_Send_Byte)
    HC595_Send_Multi_Byte                    0x0800b569   Thumb Code    36  74hc595.o(i.HC595_Send_Multi_Byte)
    HardFault_Handler                        0x0800b58d   Thumb Code     4  stm32f10x_it.o(i.HardFault_Handler)
    Hz_Ctrl_Child                            0x0800b591   Thumb Code   362  gui.o(i.Hz_Ctrl_Child)
    IIC_Init                                 0x0800b701   Thumb Code    64  gp8201s.o(i.IIC_Init)
    IIC_Send_Byte                            0x0800b74d   Thumb Code    90  gp8201s.o(i.IIC_Send_Byte)
    IIC_Start                                0x0800b7b1   Thumb Code    46  gp8201s.o(i.IIC_Start)
    IIC_Stop                                 0x0800b7e9   Thumb Code    46  gp8201s.o(i.IIC_Stop)
    IIC_Wait_Ack                             0x0800b821   Thumb Code    68  gp8201s.o(i.IIC_Wait_Ack)
    Iot_Child                                0x0800b86d   Thumb Code   188  gui.o(i.Iot_Child)
    Is_Leap_Year                             0x0800b935   Thumb Code    58  rtc.o(i.Is_Leap_Year)
    LCD_Clear                                0x0800b971   Thumb Code   106  lcd.o(i.LCD_Clear)
    LCD_Clear_upper_tail                     0x0800b9e9   Thumb Code    72  lcd.o(i.LCD_Clear_upper_tail)
    LCD_DrawPoint                            0x0800ba39   Thumb Code    92  lcd.o(i.LCD_DrawPoint)
    LCD_Fill                                 0x0800ba9d   Thumb Code    86  ui.o(i.LCD_Fill)
    LCD_GPIOInit                             0x0800baf5   Thumb Code    54  lcd.o(i.LCD_GPIOInit)
    LCD_Init                                 0x0800bb35   Thumb Code   418  lcd.o(i.LCD_Init)
    LCD_RESET                                0x0800bcd9   Thumb Code    30  lcd.o(i.LCD_RESET)
    LCD_SetCursor                            0x0800bcfd   Thumb Code    20  lcd.o(i.LCD_SetCursor)
    LCD_SetWindows                           0x0800bd11   Thumb Code    84  lcd.o(i.LCD_SetWindows)
    LCD_ShowChar                             0x0800bd69   Thumb Code   306  ui.o(i.LCD_ShowChar)
    LCD_ShowString                           0x0800bead   Thumb Code    94  ui.o(i.LCD_ShowString)
    LCD_WR_DATA                              0x0800bf11   Thumb Code    38  lcd.o(i.LCD_WR_DATA)
    LCD_WR_REG                               0x0800bf41   Thumb Code    36  lcd.o(i.LCD_WR_REG)
    LCD_WriteRAM_Prepare                     0x0800bf6d   Thumb Code    12  lcd.o(i.LCD_WriteRAM_Prepare)
    LCD_WriteReg                             0x0800bf7d   Thumb Code    20  lcd.o(i.LCD_WriteReg)
    LCD_direction                            0x0800bf91   Thumb Code   136  lcd.o(i.LCD_direction)
    Lcd_WriteData_16Bit                      0x0800c01d   Thumb Code    72  lcd.o(i.Lcd_WriteData_16Bit)
    Main_Menu_Func                           0x0800c06d   Thumb Code  1662  gui.o(i.Main_Menu_Func)
    Main_UI                                  0x0800c6ed   Thumb Code  3304  gui.o(i.Main_UI)
    MemManage_Handler                        0x0800d3ed   Thumb Code     4  stm32f10x_it.o(i.MemManage_Handler)
    NMI_Handler                              0x0800d3f1   Thumb Code     2  stm32f10x_it.o(i.NMI_Handler)
    NVIC_Init                                0x0800d3f5   Thumb Code   100  misc.o(i.NVIC_Init)
    NVIC_PriorityGroupConfig                 0x0800d465   Thumb Code    10  misc.o(i.NVIC_PriorityGroupConfig)
    PWR_BackupAccessCmd                      0x0800d479   Thumb Code     6  stm32f10x_pwr.o(i.PWR_BackupAccessCmd)
    PendSV_Handler                           0x0800d485   Thumb Code     2  stm32f10x_it.o(i.PendSV_Handler)
    RCC_ADCCLKConfig                         0x0800d489   Thumb Code    18  stm32f10x_rcc.o(i.RCC_ADCCLKConfig)
    RCC_AHBPeriphClockCmd                    0x0800d4a1   Thumb Code    26  stm32f10x_rcc.o(i.RCC_AHBPeriphClockCmd)
    RCC_APB1PeriphClockCmd                   0x0800d4c1   Thumb Code    26  stm32f10x_rcc.o(i.RCC_APB1PeriphClockCmd)
    RCC_APB1PeriphResetCmd                   0x0800d4e1   Thumb Code    26  stm32f10x_rcc.o(i.RCC_APB1PeriphResetCmd)
    RCC_APB2PeriphClockCmd                   0x0800d501   Thumb Code    26  stm32f10x_rcc.o(i.RCC_APB2PeriphClockCmd)
    RCC_APB2PeriphResetCmd                   0x0800d521   Thumb Code    26  stm32f10x_rcc.o(i.RCC_APB2PeriphResetCmd)
    RCC_BackupResetCmd                       0x0800d541   Thumb Code     6  stm32f10x_rcc.o(i.RCC_BackupResetCmd)
    RCC_GetClocksFreq                        0x0800d54d   Thumb Code   192  stm32f10x_rcc.o(i.RCC_GetClocksFreq)
    RCC_GetFlagStatus                        0x0800d625   Thumb Code    56  stm32f10x_rcc.o(i.RCC_GetFlagStatus)
    RCC_LSEConfig                            0x0800d661   Thumb Code    46  stm32f10x_rcc.o(i.RCC_LSEConfig)
    RCC_RTCCLKCmd                            0x0800d695   Thumb Code     6  stm32f10x_rcc.o(i.RCC_RTCCLKCmd)
    RCC_RTCCLKConfig                         0x0800d6a1   Thumb Code    12  stm32f10x_rcc.o(i.RCC_RTCCLKConfig)
    RTC_ClearITPendingBit                    0x0800d6b1   Thumb Code    12  stm32f10x_rtc.o(i.RTC_ClearITPendingBit)
    RTC_EnterConfigMode                      0x0800d6c1   Thumb Code    14  stm32f10x_rtc.o(i.RTC_EnterConfigMode)
    RTC_ExitConfigMode                       0x0800d6d5   Thumb Code    16  stm32f10x_rtc.o(i.RTC_ExitConfigMode)
    RTC_Get                                  0x0800d6e9   Thumb Code   240  rtc.o(i.RTC_Get)
    RTC_GetCounter                           0x0800d7e9   Thumb Code    16  stm32f10x_rtc.o(i.RTC_GetCounter)
    RTC_GetITStatus                          0x0800d7fd   Thumb Code    32  stm32f10x_rtc.o(i.RTC_GetITStatus)
    RTC_Get_Week                             0x0800d821   Thumb Code   116  rtc.o(i.RTC_Get_Week)
    RTC_IRQHandler                           0x0800d899   Thumb Code  1190  rtc.o(i.RTC_IRQHandler)
    RTC_ITConfig                             0x0800dd69   Thumb Code    26  stm32f10x_rtc.o(i.RTC_ITConfig)
    RTC_Init                                 0x0800dd89   Thumb Code   192  rtc.o(i.RTC_Init)
    RTC_Set                                  0x0800de69   Thumb Code   184  rtc.o(i.RTC_Set)
    RTC_SetCounter                           0x0800df31   Thumb Code    24  stm32f10x_rtc.o(i.RTC_SetCounter)
    RTC_SetPrescaler                         0x0800df4d   Thumb Code    26  stm32f10x_rtc.o(i.RTC_SetPrescaler)
    RTC_WaitForLastTask                      0x0800df6d   Thumb Code    16  stm32f10x_rtc.o(i.RTC_WaitForLastTask)
    RTC_WaitForSynchro                       0x0800df81   Thumb Code    30  stm32f10x_rtc.o(i.RTC_WaitForSynchro)
    Read_Temperature                         0x0800dfa5   Thumb Code   254  ntc.o(i.Read_Temperature)
    SDA_IN                                   0x0800e0cd   Thumb Code    24  gp8201s.o(i.SDA_IN)
    SDA_OUT                                  0x0800e0e9   Thumb Code    30  gp8201s.o(i.SDA_OUT)
    SPI2_Init                                0x0800e10d   Thumb Code   124  spi.o(i.SPI2_Init)
    SPI_Cmd                                  0x0800e191   Thumb Code    24  stm32f10x_spi.o(i.SPI_Cmd)
    SPI_Init                                 0x0800e1a9   Thumb Code    60  stm32f10x_spi.o(i.SPI_Init)
    SPI_WriteByte                            0x0800e1e5   Thumb Code    38  spi.o(i.SPI_WriteByte)
    SVC_Handler                              0x0800e211   Thumb Code     2  stm32f10x_it.o(i.SVC_Handler)
    SysTick_CLKSourceConfig                  0x0800e2fd   Thumb Code    40  misc.o(i.SysTick_CLKSourceConfig)
    SysTick_Handler                          0x0800e325   Thumb Code     2  stm32f10x_it.o(i.SysTick_Handler)
    SystemInit                               0x0800e329   Thumb Code    78  system_stm32f10x.o(i.SystemInit)
    TIM1_Int_Init                            0x0800e389   Thumb Code    94  timer.o(i.TIM1_Int_Init)
    TIM1_UP_IRQHandler                       0x0800e3ed   Thumb Code  1196  timer.o(i.TIM1_UP_IRQHandler)
    TIM2_IRQHandler                          0x0800e8a9   Thumb Code   920  timer.o(i.TIM2_IRQHandler)
    TIM2_Int_Init                            0x0800ec65   Thumb Code   100  timer.o(i.TIM2_Int_Init)
    TIM3_IRQHandler                          0x0800ecc9   Thumb Code  1798  timer.o(i.TIM3_IRQHandler)
    TIM3_Int_Init                            0x0800f3f9   Thumb Code    98  timer.o(i.TIM3_Int_Init)
    TIM4_IRQHandler                          0x0800f461   Thumb Code    26  mb_port.o(i.TIM4_IRQHandler)
    TIM_ARRPreloadConfig                     0x0800f481   Thumb Code    24  stm32f10x_tim.o(i.TIM_ARRPreloadConfig)
    TIM_ClearITPendingBit                    0x0800f499   Thumb Code     6  stm32f10x_tim.o(i.TIM_ClearITPendingBit)
    TIM_Cmd                                  0x0800f49f   Thumb Code    24  stm32f10x_tim.o(i.TIM_Cmd)
    TIM_GetITStatus                          0x0800f4b7   Thumb Code    34  stm32f10x_tim.o(i.TIM_GetITStatus)
    TIM_ITConfig                             0x0800f4d9   Thumb Code    18  stm32f10x_tim.o(i.TIM_ITConfig)
    TIM_SetCounter                           0x0800f4eb   Thumb Code     4  stm32f10x_tim.o(i.TIM_SetCounter)
    TIM_TimeBaseInit                         0x0800f4f1   Thumb Code   122  stm32f10x_tim.o(i.TIM_TimeBaseInit)
    Time_Child                               0x0800f595   Thumb Code  4804  gui.o(i.Time_Child)
    UART3DMA_Init                            0x08010871   Thumb Code   168  usart1.o(i.UART3DMA_Init)
    UART3_Init                               0x08010929   Thumb Code   190  usart1.o(i.UART3_Init)
    UART3_Puts                               0x080109f1   Thumb Code    60  usart1.o(i.UART3_Puts)
    USART1_IRQHandler                        0x08010a35   Thumb Code    78  usart1.o(i.USART1_IRQHandler)
    USART3_IRQHandler                        0x08010a99   Thumb Code   106  mb_port.o(i.USART3_IRQHandler)
    USART_ClearFlag                          0x08010b0d   Thumb Code    18  stm32f10x_usart.o(i.USART_ClearFlag)
    USART_ClearITPendingBit                  0x08010b1f   Thumb Code    30  stm32f10x_usart.o(i.USART_ClearITPendingBit)
    USART_Cmd                                0x08010b3d   Thumb Code    24  stm32f10x_usart.o(i.USART_Cmd)
    USART_DMACmd                             0x08010b55   Thumb Code    18  stm32f10x_usart.o(i.USART_DMACmd)
    USART_DeInit                             0x08010b69   Thumb Code   134  stm32f10x_usart.o(i.USART_DeInit)
    USART_GetFlagStatus                      0x08010c05   Thumb Code    26  stm32f10x_usart.o(i.USART_GetFlagStatus)
    USART_GetITStatus                        0x08010c1f   Thumb Code    84  stm32f10x_usart.o(i.USART_GetITStatus)
    USART_ITConfig                           0x08010c73   Thumb Code    74  stm32f10x_usart.o(i.USART_ITConfig)
    USART_Init                               0x08010cbd   Thumb Code   210  stm32f10x_usart.o(i.USART_Init)
    USART_ReceiveData                        0x08010d95   Thumb Code    10  stm32f10x_usart.o(i.USART_ReceiveData)
    USART_SendData                           0x08010d9f   Thumb Code     8  stm32f10x_usart.o(i.USART_SendData)
    UsageFault_Handler                       0x08010da7   Thumb Code     4  stm32f10x_it.o(i.UsageFault_Handler)
    __0printf                                0x08010dad   Thumb Code    22  printfa.o(i.__0printf)
    __1printf                                0x08010dad   Thumb Code     0  printfa.o(i.__0printf)
    __2printf                                0x08010dad   Thumb Code     0  printfa.o(i.__0printf)
    __c89printf                              0x08010dad   Thumb Code     0  printfa.o(i.__0printf)
    printf                                   0x08010dad   Thumb Code     0  printfa.o(i.__0printf)
    __0snprintf                              0x08010dcd   Thumb Code    44  printfa.o(i.__0snprintf)
    __1snprintf                              0x08010dcd   Thumb Code     0  printfa.o(i.__0snprintf)
    __2snprintf                              0x08010dcd   Thumb Code     0  printfa.o(i.__0snprintf)
    __c89snprintf                            0x08010dcd   Thumb Code     0  printfa.o(i.__0snprintf)
    snprintf                                 0x08010dcd   Thumb Code     0  printfa.o(i.__0snprintf)
    __0sprintf                               0x08010dfd   Thumb Code    34  printfa.o(i.__0sprintf)
    __1sprintf                               0x08010dfd   Thumb Code     0  printfa.o(i.__0sprintf)
    __2sprintf                               0x08010dfd   Thumb Code     0  printfa.o(i.__0sprintf)
    __c89sprintf                             0x08010dfd   Thumb Code     0  printfa.o(i.__0sprintf)
    sprintf                                  0x08010dfd   Thumb Code     0  printfa.o(i.__0sprintf)
    __0vsnprintf                             0x08010e25   Thumb Code    40  printfa.o(i.__0vsnprintf)
    __1vsnprintf                             0x08010e25   Thumb Code     0  printfa.o(i.__0vsnprintf)
    __2vsnprintf                             0x08010e25   Thumb Code     0  printfa.o(i.__0vsnprintf)
    __c89vsnprintf                           0x08010e25   Thumb Code     0  printfa.o(i.__0vsnprintf)
    vsnprintf                                0x08010e25   Thumb Code     0  printfa.o(i.__0vsnprintf)
    __0vsprintf                              0x08010e51   Thumb Code    30  printfa.o(i.__0vsprintf)
    __1vsprintf                              0x08010e51   Thumb Code     0  printfa.o(i.__0vsprintf)
    __2vsprintf                              0x08010e51   Thumb Code     0  printfa.o(i.__0vsprintf)
    __c89vsprintf                            0x08010e51   Thumb Code     0  printfa.o(i.__0vsprintf)
    vsprintf                                 0x08010e51   Thumb Code     0  printfa.o(i.__0vsprintf)
    __ARM_common_switch8                     0x08010e75   Thumb Code    26  hashtable.o(i.__ARM_common_switch8)
    __ARM_isinf                              0x08010e8f   Thumb Code    22  value.o(i.__ARM_isinf)
    __ARM_isnan                              0x08010ea5   Thumb Code    20  value.o(i.__ARM_isnan)
    __aeabi_errno_addr                       0x08010ebd   Thumb Code     4  errno.o(i.__aeabi_errno_addr)
    __rt_errno_addr                          0x08010ebd   Thumb Code     0  errno.o(i.__aeabi_errno_addr)
    __kernel_poly                            0x08010ec5   Thumb Code   170  poly.o(i.__kernel_poly)
    __mathlib_dbl_divzero                    0x08010f71   Thumb Code    12  dunder.o(i.__mathlib_dbl_divzero)
    __mathlib_dbl_infnan                     0x08010f81   Thumb Code     6  dunder.o(i.__mathlib_dbl_infnan)
    __mathlib_dbl_invalid                    0x08010f87   Thumb Code    12  dunder.o(i.__mathlib_dbl_invalid)
    __scatterload_copy                       0x08010f93   Thumb Code    14  handlers.o(i.__scatterload_copy)
    __scatterload_null                       0x08010fa1   Thumb Code     2  handlers.o(i.__scatterload_null)
    __scatterload_zeroinit                   0x08010fa3   Thumb Code    14  handlers.o(i.__scatterload_zeroinit)
    __set_errno                              0x08010fb1   Thumb Code     6  errno.o(i.__set_errno)
    _is_digit                                0x08011141   Thumb Code    14  scanf_fp.o(i._is_digit)
    delay_init                               0x08011919   Thumb Code    50  delay.o(i.delay_init)
    delay_ms                                 0x0801195d   Thumb Code    72  delay.o(i.delay_ms)
    delay_us                                 0x080119a9   Thumb Code    72  delay.o(i.delay_us)
    fputc                                    0x08011ab5   Thumb Code    32  usart1.o(i.fputc)
    free                                     0x08011ad9   Thumb Code    76  malloc.o(i.free)
    fresh_page                               0x08011b29   Thumb Code    22  gui.o(i.fresh_page)
    get_temperature                          0x08011b41   Thumb Code    46  timer.o(i.get_temperature)
    hashtable_close                          0x08011cc9   Thumb Code    16  hashtable.o(i.hashtable_close)
    hashtable_get                            0x08011dad   Thumb Code    58  hashtable.o(i.hashtable_get)
    hashtable_init                           0x08011ded   Thumb Code    72  hashtable.o(i.hashtable_init)
    hashtable_set                            0x08011e35   Thumb Code   168  hashtable.o(i.hashtable_set)
    json_array                               0x08011f0b   Thumb Code    54  value.o(i.json_array)
    json_array_append_new                    0x08011f41   Thumb Code    68  value.o(i.json_array_append_new)
    json_delete                              0x0801201d   Thumb Code    84  value.o(i.json_delete)
    json_false                               0x08012071   Thumb Code     4  value.o(i.json_false)
    json_integer                             0x08012089   Thumb Code    28  value.o(i.json_integer)
    json_integer_value                       0x080120a5   Thumb Code    24  value.o(i.json_integer_value)
    json_loads                               0x080120bd   Thumb Code    82  load.o(i.json_loads)
    json_null                                0x08012131   Thumb Code     4  value.o(i.json_null)
    json_object                              0x08012139   Thumb Code    70  value.o(i.json_object)
    json_object_get                          0x08012185   Thumb Code    28  value.o(i.json_object_get)
    json_object_seed                         0x080121a1   Thumb Code    34  hashtable_seed.o(i.json_object_seed)
    json_object_set_new_nocheck              0x080121c9   Thumb Code    58  value.o(i.json_object_set_new_nocheck)
    json_real                                0x08012209   Thumb Code    52  value.o(i.json_real)
    json_true                                0x0801223d   Thumb Code     4  value.o(i.json_true)
    jsonp_error_init                         0x08012245   Thumb Code    34  error.o(i.jsonp_error_init)
    jsonp_error_set                          0x08012267   Thumb Code    16  error.o(i.jsonp_error_set)
    jsonp_error_set_source                   0x08012279   Thumb Code    56  error.o(i.jsonp_error_set_source)
    jsonp_error_vset                         0x080122b5   Thumb Code    44  error.o(i.jsonp_error_vset)
    jsonp_free                               0x080122e1   Thumb Code    12  memory.o(i.jsonp_free)
    jsonp_malloc                             0x080122f1   Thumb Code    12  memory.o(i.jsonp_malloc)
    jsonp_stringn_nocheck_own                0x08012301   Thumb Code    10  value.o(i.jsonp_stringn_nocheck_own)
    jsonp_strndup                            0x0801230b   Thumb Code    36  memory.o(i.jsonp_strndup)
    jsonp_strtod                             0x08012331   Thumb Code    90  strconv.o(i.jsonp_strtod)
    list_change                              0x08012997   Thumb Code    46  timer.o(i.list_change)
    list_change_end                          0x080129c5   Thumb Code    32  timer.o(i.list_change_end)
    log                                      0x080129f5   Thumb Code   808  log.o(i.log)
    main                                     0x08012d51   Thumb Code  7256  main.o(i.main)
    malloc                                   0x08014a8d   Thumb Code    92  malloc.o(i.malloc)
    mb_crc16                                 0x08014af9   Thumb Code    48  mb_crc.o(i.mb_crc16)
    mb_port_getchar                          0x08014b31   Thumb Code    14  mb_port.o(i.mb_port_getchar)
    mb_port_putchar                          0x08014b45   Thumb Code    28  mb_port.o(i.mb_port_putchar)
    mb_port_timerDisable                     0x08014b65   Thumb Code    38  mb_port.o(i.mb_port_timerDisable)
    mb_port_timerEnable                      0x08014b91   Thumb Code    38  mb_port.o(i.mb_port_timerEnable)
    mb_port_timerInit                        0x08014bbd   Thumb Code   144  mb_port.o(i.mb_port_timerInit)
    mb_port_uartEnable                       0x08014c59   Thumb Code    84  mb_port.o(i.mb_port_uartEnable)
    mb_port_uartInit                         0x08014cb5   Thumb Code   270  mb_port.o(i.mb_port_uartInit)
    mbh_exec                                 0x08014dcd   Thumb Code   150  mb_host.o(i.mbh_exec)
    mbh_hook_rec01                           0x08014e63   Thumb Code     2  mb_hook.o(i.mbh_hook_rec01)
    mbh_hook_rec02                           0x08014e65   Thumb Code     2  mb_hook.o(i.mbh_hook_rec02)
    mbh_hook_rec03                           0x08014e69   Thumb Code    76  mb_hook.o(i.mbh_hook_rec03)
    mbh_hook_rec04                           0x08014ec5   Thumb Code     2  mb_hook.o(i.mbh_hook_rec04)
    mbh_hook_rec05                           0x08014ec7   Thumb Code     2  mb_hook.o(i.mbh_hook_rec05)
    mbh_hook_rec06                           0x08014ec9   Thumb Code     2  mb_hook.o(i.mbh_hook_rec06)
    mbh_hook_rec15                           0x08014ecb   Thumb Code     2  mb_hook.o(i.mbh_hook_rec15)
    mbh_hook_rec16                           0x08014ecd   Thumb Code     2  mb_hook.o(i.mbh_hook_rec16)
    mbh_hook_timesErr                        0x08014ed1   Thumb Code    10  mb_hook.o(i.mbh_hook_timesErr)
    mbh_init                                 0x08014ee1   Thumb Code    22  mb_host.o(i.mbh_init)
    mbh_poll                                 0x08014ef9   Thumb Code   210  mb_host.o(i.mbh_poll)
    mbh_send                                 0x08014fd1   Thumb Code   118  mb_host.o(i.mbh_send)
    mbh_timer3T5Isr                          0x0801504d   Thumb Code    88  mb_host.o(i.mbh_timer3T5Isr)
    mbh_uartRxIsr                            0x080150a9   Thumb Code   124  mb_host.o(i.mbh_uartRxIsr)
    mbh_uartTxIsr                            0x08015129   Thumb Code    92  mb_host.o(i.mbh_uartTxIsr)
    middleValueFilter                        0x08015189   Thumb Code   154  timer.o(i.middleValueFilter)
    seed_from_timestamp_and_pid              0x0801560d   Thumb Code     6  jansson_config.o(i.seed_from_timestamp_and_pid)
    show_4g                                  0x08015615   Thumb Code   112  ui.o(i.show_4g)
    showdigit_color                          0x08015689   Thumb Code   114  ui.o(i.showdigit_color)
    showhanzi                                0x08015701   Thumb Code   110  ui.o(i.showhanzi)
    showhanzi_1                              0x08015775   Thumb Code   112  ui.o(i.showhanzi_1)
    showhanzi_color                          0x080157e9   Thumb Code   114  ui.o(i.showhanzi_color)
    strbuffer_append_byte                    0x08015861   Thumb Code    12  strbuffer.o(i.strbuffer_append_byte)
    strbuffer_append_bytes                   0x0801586d   Thumb Code   108  strbuffer.o(i.strbuffer_append_bytes)
    strbuffer_clear                          0x080158dd   Thumb Code    10  strbuffer.o(i.strbuffer_clear)
    strbuffer_close                          0x080158e7   Thumb Code    24  strbuffer.o(i.strbuffer_close)
    strbuffer_init                           0x080158ff   Thumb Code    34  strbuffer.o(i.strbuffer_init)
    strbuffer_pop                            0x08015921   Thumb Code    24  strbuffer.o(i.strbuffer_pop)
    strbuffer_value                          0x08015939   Thumb Code     4  strbuffer.o(i.strbuffer_value)
    strtod                                   0x08015ac1   Thumb Code    28  strtod.o(i.strtod)
    utf8_check_first                         0x08015add   Thumb Code    60  utf.o(i.utf8_check_first)
    utf8_check_full                          0x08015b19   Thumb Code   126  utf.o(i.utf8_check_full)
    utf8_encode                              0x08015ba1   Thumb Code   120  utf.o(i.utf8_encode)
    table_week                               0x08015c1c   Data          12  rtc.o(.constdata)
    mon_table                                0x08015c28   Data          12  rtc.o(.constdata)
    gImage_1                                 0x08015c34   Data        2048  gui.o(.constdata)
    gImage_2                                 0x08016434   Data        2048  gui.o(.constdata)
    gImage_3                                 0x08016c34   Data        2048  gui.o(.constdata)
    gImage_4                                 0x08017434   Data        2048  gui.o(.constdata)
    gImage_88                                0x08017c34   Data        8192  gui.o(.constdata)
    asc2_1206                                0x08019c34   Data        1140  ui.o(.constdata)
    asc2_1608                                0x0801a0a8   Data        1520  ui.o(.constdata)
    hanzi                                    0x0801a698   Data       14720  ui.o(.constdata)
    __mathlib_zero                           0x0801e250   Data           8  qnan.o(.constdata)
    __ctype_table                            0x0801e258   Data         129  ctype_o.o(.constdata)
    Region$$Table$$Base                      0x0801e340   Number         0  anon$$obj.o(Region$$Table)
    Region$$Table$$Limit                     0x0801e360   Number         0  anon$$obj.o(Region$$Table)
    network_flag                             0x20000000   Data           1  main.o(.data)
    register_flag                            0x20000001   Data           1  main.o(.data)
    mqtt_flag                                0x20000002   Data           1  main.o(.data)
    relay_Control                            0x20000003   Data           2  main.o(.data)
    relay1_Control_1                         0x20000005   Data           2  main.o(.data)
    addr                                     0x20000007   Data           1  main.o(.data)
    addr_flag                                0x20000008   Data           1  main.o(.data)
    SystemCoreClock                          0x2000000c   Data           4  system_stm32f10x.o(.data)
    AHBPrescTable                            0x20000010   Data          16  system_stm32f10x.o(.data)
    TIM3_Counter_10s                         0x20000038   Data           2  timer.o(.data)
    TIM3_flag                                0x2000003a   Data           1  timer.o(.data)
    TIM4_Counter_10s                         0x2000003c   Data           2  timer.o(.data)
    TIM4_flag                                0x2000003e   Data           1  timer.o(.data)
    TIM5_Counter_10s                         0x20000040   Data           2  timer.o(.data)
    TIM5_flag                                0x20000042   Data           1  timer.o(.data)
    TIM1_Counter                             0x20000043   Data           1  timer.o(.data)
    TIM1_flag                                0x20000044   Data           1  timer.o(.data)
    Heartbeat_Counter_1s                     0x20000045   Data           1  timer.o(.data)
    Heartbeat_flag                           0x20000046   Data           1  timer.o(.data)
    temperature1                             0x20000048   Data           4  timer.o(.data)
    temperature2                             0x2000004c   Data           4  timer.o(.data)
    temperature3                             0x20000050   Data           4  timer.o(.data)
    average_temp                             0x20000054   Data           4  timer.o(.data)
    relay_structure                          0x200000d4   Data         440  gui.o(.data)
    warn_flag                                0x2000028c   Data           1  gui.o(.data)
    warn_temp1_flag                          0x2000028d   Data           1  gui.o(.data)
    warn_temp2_flag                          0x2000028e   Data           1  gui.o(.data)
    warn_temp3_flag                          0x2000028f   Data           1  gui.o(.data)
    limit_temp_maxvalue                      0x20000290   Data           1  gui.o(.data)
    limit_temp_minvalue                      0x20000291   Data           1  gui.o(.data)
    NH3_warn_flag                            0x20000292   Data           1  gui.o(.data)
    NH3_max                                  0x20000293   Data           1  gui.o(.data)
    temp1_correct                            0x20000294   Data           4  gui.o(.data)
    temp2_correct                            0x20000298   Data           4  gui.o(.data)
    temp3_correct                            0x2000029c   Data           4  gui.o(.data)
    ctrl_ui                                  0x200002a8   Data           1  gui.o(.data)
    out_voltage                              0x200002a9   Data           1  gui.o(.data)
    send_MQTT_Flag                           0x200002c2   Data           1  gui.o(.data)
    send_warn_Flag                           0x200002c3   Data           1  gui.o(.data)
    table                                    0x200002c4   Data         300  gui.o(.data)
    POINT_COLOR                              0x20000400   Data           2  lcd.o(.data)
    BACK_COLOR                               0x20000402   Data           2  lcd.o(.data)
    DeviceCode                               0x20000404   Data           2  lcd.o(.data)
    asc_32016                                0x20000406   Data        1152  ui.o(.data)
    g4                                       0x20000886   Data         128  ui.o(.data)
    UART3_RxCounter                          0x2000090c   Data           4  usart1.o(.data)
    send_NH3                                 0x20000910   Data           2  mb_hook.o(.data)
    send_TEMP                                0x20000912   Data           2  mb_hook.o(.data)
    send_RH                                  0x20000914   Data           2  mb_hook.o(.data)
    send_CO2                                 0x20000918   Data           4  mb_hook.o(.data)
    hashtable_seed                           0x2000093c   Data           4  hashtable_seed.o(.data)
    __stdout                                 0x20000944   Data           4  stdout.o(.data)
    __microlib_freelist                      0x20000948   Data           4  mvars.o(.data)
    __microlib_freelist_initialised          0x2000094c   Data           4  mvars.o(.data)
    flash_data                               0x20000950   Data           9  main.o(.bss)
    userData                                 0x20000959   Data         150  main.o(.bss)
    calendar                                 0x20000bec   Data          10  rtc.o(.bss)
    imei_no                                  0x20000bf6   Data          16  gui.o(.bss)
    lcddev                                   0x20000c06   Data          14  lcd.o(.bss)
    UART3_RxBuff                             0x20000c14   Data        1024  usart1.o(.bss)
    UART3_TxBuff                             0x20001014   Data        1024  usart1.o(.bss)
    MQTT_RxDataBuf                           0x20001414   Data        1024  usart1.o(.bss)
    mbHost                                   0x20001814   Data         516  mb_host.o(.bss)
    __heap_base                              0x20001a18   Data           0  startup_stm32f10x_md.o(HEAP)
    __heap_limit                             0x20002218   Data           0  startup_stm32f10x_md.o(HEAP)
    __initial_sp                             0x20003218   Data           0  startup_stm32f10x_md.o(STACK)



==============================================================================

Memory Map of the image

  Image Entry point : 0x080000ed

  Load Region LR_IROM1 (Base: 0x08000000, Size: 0x0001ecb0, Max: 0x00020000, ABSOLUTE, COMPRESSED[0x0001e6a4])

    Execution Region ER_IROM1 (Exec base: 0x08000000, Load base: 0x08000000, Size: 0x0001e360, Max: 0x00020000, ABSOLUTE)

    Exec Addr    Load Addr    Size         Type   Attr      Idx    E Section Name        Object

    0x08000000   0x08000000   0x000000ec   Data   RO          313    RESET               startup_stm32f10x_md.o
    0x080000ec   0x080000ec   0x00000000   Code   RO         5324  * .ARM.Collect$$$$00000000  mc_w.l(entry.o)
    0x080000ec   0x080000ec   0x00000004   Code   RO         5724    .ARM.Collect$$$$00000001  mc_w.l(entry2.o)
    0x080000f0   0x080000f0   0x00000004   Code   RO         5727    .ARM.Collect$$$$00000004  mc_w.l(entry5.o)
    0x080000f4   0x080000f4   0x00000000   Code   RO         5729    .ARM.Collect$$$$00000008  mc_w.l(entry7b.o)
    0x080000f4   0x080000f4   0x00000000   Code   RO         5731    .ARM.Collect$$$$0000000A  mc_w.l(entry8b.o)
    0x080000f4   0x080000f4   0x00000008   Code   RO         5732    .ARM.Collect$$$$0000000B  mc_w.l(entry9a.o)
    0x080000fc   0x080000fc   0x00000000   Code   RO         5734    .ARM.Collect$$$$0000000D  mc_w.l(entry10a.o)
    0x080000fc   0x080000fc   0x00000000   Code   RO         5736    .ARM.Collect$$$$0000000F  mc_w.l(entry11a.o)
    0x080000fc   0x080000fc   0x00000004   Code   RO         5725    .ARM.Collect$$$$00002712  mc_w.l(entry2.o)
    0x08000100   0x08000100   0x00000024   Code   RO          314    .text               startup_stm32f10x_md.o
    0x08000124   0x08000124   0x0000002c   Code   RO         5343    .text               mc_w.l(uidiv.o)
    0x08000150   0x08000150   0x00000040   Code   RO         5349    .text               mc_w.l(memmovea.o)
    0x08000190   0x08000190   0x00000024   Code   RO         5351    .text               mc_w.l(memseta.o)
    0x080001b4   0x080001b4   0x00000024   Code   RO         5353    .text               mc_w.l(strstr.o)
    0x080001d8   0x080001d8   0x00000018   Code   RO         5355    .text               mc_w.l(strncpy.o)
    0x080001f0   0x080001f0   0x0000000e   Code   RO         5359    .text               mc_w.l(strlen.o)
    0x080001fe   0x080001fe   0x0000001c   Code   RO         5361    .text               mc_w.l(strcmp.o)
    0x0800021a   0x0800021a   0x00000014   Code   RO         5363    .text               mc_w.l(memchr.o)
    0x0800022e   0x0800022e   0x00000012   Code   RO         5367    .text               mc_w.l(strcpy.o)
    0x08000240   0x08000240   0x00000004   Code   RO         5671    .text               mc_w.l(strtoll.o)
    0x08000244   0x08000244   0x000000b0   Code   RO         5673    .text               mf_w.l(fadd.o)
    0x080002f4   0x080002f4   0x00000064   Code   RO         5675    .text               mf_w.l(fmul.o)
    0x08000358   0x08000358   0x0000007c   Code   RO         5677    .text               mf_w.l(fdiv.o)
    0x080003d4   0x080003d4   0x0000014e   Code   RO         5679    .text               mf_w.l(dadd.o)
    0x08000522   0x08000522   0x000000e4   Code   RO         5681    .text               mf_w.l(dmul.o)
    0x08000606   0x08000606   0x000000de   Code   RO         5683    .text               mf_w.l(ddiv.o)
    0x080006e4   0x080006e4   0x00000012   Code   RO         5685    .text               mf_w.l(fflti.o)
    0x080006f6   0x080006f6   0x0000000a   Code   RO         5687    .text               mf_w.l(ffltui.o)
    0x08000700   0x08000700   0x00000032   Code   RO         5691    .text               mf_w.l(ffixi.o)
    0x08000732   0x08000732   0x00000028   Code   RO         5693    .text               mf_w.l(ffixui.o)
    0x0800075a   0x0800075a   0x00000026   Code   RO         5695    .text               mf_w.l(f2d.o)
    0x08000780   0x08000780   0x00000030   Code   RO         5697    .text               mf_w.l(cdcmple.o)
    0x080007b0   0x080007b0   0x00000030   Code   RO         5699    .text               mf_w.l(cdrcmple.o)
    0x080007e0   0x080007e0   0x00000038   Code   RO         5701    .text               mf_w.l(d2f.o)
    0x08000818   0x08000818   0x00000014   Code   RO         5703    .text               mf_w.l(cfcmple.o)
    0x0800082c   0x0800082c   0x00000014   Code   RO         5705    .text               mf_w.l(cfrcmple.o)
    0x08000840   0x08000840   0x00000062   Code   RO         5740    .text               mc_w.l(uldiv.o)
    0x080008a2   0x080008a2   0x0000001e   Code   RO         5742    .text               mc_w.l(llshl.o)
    0x080008c0   0x080008c0   0x00000024   Code   RO         5744    .text               mc_w.l(llsshr.o)
    0x080008e4   0x080008e4   0x0000009c   Code   RO         5748    .text               mc_w.l(strtod.o)
    0x08000980   0x08000980   0x00000090   Code   RO         5750    .text               mc_w.l(__strtoll.o)
    0x08000a10   0x08000a10   0x00000000   Code   RO         5752    .text               mc_w.l(iusefp.o)
    0x08000a10   0x08000a10   0x0000006e   Code   RO         5754    .text               mf_w.l(fepilogue.o)
    0x08000a7e   0x08000a7e   0x000000ba   Code   RO         5756    .text               mf_w.l(depilogue.o)
    0x08000b38   0x08000b38   0x0000002e   Code   RO         5758    .text               mf_w.l(dscalb.o)
    0x08000b66   0x08000b66   0x00000022   Code   RO         5760    .text               mf_w.l(dflti.o)
    0x08000b88   0x08000b88   0x00000030   Code   RO         5762    .text               mf_w.l(dfixul.o)
    0x08000bb8   0x08000bb8   0x00000024   Code   RO         5764    .text               mc_w.l(init.o)
    0x08000bdc   0x08000bdc   0x00000020   Code   RO         5766    .text               mc_w.l(llushr.o)
    0x08000bfc   0x08000bfc   0x00000008   Code   RO         5770    .text               mc_w.l(ctype_o.o)
    0x08000c04   0x08000c04   0x00000012   Code   RO         5792    .text               mc_w.l(isspace_o.o)
    0x08000c16   0x08000c16   0x00000002   PAD
    0x08000c18   0x08000c18   0x00000360   Code   RO         5798    .text               mc_w.l(scanf_fp.o)
    0x08000f78   0x08000f78   0x00000040   Code   RO         5802    .text               mc_w.l(_sgetc.o)
    0x08000fb8   0x08000fb8   0x000000c2   Code   RO         5804    .text               mc_w.l(_strtoull.o)
    0x0800107a   0x0800107a   0x0000001c   Code   RO         5809    .text               mc_w.l(_chval.o)
    0x08001096   0x08001096   0x00000018   Code   RO         5811    .text               mf_w.l(dfltul.o)
    0x080010ae   0x080010ae   0x00000056   Code   RO         5821    .text               mc_w.l(__dczerorl2.o)
    0x08001104   0x08001104   0x00000016   Code   RO          360    i.ADC_Cmd           stm32f10x_adc.o
    0x0800111a   0x0800111a   0x00000002   PAD
    0x0800111c   0x0800111c   0x0000008c   Code   RO         3481    i.ADC_Configuration  ntc.o
    0x080011a8   0x080011a8   0x00000014   Code   RO          368    i.ADC_GetCalibrationStatus  stm32f10x_adc.o
    0x080011bc   0x080011bc   0x00000008   Code   RO          369    i.ADC_GetConversionValue  stm32f10x_adc.o
    0x080011c4   0x080011c4   0x00000012   Code   RO          371    i.ADC_GetFlagStatus  stm32f10x_adc.o
    0x080011d6   0x080011d6   0x00000014   Code   RO          374    i.ADC_GetResetCalibrationStatus  stm32f10x_adc.o
    0x080011ea   0x080011ea   0x00000002   PAD
    0x080011ec   0x080011ec   0x00000050   Code   RO          378    i.ADC_Init          stm32f10x_adc.o
    0x0800123c   0x0800123c   0x000000b8   Code   RO          382    i.ADC_RegularChannelConfig  stm32f10x_adc.o
    0x080012f4   0x080012f4   0x0000000a   Code   RO          383    i.ADC_ResetCalibration  stm32f10x_adc.o
    0x080012fe   0x080012fe   0x00000016   Code   RO          385    i.ADC_SoftwareStartConvCmd  stm32f10x_adc.o
    0x08001314   0x08001314   0x0000000a   Code   RO          387    i.ADC_StartCalibration  stm32f10x_adc.o
    0x0800131e   0x0800131e   0x000012da   Code   RO         3545    i.Air_Blower_Child_Ctrl  gui.o
    0x080025f8   0x080025f8   0x00006bbc   Code   RO         3546    i.Air_Blower_Child_Ctrl_1_Fun  gui.o
    0x080091b4   0x080091b4   0x00000e08   Code   RO         3547    i.Alarm_Child       gui.o
    0x08009fbc   0x08009fbc   0x00000010   Code   RO          578    i.BKP_DeInit        stm32f10x_bkp.o
    0x08009fcc   0x08009fcc   0x0000001c   Code   RO          583    i.BKP_ReadBackupRegister  stm32f10x_bkp.o
    0x08009fe8   0x08009fe8   0x0000001c   Code   RO          587    i.BKP_WriteBackupRegister  stm32f10x_bkp.o
    0x0800a004   0x0800a004   0x00000004   Code   RO          177    i.BusFault_Handler  stm32f10x_it.o
    0x0800a008   0x0800a008   0x00000024   Code   RO         4015    i.DMA1_Channel4_IRQHandler  usart1.o
    0x0800a02c   0x0800a02c   0x0000001c   Code   RO         1044    i.DMA_ClearITPendingBit  stm32f10x_dma.o
    0x0800a048   0x0800a048   0x00000018   Code   RO         1045    i.DMA_Cmd           stm32f10x_dma.o
    0x0800a060   0x0800a060   0x00000008   Code   RO         1047    i.DMA_GetCurrDataCounter  stm32f10x_dma.o
    0x0800a068   0x0800a068   0x0000002c   Code   RO         1049    i.DMA_GetITStatus   stm32f10x_dma.o
    0x0800a094   0x0800a094   0x00000012   Code   RO         1050    i.DMA_ITConfig      stm32f10x_dma.o
    0x0800a0a6   0x0800a0a6   0x0000003c   Code   RO         1051    i.DMA_Init          stm32f10x_dma.o
    0x0800a0e2   0x0800a0e2   0x00000004   Code   RO         1052    i.DMA_SetCurrDataCounter  stm32f10x_dma.o
    0x0800a0e6   0x0800a0e6   0x00000002   PAD
    0x0800a0e8   0x0800a0e8   0x000005f0   Code   RO         3548    i.Data_Change_Child  gui.o
    0x0800a6d8   0x0800a6d8   0x00000002   Code   RO          178    i.DebugMon_Handler  stm32f10x_it.o
    0x0800a6da   0x0800a6da   0x00000046   Code   RO         3889    i.GP8201S_Write     gp8201s.o
    0x0800a720   0x0800a720   0x00000116   Code   RO         1469    i.GPIO_Init         stm32f10x_gpio.o
    0x0800a836   0x0800a836   0x00000002   PAD
    0x0800a838   0x0800a838   0x00000090   Code   RO         1471    i.GPIO_PinRemapConfig  stm32f10x_gpio.o
    0x0800a8c8   0x0800a8c8   0x00000004   Code   RO         1476    i.GPIO_ResetBits    stm32f10x_gpio.o
    0x0800a8cc   0x0800a8cc   0x00000004   Code   RO         1477    i.GPIO_SetBits      stm32f10x_gpio.o
    0x0800a8d0   0x0800a8d0   0x00000a90   Code   RO         3549    i.GUI_Refresh       gui.o
    0x0800b360   0x0800b360   0x00000090   Code   RO         3285    i.Get_KEY_Value     key.o
    0x0800b3f0   0x0800b3f0   0x00000060   Code   RO         3762    i.Gui_Drawbmp16     ui.o
    0x0800b450   0x0800b450   0x00000028   Code   RO         3445    i.HC595_CS          74hc595.o
    0x0800b478   0x0800b478   0x00000098   Code   RO         3446    i.HC595_GPIO_Config  74hc595.o
    0x0800b510   0x0800b510   0x00000058   Code   RO         3447    i.HC595_Send_Byte   74hc595.o
    0x0800b568   0x0800b568   0x00000024   Code   RO         3448    i.HC595_Send_Multi_Byte  74hc595.o
    0x0800b58c   0x0800b58c   0x00000004   Code   RO          179    i.HardFault_Handler  stm32f10x_it.o
    0x0800b590   0x0800b590   0x00000170   Code   RO         3550    i.Hz_Ctrl_Child     gui.o
    0x0800b700   0x0800b700   0x0000004c   Code   RO         3891    i.IIC_Init          gp8201s.o
    0x0800b74c   0x0800b74c   0x00000064   Code   RO         3894    i.IIC_Send_Byte     gp8201s.o
    0x0800b7b0   0x0800b7b0   0x00000038   Code   RO         3895    i.IIC_Start         gp8201s.o
    0x0800b7e8   0x0800b7e8   0x00000038   Code   RO         3896    i.IIC_Stop          gp8201s.o
    0x0800b820   0x0800b820   0x0000004c   Code   RO         3897    i.IIC_Wait_Ack      gp8201s.o
    0x0800b86c   0x0800b86c   0x000000c8   Code   RO         3551    i.Iot_Child         gui.o
    0x0800b934   0x0800b934   0x0000003a   Code   RO         3384    i.Is_Leap_Year      rtc.o
    0x0800b96e   0x0800b96e   0x00000002   PAD
    0x0800b970   0x0800b970   0x00000078   Code   RO         3627    i.LCD_Clear         lcd.o
    0x0800b9e8   0x0800b9e8   0x00000050   Code   RO         3628    i.LCD_Clear_upper_tail  lcd.o
    0x0800ba38   0x0800ba38   0x00000064   Code   RO         3629    i.LCD_DrawPoint     lcd.o
    0x0800ba9c   0x0800ba9c   0x00000056   Code   RO         3768    i.LCD_Fill          ui.o
    0x0800baf2   0x0800baf2   0x00000002   PAD
    0x0800baf4   0x0800baf4   0x00000040   Code   RO         3630    i.LCD_GPIOInit      lcd.o
    0x0800bb34   0x0800bb34   0x000001a2   Code   RO         3631    i.LCD_Init          lcd.o
    0x0800bcd6   0x0800bcd6   0x00000002   PAD
    0x0800bcd8   0x0800bcd8   0x00000024   Code   RO         3632    i.LCD_RESET         lcd.o
    0x0800bcfc   0x0800bcfc   0x00000014   Code   RO         3633    i.LCD_SetCursor     lcd.o
    0x0800bd10   0x0800bd10   0x00000058   Code   RO         3634    i.LCD_SetWindows    lcd.o
    0x0800bd68   0x0800bd68   0x00000144   Code   RO         3769    i.LCD_ShowChar      ui.o
    0x0800beac   0x0800beac   0x00000064   Code   RO         3770    i.LCD_ShowString    ui.o
    0x0800bf10   0x0800bf10   0x00000030   Code   RO         3635    i.LCD_WR_DATA       lcd.o
    0x0800bf40   0x0800bf40   0x0000002c   Code   RO         3637    i.LCD_WR_REG        lcd.o
    0x0800bf6c   0x0800bf6c   0x00000010   Code   RO         3638    i.LCD_WriteRAM_Prepare  lcd.o
    0x0800bf7c   0x0800bf7c   0x00000014   Code   RO         3639    i.LCD_WriteReg      lcd.o
    0x0800bf90   0x0800bf90   0x0000008c   Code   RO         3640    i.LCD_direction     lcd.o
    0x0800c01c   0x0800c01c   0x00000050   Code   RO         3641    i.Lcd_WriteData_16Bit  lcd.o
    0x0800c06c   0x0800c06c   0x0000067e   Code   RO         3552    i.Main_Menu_Func    gui.o
    0x0800c6ea   0x0800c6ea   0x00000002   PAD
    0x0800c6ec   0x0800c6ec   0x00000d00   Code   RO         3553    i.Main_UI           gui.o
    0x0800d3ec   0x0800d3ec   0x00000004   Code   RO          180    i.MemManage_Handler  stm32f10x_it.o
    0x0800d3f0   0x0800d3f0   0x00000002   Code   RO          181    i.NMI_Handler       stm32f10x_it.o
    0x0800d3f2   0x0800d3f2   0x00000002   PAD
    0x0800d3f4   0x0800d3f4   0x00000070   Code   RO          318    i.NVIC_Init         misc.o
    0x0800d464   0x0800d464   0x00000014   Code   RO          319    i.NVIC_PriorityGroupConfig  misc.o
    0x0800d478   0x0800d478   0x0000000c   Code   RO         1823    i.PWR_BackupAccessCmd  stm32f10x_pwr.o
    0x0800d484   0x0800d484   0x00000002   Code   RO          182    i.PendSV_Handler    stm32f10x_it.o
    0x0800d486   0x0800d486   0x00000002   PAD
    0x0800d488   0x0800d488   0x00000018   Code   RO         1883    i.RCC_ADCCLKConfig  stm32f10x_rcc.o
    0x0800d4a0   0x0800d4a0   0x00000020   Code   RO         1884    i.RCC_AHBPeriphClockCmd  stm32f10x_rcc.o
    0x0800d4c0   0x0800d4c0   0x00000020   Code   RO         1885    i.RCC_APB1PeriphClockCmd  stm32f10x_rcc.o
    0x0800d4e0   0x0800d4e0   0x00000020   Code   RO         1886    i.RCC_APB1PeriphResetCmd  stm32f10x_rcc.o
    0x0800d500   0x0800d500   0x00000020   Code   RO         1887    i.RCC_APB2PeriphClockCmd  stm32f10x_rcc.o
    0x0800d520   0x0800d520   0x00000020   Code   RO         1888    i.RCC_APB2PeriphResetCmd  stm32f10x_rcc.o
    0x0800d540   0x0800d540   0x0000000c   Code   RO         1890    i.RCC_BackupResetCmd  stm32f10x_rcc.o
    0x0800d54c   0x0800d54c   0x000000d8   Code   RO         1895    i.RCC_GetClocksFreq  stm32f10x_rcc.o
    0x0800d624   0x0800d624   0x0000003c   Code   RO         1896    i.RCC_GetFlagStatus  stm32f10x_rcc.o
    0x0800d660   0x0800d660   0x00000034   Code   RO         1903    i.RCC_LSEConfig     stm32f10x_rcc.o
    0x0800d694   0x0800d694   0x0000000c   Code   RO         1910    i.RCC_RTCCLKCmd     stm32f10x_rcc.o
    0x0800d6a0   0x0800d6a0   0x00000010   Code   RO         1911    i.RCC_RTCCLKConfig  stm32f10x_rcc.o
    0x0800d6b0   0x0800d6b0   0x00000010   Code   RO         2084    i.RTC_ClearITPendingBit  stm32f10x_rtc.o
    0x0800d6c0   0x0800d6c0   0x00000014   Code   RO         2085    i.RTC_EnterConfigMode  stm32f10x_rtc.o
    0x0800d6d4   0x0800d6d4   0x00000014   Code   RO         2086    i.RTC_ExitConfigMode  stm32f10x_rtc.o
    0x0800d6e8   0x0800d6e8   0x00000100   Code   RO         3386    i.RTC_Get           rtc.o
    0x0800d7e8   0x0800d7e8   0x00000014   Code   RO         2087    i.RTC_GetCounter    stm32f10x_rtc.o
    0x0800d7fc   0x0800d7fc   0x00000024   Code   RO         2090    i.RTC_GetITStatus   stm32f10x_rtc.o
    0x0800d820   0x0800d820   0x00000078   Code   RO         3387    i.RTC_Get_Week      rtc.o
    0x0800d898   0x0800d898   0x000004d0   Code   RO         3388    i.RTC_IRQHandler    rtc.o
    0x0800dd68   0x0800dd68   0x00000020   Code   RO         2091    i.RTC_ITConfig      stm32f10x_rtc.o
    0x0800dd88   0x0800dd88   0x000000c0   Code   RO         3389    i.RTC_Init          rtc.o
    0x0800de48   0x0800de48   0x00000020   Code   RO         3390    i.RTC_NVIC_Config   rtc.o
    0x0800de68   0x0800de68   0x000000c8   Code   RO         3391    i.RTC_Set           rtc.o
    0x0800df30   0x0800df30   0x0000001c   Code   RO         2093    i.RTC_SetCounter    stm32f10x_rtc.o
    0x0800df4c   0x0800df4c   0x00000020   Code   RO         2094    i.RTC_SetPrescaler  stm32f10x_rtc.o
    0x0800df6c   0x0800df6c   0x00000014   Code   RO         2095    i.RTC_WaitForLastTask  stm32f10x_rtc.o
    0x0800df80   0x0800df80   0x00000024   Code   RO         2096    i.RTC_WaitForSynchro  stm32f10x_rtc.o
    0x0800dfa4   0x0800dfa4   0x00000128   Code   RO         3482    i.Read_Temperature  ntc.o
    0x0800e0cc   0x0800e0cc   0x0000001c   Code   RO         3898    i.SDA_IN            gp8201s.o
    0x0800e0e8   0x0800e0e8   0x00000024   Code   RO         3899    i.SDA_OUT           gp8201s.o
    0x0800e10c   0x0800e10c   0x00000084   Code   RO         3733    i.SPI2_Init         spi.o
    0x0800e190   0x0800e190   0x00000018   Code   RO         2364    i.SPI_Cmd           stm32f10x_spi.o
    0x0800e1a8   0x0800e1a8   0x0000003c   Code   RO         2377    i.SPI_Init          stm32f10x_spi.o
    0x0800e1e4   0x0800e1e4   0x0000002c   Code   RO         3735    i.SPI_WriteByte     spi.o
    0x0800e210   0x0800e210   0x00000002   Code   RO          183    i.SVC_Handler       stm32f10x_it.o
    0x0800e212   0x0800e212   0x00000008   Code   RO          266    i.SetSysClock       system_stm32f10x.o
    0x0800e21a   0x0800e21a   0x00000002   PAD
    0x0800e21c   0x0800e21c   0x000000e0   Code   RO          267    i.SetSysClockTo72   system_stm32f10x.o
    0x0800e2fc   0x0800e2fc   0x00000028   Code   RO          322    i.SysTick_CLKSourceConfig  misc.o
    0x0800e324   0x0800e324   0x00000002   Code   RO          184    i.SysTick_Handler   stm32f10x_it.o
    0x0800e326   0x0800e326   0x00000002   PAD
    0x0800e328   0x0800e328   0x00000060   Code   RO          269    i.SystemInit        system_stm32f10x.o
    0x0800e388   0x0800e388   0x00000064   Code   RO         3307    i.TIM1_Int_Init     timer.o
    0x0800e3ec   0x0800e3ec   0x000004bc   Code   RO         3308    i.TIM1_UP_IRQHandler  timer.o
    0x0800e8a8   0x0800e8a8   0x000003bc   Code   RO         3309    i.TIM2_IRQHandler   timer.o
    0x0800ec64   0x0800ec64   0x00000064   Code   RO         3310    i.TIM2_Int_Init     timer.o
    0x0800ecc8   0x0800ecc8   0x00000730   Code   RO         3311    i.TIM3_IRQHandler   timer.o
    0x0800f3f8   0x0800f3f8   0x00000068   Code   RO         3312    i.TIM3_Int_Init     timer.o
    0x0800f460   0x0800f460   0x00000020   Code   RO         4231    i.TIM4_IRQHandler   mb_port.o
    0x0800f480   0x0800f480   0x00000018   Code   RO         2507    i.TIM_ARRPreloadConfig  stm32f10x_tim.o
    0x0800f498   0x0800f498   0x00000006   Code   RO         2514    i.TIM_ClearITPendingBit  stm32f10x_tim.o
    0x0800f49e   0x0800f49e   0x00000018   Code   RO         2519    i.TIM_Cmd           stm32f10x_tim.o
    0x0800f4b6   0x0800f4b6   0x00000022   Code   RO         2540    i.TIM_GetITStatus   stm32f10x_tim.o
    0x0800f4d8   0x0800f4d8   0x00000012   Code   RO         2544    i.TIM_ITConfig      stm32f10x_tim.o
    0x0800f4ea   0x0800f4ea   0x00000004   Code   RO         2584    i.TIM_SetCounter    stm32f10x_tim.o
    0x0800f4ee   0x0800f4ee   0x00000002   PAD
    0x0800f4f0   0x0800f4f0   0x000000a4   Code   RO         2590    i.TIM_TimeBaseInit  stm32f10x_tim.o
    0x0800f594   0x0800f594   0x000012dc   Code   RO         3554    i.Time_Child        gui.o
    0x08010870   0x08010870   0x000000b8   Code   RO         4016    i.UART3DMA_Init     usart1.o
    0x08010928   0x08010928   0x000000c8   Code   RO         4017    i.UART3_Init        usart1.o
    0x080109f0   0x080109f0   0x00000044   Code   RO         4018    i.UART3_Puts        usart1.o
    0x08010a34   0x08010a34   0x00000064   Code   RO         4020    i.USART1_IRQHandler  usart1.o
    0x08010a98   0x08010a98   0x00000074   Code   RO         4232    i.USART3_IRQHandler  mb_port.o
    0x08010b0c   0x08010b0c   0x00000012   Code   RO         3051    i.USART_ClearFlag   stm32f10x_usart.o
    0x08010b1e   0x08010b1e   0x0000001e   Code   RO         3052    i.USART_ClearITPendingBit  stm32f10x_usart.o
    0x08010b3c   0x08010b3c   0x00000018   Code   RO         3055    i.USART_Cmd         stm32f10x_usart.o
    0x08010b54   0x08010b54   0x00000012   Code   RO         3056    i.USART_DMACmd      stm32f10x_usart.o
    0x08010b66   0x08010b66   0x00000002   PAD
    0x08010b68   0x08010b68   0x0000009c   Code   RO         3057    i.USART_DeInit      stm32f10x_usart.o
    0x08010c04   0x08010c04   0x0000001a   Code   RO         3058    i.USART_GetFlagStatus  stm32f10x_usart.o
    0x08010c1e   0x08010c1e   0x00000054   Code   RO         3059    i.USART_GetITStatus  stm32f10x_usart.o
    0x08010c72   0x08010c72   0x0000004a   Code   RO         3061    i.USART_ITConfig    stm32f10x_usart.o
    0x08010cbc   0x08010cbc   0x000000d8   Code   RO         3062    i.USART_Init        stm32f10x_usart.o
    0x08010d94   0x08010d94   0x0000000a   Code   RO         3069    i.USART_ReceiveData  stm32f10x_usart.o
    0x08010d9e   0x08010d9e   0x00000008   Code   RO         3072    i.USART_SendData    stm32f10x_usart.o
    0x08010da6   0x08010da6   0x00000004   Code   RO          185    i.UsageFault_Handler  stm32f10x_it.o
    0x08010daa   0x08010daa   0x00000002   PAD
    0x08010dac   0x08010dac   0x00000020   Code   RO         5608    i.__0printf         mc_w.l(printfa.o)
    0x08010dcc   0x08010dcc   0x00000030   Code   RO         5609    i.__0snprintf       mc_w.l(printfa.o)
    0x08010dfc   0x08010dfc   0x00000028   Code   RO         5610    i.__0sprintf        mc_w.l(printfa.o)
    0x08010e24   0x08010e24   0x0000002c   Code   RO         5613    i.__0vsnprintf      mc_w.l(printfa.o)
    0x08010e50   0x08010e50   0x00000024   Code   RO         5614    i.__0vsprintf       mc_w.l(printfa.o)
    0x08010e74   0x08010e74   0x0000001a   Code   RO         5079    i.__ARM_common_switch8  jansson_CM3LE.lib(hashtable.o)
    0x08010e8e   0x08010e8e   0x00000016   Code   RO         4850    i.__ARM_isinf       jansson_CM3LE.lib(value.o)
    0x08010ea4   0x08010ea4   0x00000018   Code   RO         4855    i.__ARM_isnan       jansson_CM3LE.lib(value.o)
    0x08010ebc   0x08010ebc   0x00000008   Code   RO         5664    i.__aeabi_errno_addr  mc_w.l(errno.o)
    0x08010ec4   0x08010ec4   0x000000aa   Code   RO         5721    i.__kernel_poly     m_ws.l(poly.o)
    0x08010f6e   0x08010f6e   0x00000002   PAD
    0x08010f70   0x08010f70   0x00000010   Code   RO         5707    i.__mathlib_dbl_divzero  m_ws.l(dunder.o)
    0x08010f80   0x08010f80   0x00000006   Code   RO         5708    i.__mathlib_dbl_infnan  m_ws.l(dunder.o)
    0x08010f86   0x08010f86   0x0000000c   Code   RO         5710    i.__mathlib_dbl_invalid  m_ws.l(dunder.o)
    0x08010f92   0x08010f92   0x0000000e   Code   RO         5815    i.__scatterload_copy  mc_w.l(handlers.o)
    0x08010fa0   0x08010fa0   0x00000002   Code   RO         5816    i.__scatterload_null  mc_w.l(handlers.o)
    0x08010fa2   0x08010fa2   0x0000000e   Code   RO         5817    i.__scatterload_zeroinit  mc_w.l(handlers.o)
    0x08010fb0   0x08010fb0   0x0000000c   Code   RO         5666    i.__set_errno       mc_w.l(errno.o)
    0x08010fbc   0x08010fbc   0x00000184   Code   RO         5615    i._fp_digits        mc_w.l(printfa.o)
    0x08011140   0x08011140   0x0000000e   Code   RO         5800    i._is_digit         mc_w.l(scanf_fp.o)
    0x0801114e   0x0801114e   0x00000002   PAD
    0x08011150   0x08011150   0x000006dc   Code   RO         5616    i._printf_core      mc_w.l(printfa.o)
    0x0801182c   0x0801182c   0x00000024   Code   RO         5617    i._printf_post_padding  mc_w.l(printfa.o)
    0x08011850   0x08011850   0x0000002e   Code   RO         5618    i._printf_pre_padding  mc_w.l(printfa.o)
    0x0801187e   0x0801187e   0x00000016   Code   RO         5619    i._snputc           mc_w.l(printfa.o)
    0x08011894   0x08011894   0x0000000a   Code   RO         5620    i._sputc            mc_w.l(printfa.o)
    0x0801189e   0x0801189e   0x00000018   Code   RO         4504    i.array_copy        jansson_CM3LE.lib(value.o)
    0x080118b6   0x080118b6   0x00000016   Code   RO         4954    i.bucket_is_empty   jansson_CM3LE.lib(hashtable.o)
    0x080118cc   0x080118cc   0x0000004c   Code   RO         4309    i.decode_unicode_escape  jansson_CM3LE.lib(load.o)
    0x08011918   0x08011918   0x00000044   Code   RO         3961    i.delay_init        delay.o
    0x0801195c   0x0801195c   0x0000004c   Code   RO         3962    i.delay_ms          delay.o
    0x080119a8   0x080119a8   0x0000004c   Code   RO         3963    i.delay_us          delay.o
    0x080119f4   0x080119f4   0x000000c0   Code   RO         4310    i.error_set         jansson_CM3LE.lib(load.o)
    0x08011ab4   0x08011ab4   0x00000024   Code   RO         4021    i.fputc             usart1.o
    0x08011ad8   0x08011ad8   0x00000050   Code   RO         5636    i.free              mc_w.l(malloc.o)
    0x08011b28   0x08011b28   0x00000016   Code   RO         3555    i.fresh_page        gui.o
    0x08011b3e   0x08011b3e   0x00000002   PAD
    0x08011b40   0x08011b40   0x00000044   Code   RO         3313    i.get_temperature   timer.o
    0x08011b84   0x08011b84   0x00000144   Code   RO         4955    i.hashlittle        jansson_CM3LE.lib(hashtable.o)
    0x08011cc8   0x08011cc8   0x00000010   Code   RO         4957    i.hashtable_close   jansson_CM3LE.lib(hashtable.o)
    0x08011cd8   0x08011cd8   0x00000022   Code   RO         4959    i.hashtable_do_clear  jansson_CM3LE.lib(hashtable.o)
    0x08011cfa   0x08011cfa   0x00000076   Code   RO         4961    i.hashtable_do_rehash  jansson_CM3LE.lib(hashtable.o)
    0x08011d70   0x08011d70   0x0000003c   Code   RO         4962    i.hashtable_find_pair  jansson_CM3LE.lib(hashtable.o)
    0x08011dac   0x08011dac   0x00000040   Code   RO         4963    i.hashtable_get     jansson_CM3LE.lib(hashtable.o)
    0x08011dec   0x08011dec   0x00000048   Code   RO         4964    i.hashtable_init    jansson_CM3LE.lib(hashtable.o)
    0x08011e34   0x08011e34   0x000000ac   Code   RO         4972    i.hashtable_set     jansson_CM3LE.lib(hashtable.o)
    0x08011ee0   0x08011ee0   0x0000002a   Code   RO         4973    i.insert_to_bucket  jansson_CM3LE.lib(hashtable.o)
    0x08011f0a   0x08011f0a   0x00000036   Code   RO         4506    i.json_array        jansson_CM3LE.lib(value.o)
    0x08011f40   0x08011f40   0x00000048   Code   RO         4507    i.json_array_append_new  jansson_CM3LE.lib(value.o)
    0x08011f88   0x08011f88   0x0000004c   Code   RO         4511    i.json_array_grow   jansson_CM3LE.lib(value.o)
    0x08011fd4   0x08011fd4   0x00000018   Code   RO         4311    i.json_decref       jansson_CM3LE.lib(load.o)
    0x08011fec   0x08011fec   0x00000018   Code   RO         4517    i.json_decref       jansson_CM3LE.lib(value.o)
    0x08012004   0x08012004   0x00000018   Code   RO         4974    i.json_decref       jansson_CM3LE.lib(hashtable.o)
    0x0801201c   0x0801201c   0x00000054   Code   RO         4519    i.json_delete       jansson_CM3LE.lib(value.o)
    0x08012070   0x08012070   0x00000008   Code   RO         4521    i.json_false        jansson_CM3LE.lib(value.o)
    0x08012078   0x08012078   0x00000010   Code   RO         4312    i.json_incref       jansson_CM3LE.lib(load.o)
    0x08012088   0x08012088   0x0000001c   Code   RO         4523    i.json_integer      jansson_CM3LE.lib(value.o)
    0x080120a4   0x080120a4   0x00000018   Code   RO         4525    i.json_integer_value  jansson_CM3LE.lib(value.o)
    0x080120bc   0x080120bc   0x00000074   Code   RO         4317    i.json_loads        jansson_CM3LE.lib(load.o)
    0x08012130   0x08012130   0x00000008   Code   RO         4526    i.json_null         jansson_CM3LE.lib(value.o)
    0x08012138   0x08012138   0x0000004c   Code   RO         4528    i.json_object       jansson_CM3LE.lib(value.o)
    0x08012184   0x08012184   0x0000001c   Code   RO         4533    i.json_object_get   jansson_CM3LE.lib(value.o)
    0x080121a0   0x080121a0   0x00000028   Code   RO         5292    i.json_object_seed  jansson_CM3LE.lib(hashtable_seed.o)
    0x080121c8   0x080121c8   0x00000040   Code   RO         4542    i.json_object_set_new_nocheck  jansson_CM3LE.lib(value.o)
    0x08012208   0x08012208   0x00000034   Code   RO         4548    i.json_real         jansson_CM3LE.lib(value.o)
    0x0801223c   0x0801223c   0x00000008   Code   RO         4562    i.json_true         jansson_CM3LE.lib(value.o)
    0x08012244   0x08012244   0x00000022   Code   RO         4899    i.jsonp_error_init  jansson_CM3LE.lib(error.o)
    0x08012266   0x08012266   0x00000010   Code   RO         4900    i.jsonp_error_set   jansson_CM3LE.lib(error.o)
    0x08012276   0x08012276   0x00000002   PAD
    0x08012278   0x08012278   0x0000003c   Code   RO         4901    i.jsonp_error_set_source  jansson_CM3LE.lib(error.o)
    0x080122b4   0x080122b4   0x0000002c   Code   RO         4902    i.jsonp_error_vset  jansson_CM3LE.lib(error.o)
    0x080122e0   0x080122e0   0x00000010   Code   RO         5114    i.jsonp_free        jansson_CM3LE.lib(memory.o)
    0x080122f0   0x080122f0   0x00000010   Code   RO         5115    i.jsonp_malloc      jansson_CM3LE.lib(memory.o)
    0x08012300   0x08012300   0x0000000a   Code   RO         4563    i.jsonp_stringn_nocheck_own  jansson_CM3LE.lib(value.o)
    0x0801230a   0x0801230a   0x00000024   Code   RO         5117    i.jsonp_strndup     jansson_CM3LE.lib(memory.o)
    0x0801232e   0x0801232e   0x00000002   PAD
    0x08012330   0x08012330   0x00000064   Code   RO         5220    i.jsonp_strtod      jansson_CM3LE.lib(strconv.o)
    0x08012394   0x08012394   0x0000001c   Code   RO         4318    i.lex_close         jansson_CM3LE.lib(load.o)
    0x080123b0   0x080123b0   0x00000012   Code   RO         4319    i.lex_free_string   jansson_CM3LE.lib(load.o)
    0x080123c2   0x080123c2   0x00000008   Code   RO         4320    i.lex_get           jansson_CM3LE.lib(load.o)
    0x080123ca   0x080123ca   0x0000001e   Code   RO         4321    i.lex_get_save      jansson_CM3LE.lib(load.o)
    0x080123e8   0x080123e8   0x00000030   Code   RO         4322    i.lex_init          jansson_CM3LE.lib(load.o)
    0x08012418   0x08012418   0x0000000c   Code   RO         4323    i.lex_save          jansson_CM3LE.lib(load.o)
    0x08012424   0x08012424   0x00000138   Code   RO         4324    i.lex_scan          jansson_CM3LE.lib(load.o)
    0x0801255c   0x0801255c   0x0000018c   Code   RO         4325    i.lex_scan_number   jansson_CM3LE.lib(load.o)
    0x080126e8   0x080126e8   0x00000288   Code   RO         4326    i.lex_scan_string   jansson_CM3LE.lib(load.o)
    0x08012970   0x08012970   0x00000026   Code   RO         4327    i.lex_unget_unsave  jansson_CM3LE.lib(load.o)
    0x08012996   0x08012996   0x0000002e   Code   RO         3314    i.list_change       timer.o
    0x080129c4   0x080129c4   0x00000020   Code   RO         3315    i.list_change_end   timer.o
    0x080129e4   0x080129e4   0x0000000e   Code   RO         4975    i.list_insert       jansson_CM3LE.lib(hashtable.o)
    0x080129f2   0x080129f2   0x00000002   PAD
    0x080129f4   0x080129f4   0x0000035c   Code   RO         5311    i.log               m_ws.l(log.o)
    0x08012d50   0x08012d50   0x00001d3c   Code   RO            1    i.main              main.o
    0x08014a8c   0x08014a8c   0x0000006c   Code   RO         5637    i.malloc            mc_w.l(malloc.o)
    0x08014af8   0x08014af8   0x00000038   Code   RO         4077    i.mb_crc16          mb_crc.o
    0x08014b30   0x08014b30   0x00000014   Code   RO         4233    i.mb_port_getchar   mb_port.o
    0x08014b44   0x08014b44   0x00000020   Code   RO         4234    i.mb_port_putchar   mb_port.o
    0x08014b64   0x08014b64   0x0000002c   Code   RO         4235    i.mb_port_timerDisable  mb_port.o
    0x08014b90   0x08014b90   0x0000002c   Code   RO         4236    i.mb_port_timerEnable  mb_port.o
    0x08014bbc   0x08014bbc   0x0000009c   Code   RO         4237    i.mb_port_timerInit  mb_port.o
    0x08014c58   0x08014c58   0x0000005c   Code   RO         4238    i.mb_port_uartEnable  mb_port.o
    0x08014cb4   0x08014cb4   0x00000118   Code   RO         4239    i.mb_port_uartInit  mb_port.o
    0x08014dcc   0x08014dcc   0x00000096   Code   RO         4171    i.mbh_exec          mb_host.o
    0x08014e62   0x08014e62   0x00000002   Code   RO         4104    i.mbh_hook_rec01    mb_hook.o
    0x08014e64   0x08014e64   0x00000002   Code   RO         4105    i.mbh_hook_rec02    mb_hook.o
    0x08014e66   0x08014e66   0x00000002   PAD
    0x08014e68   0x08014e68   0x0000005c   Code   RO         4106    i.mbh_hook_rec03    mb_hook.o
    0x08014ec4   0x08014ec4   0x00000002   Code   RO         4107    i.mbh_hook_rec04    mb_hook.o
    0x08014ec6   0x08014ec6   0x00000002   Code   RO         4108    i.mbh_hook_rec05    mb_hook.o
    0x08014ec8   0x08014ec8   0x00000002   Code   RO         4109    i.mbh_hook_rec06    mb_hook.o
    0x08014eca   0x08014eca   0x00000002   Code   RO         4110    i.mbh_hook_rec15    mb_hook.o
    0x08014ecc   0x08014ecc   0x00000002   Code   RO         4111    i.mbh_hook_rec16    mb_hook.o
    0x08014ece   0x08014ece   0x00000002   PAD
    0x08014ed0   0x08014ed0   0x00000010   Code   RO         4112    i.mbh_hook_timesErr  mb_hook.o
    0x08014ee0   0x08014ee0   0x00000016   Code   RO         4173    i.mbh_init          mb_host.o
    0x08014ef6   0x08014ef6   0x00000002   PAD
    0x08014ef8   0x08014ef8   0x000000d8   Code   RO         4174    i.mbh_poll          mb_host.o
    0x08014fd0   0x08014fd0   0x0000007c   Code   RO         4175    i.mbh_send          mb_host.o
    0x0801504c   0x0801504c   0x0000005c   Code   RO         4176    i.mbh_timer3T5Isr   mb_host.o
    0x080150a8   0x080150a8   0x00000080   Code   RO         4177    i.mbh_uartRxIsr     mb_host.o
    0x08015128   0x08015128   0x00000060   Code   RO         4178    i.mbh_uartTxIsr     mb_host.o
    0x08015188   0x08015188   0x0000009a   Code   RO         3316    i.middleValueFilter  timer.o
    0x08015222   0x08015222   0x00000002   PAD
    0x08015224   0x08015224   0x00000094   Code   RO         4328    i.parse_array       jansson_CM3LE.lib(load.o)
    0x080152b8   0x080152b8   0x00000094   Code   RO         4329    i.parse_json        jansson_CM3LE.lib(load.o)
    0x0801534c   0x0801534c   0x00000180   Code   RO         4330    i.parse_object      jansson_CM3LE.lib(load.o)
    0x080154cc   0x080154cc   0x00000140   Code   RO         4331    i.parse_value       jansson_CM3LE.lib(load.o)
    0x0801560c   0x0801560c   0x00000006   Code   RO         4295    i.seed_from_timestamp_and_pid  jansson_config.o
    0x08015612   0x08015612   0x00000002   PAD
    0x08015614   0x08015614   0x00000074   Code   RO         3774    i.show_4g           ui.o
    0x08015688   0x08015688   0x00000078   Code   RO         3775    i.showdigit_color   ui.o
    0x08015700   0x08015700   0x00000074   Code   RO         3776    i.showhanzi         ui.o
    0x08015774   0x08015774   0x00000074   Code   RO         3777    i.showhanzi_1       ui.o
    0x080157e8   0x080157e8   0x00000078   Code   RO         3778    i.showhanzi_color   ui.o
    0x08015860   0x08015860   0x0000000c   Code   RO         5160    i.strbuffer_append_byte  jansson_CM3LE.lib(strbuffer.o)
    0x0801586c   0x0801586c   0x00000070   Code   RO         5161    i.strbuffer_append_bytes  jansson_CM3LE.lib(strbuffer.o)
    0x080158dc   0x080158dc   0x0000000a   Code   RO         5162    i.strbuffer_clear   jansson_CM3LE.lib(strbuffer.o)
    0x080158e6   0x080158e6   0x00000018   Code   RO         5163    i.strbuffer_close   jansson_CM3LE.lib(strbuffer.o)
    0x080158fe   0x080158fe   0x00000022   Code   RO         5164    i.strbuffer_init    jansson_CM3LE.lib(strbuffer.o)
    0x08015920   0x08015920   0x00000018   Code   RO         5165    i.strbuffer_pop     jansson_CM3LE.lib(strbuffer.o)
    0x08015938   0x08015938   0x00000004   Code   RO         5167    i.strbuffer_value   jansson_CM3LE.lib(strbuffer.o)
    0x0801593c   0x0801593c   0x000000e4   Code   RO         4332    i.stream_get        jansson_CM3LE.lib(load.o)
    0x08015a20   0x08015a20   0x0000004a   Code   RO         4333    i.stream_unget      jansson_CM3LE.lib(load.o)
    0x08015a6a   0x08015a6a   0x0000003e   Code   RO         4564    i.string_create     jansson_CM3LE.lib(value.o)
    0x08015aa8   0x08015aa8   0x00000018   Code   RO         4334    i.string_get        jansson_CM3LE.lib(load.o)
    0x08015ac0   0x08015ac0   0x0000001c   Code   RO         5321    i.strtod            m_ws.l(strtod.o)
    0x08015adc   0x08015adc   0x0000003c   Code   RO         5256    i.utf8_check_first  jansson_CM3LE.lib(utf.o)
    0x08015b18   0x08015b18   0x00000088   Code   RO         5257    i.utf8_check_full   jansson_CM3LE.lib(utf.o)
    0x08015ba0   0x08015ba0   0x0000007c   Code   RO         5259    i.utf8_encode       jansson_CM3LE.lib(utf.o)
    0x08015c1c   0x08015c1c   0x00000018   Data   RO         3393    .constdata          rtc.o
    0x08015c34   0x08015c34   0x00004000   Data   RO         3557    .constdata          gui.o
    0x08019c34   0x08019c34   0x000043e4   Data   RO         3779    .constdata          ui.o
    0x0801e018   0x0801e018   0x00000200   Data   RO         4078    .constdata          mb_crc.o
    0x0801e218   0x0801e218   0x00000038   Data   RO         5312    .constdata          m_ws.l(log.o)
    0x0801e250   0x0801e250   0x00000008   Data   RO         5723    .constdata          m_ws.l(qnan.o)
    0x0801e258   0x0801e258   0x00000081   Data   RO         5771    .constdata          mc_w.l(ctype_o.o)
    0x0801e2d9   0x0801e2d9   0x00000003   PAD
    0x0801e2dc   0x0801e2dc   0x00000004   Data   RO         5772    .constdata          mc_w.l(ctype_o.o)
    0x0801e2e0   0x0801e2e0   0x0000005d   Data   RO            3    .conststring        main.o
    0x0801e33d   0x0801e33d   0x00000003   PAD
    0x0801e340   0x0801e340   0x00000020   Data   RO         5813    Region$$Table       anon$$obj.o


    Execution Region RW_IRAM1 (Exec base: 0x20000000, Load base: 0x0801e360, Size: 0x00003218, Max: 0x00005000, ABSOLUTE, COMPRESSED[0x00000344])

    Exec Addr    Load Addr    Size         Type   Attr      Idx    E Section Name        Object

    0x20000000   COMPRESSED   0x00000009   Data   RW            4    .data               main.o
    0x20000009   COMPRESSED   0x00000003   PAD
    0x2000000c   COMPRESSED   0x00000014   Data   RW          270    .data               system_stm32f10x.o
    0x20000020   COMPRESSED   0x00000014   Data   RW         1915    .data               stm32f10x_rcc.o
    0x20000034   COMPRESSED   0x00000001   Data   RW         3287    .data               key.o
    0x20000035   COMPRESSED   0x00000003   PAD
    0x20000038   COMPRESSED   0x00000098   Data   RW         3318    .data               timer.o
    0x200000d0   COMPRESSED   0x00000002   Data   RW         3394    .data               rtc.o
    0x200000d2   COMPRESSED   0x00000002   PAD
    0x200000d4   COMPRESSED   0x0000032b   Data   RW         3558    .data               gui.o
    0x200003ff   COMPRESSED   0x00000001   PAD
    0x20000400   COMPRESSED   0x00000006   Data   RW         3643    .data               lcd.o
    0x20000406   COMPRESSED   0x00000500   Data   RW         3780    .data               ui.o
    0x20000906   COMPRESSED   0x00000004   Data   RW         3964    .data               delay.o
    0x2000090a   COMPRESSED   0x00000002   PAD
    0x2000090c   COMPRESSED   0x00000004   Data   RW         4023    .data               usart1.o
    0x20000910   COMPRESSED   0x0000000c   Data   RW         4113    .data               mb_hook.o
    0x2000091c   COMPRESSED   0x00000018   Data   RW         4565    .data               jansson_CM3LE.lib(value.o)
    0x20000934   COMPRESSED   0x00000008   Data   RW         5118    .data               jansson_CM3LE.lib(memory.o)
    0x2000093c   COMPRESSED   0x00000004   Data   RW         5293    .data               jansson_CM3LE.lib(hashtable_seed.o)
    0x20000940   COMPRESSED   0x00000004   Data   RW         5667    .data               mc_w.l(errno.o)
    0x20000944   COMPRESSED   0x00000004   Data   RW         5739    .data               mc_w.l(stdout.o)
    0x20000948   COMPRESSED   0x00000004   Data   RW         5746    .data               mc_w.l(mvars.o)
    0x2000094c   COMPRESSED   0x00000004   Data   RW         5747    .data               mc_w.l(mvars.o)
    0x20000950        -       0x0000009f   Zero   RW            2    .bss                main.o
    0x200009ef   COMPRESSED   0x00000001   PAD
    0x200009f0        -       0x000001fc   Zero   RW         3317    .bss                timer.o
    0x20000bec        -       0x0000000a   Zero   RW         3392    .bss                rtc.o
    0x20000bf6        -       0x00000010   Zero   RW         3556    .bss                gui.o
    0x20000c06        -       0x0000000e   Zero   RW         3642    .bss                lcd.o
    0x20000c14        -       0x00000c00   Zero   RW         4022    .bss                usart1.o
    0x20001814        -       0x00000204   Zero   RW         4179    .bss                mb_host.o
    0x20001a18        -       0x00000800   Zero   RW          312    HEAP                startup_stm32f10x_md.o
    0x20002218        -       0x00001000   Zero   RW          311    STACK               startup_stm32f10x_md.o


==============================================================================

Image component sizes


      Code (inc. data)   RO Data    RW Data    ZI Data      Debug   Object Name

       316         26          0          0          0       2465   74hc595.o
         0          0          0          0          0         32   core_cm3.o
       220         26          0          4          0       1607   delay.o
       498         60          0          0          0       4160   gp8201s.o
     50630       1318      16384        811         16      30712   gui.o
         6          0          0          0          0        842   jansson_config.o
       144         14          0          1          0        580   key.o
      1274         84          0          6         14       8984   lcd.o
      7484       2236         93          9        159     290308   main.o
        56          8        512          0          0       1143   mb_crc.o
       122         22          0         12          0       5434   mb_hook.o
       828         24          0          0        516       4631   mb_host.o
       816         68          0          0          0      20382   mb_port.o
       172         22          0          0          0       1849   misc.o
       436         50          0          0          0       1271   ntc.o
      2090         86         24          2         10       5858   rtc.o
       176         14          0          0          0       1348   spi.o
        36          8        236          0       6144        768   startup_stm32f10x_md.o
       394         10          0          0          0       7473   stm32f10x_adc.o
        72         10          0          0          0       2480   stm32f10x_bkp.o
       186         18          0          0          0       5208   stm32f10x_dma.o
       430          6          0          0          0       3606   stm32f10x_gpio.o
        26          0          0          0          0       3446   stm32f10x_it.o
        12          6          0          0          0        462   stm32f10x_pwr.o
       552         86          0         20          0       8727   stm32f10x_rcc.o
       260         48          0          0          0       4668   stm32f10x_rtc.o
        84          0          0          0          0       1973   stm32f10x_spi.o
       274         42          0          0          0       4238   stm32f10x_tim.o
       664         28          0          0          0       7959   stm32f10x_usart.o
       328         28          0         20          0       1937   system_stm32f10x.o
      4612        270          0        152        508      10233   timer.o
      1194         56      17380       1280          0       8248   ui.o
       624         66          0          4       3072       5288   usart1.o

    ----------------------------------------------------------------------
     75058       4740      34664       2332      10440     458320   Object Totals
         0          0         32          0          0          0   (incl. Generated)
        42          0          3         11          1          0   (incl. Padding)

    ----------------------------------------------------------------------

      Code (inc. data)   RO Data    RW Data    ZI Data      Debug   Library Member Name

       154          4          0          0          0       6477   error.o
       988         32          0          0          0      15308   hashtable.o
        40          6          0          4          0       1280   hashtable_seed.o
      3288        680          0          0          0      24773   load.o
        68          8          0          8          0       5614   memory.o
       220          4          0          0          0       4432   strbuffer.o
       100         10          0          0          0       1151   strconv.o
       320         14          0          0          0       2507   utf.o
       748         32          0         24          0      20050   value.o
        34          4          0          0          0        204   dunder.o
       860         52         56          0          0        256   log.o
       170          0          0          0          0         96   poly.o
         0          0          8          0          0          0   qnan.o
        28          0          0          0          0         80   strtod.o
        86          0          0          0          0          0   __dczerorl2.o
       144          0          0          0          0         88   __strtoll.o
        28          0          0          0          0         68   _chval.o
        64          0          0          0          0         84   _sgetc.o
       194          0          0          0          0         96   _strtoull.o
         8          4        133          0          0         68   ctype_o.o
         0          0          0          0          0          0   entry.o
         0          0          0          0          0          0   entry10a.o
         0          0          0          0          0          0   entry11a.o
         8          4          0          0          0          0   entry2.o
         4          0          0          0          0          0   entry5.o
         0          0          0          0          0          0   entry7b.o
         0          0          0          0          0          0   entry8b.o
         8          4          0          0          0          0   entry9a.o
        20         10          0          4          0        136   errno.o
        30          0          0          0          0          0   handlers.o
        36          8          0          0          0         68   init.o
        18          0          0          0          0         76   isspace_o.o
         0          0          0          0          0          0   iusefp.o
        30          0          0          0          0         68   llshl.o
        36          0          0          0          0         68   llsshr.o
        32          0          0          0          0         68   llushr.o
       188         20          0          0          0        160   malloc.o
        20          0          0          0          0         68   memchr.o
        64          0          0          0          0         76   memmovea.o
        36          0          0          0          0        108   memseta.o
         0          0          0          8          0          0   mvars.o
      2458        110          0          0          0        916   printfa.o
       878         12          0          0          0        216   scanf_fp.o
         0          0          0          4          0          0   stdout.o
        28          0          0          0          0         76   strcmp.o
        18          0          0          0          0         68   strcpy.o
        14          0          0          0          0         68   strlen.o
        24          0          0          0          0         76   strncpy.o
        36          0          0          0          0         80   strstr.o
       156         12          0          0          0        120   strtod.o
         4          0          0          0          0         68   strtoll.o
        44          0          0          0          0         80   uidiv.o
        98          0          0          0          0         92   uldiv.o
        48          0          0          0          0         68   cdcmple.o
        48          0          0          0          0         68   cdrcmple.o
        20          0          0          0          0         68   cfcmple.o
        20          0          0          0          0         68   cfrcmple.o
        56          0          0          0          0         88   d2f.o
       334          0          0          0          0        148   dadd.o
       222          0          0          0          0        100   ddiv.o
       186          0          0          0          0        176   depilogue.o
        48          0          0          0          0         68   dfixul.o
        34          0          0          0          0         76   dflti.o
        24          0          0          0          0         76   dfltul.o
       228          0          0          0          0         96   dmul.o
        46          0          0          0          0         80   dscalb.o
        38          0          0          0          0         68   f2d.o
       176          0          0          0          0        140   fadd.o
       124          0          0          0          0         88   fdiv.o
       110          0          0          0          0        168   fepilogue.o
        50          0          0          0          0         68   ffixi.o
        40          0          0          0          0         68   ffixui.o
        18          0          0          0          0         68   fflti.o
        10          0          0          0          0         68   ffltui.o
       100          0          0          0          0         76   fmul.o

    ----------------------------------------------------------------------
     13822       1030        200         52          0      87380   Library Totals
        12          0          3          0          0          0   (incl. Padding)

    ----------------------------------------------------------------------

      Code (inc. data)   RO Data    RW Data    ZI Data      Debug   Library Name

      5926        790          0         36          0      81592   jansson_CM3LE.lib
      1092         56         64          0          0        636   m_ws.l
      4812        184        133         16          0       3160   mc_w.l
      1980          0          0          0          0       1992   mf_w.l

    ----------------------------------------------------------------------
     13822       1030        200         52          0      87380   Library Totals

    ----------------------------------------------------------------------

==============================================================================


      Code (inc. data)   RO Data    RW Data    ZI Data      Debug   

     88880       5770      34864       2384      10440     530200   Grand Totals
     88880       5770      34864        836      10440     530200   ELF Image Totals (compressed)
     88880       5770      34864        836          0          0   ROM Totals

==============================================================================

    Total RO  Size (Code + RO Data)               123744 ( 120.84kB)
    Total RW  Size (RW Data + ZI Data)             12824 (  12.52kB)
    Total ROM Size (Code + RO Data + RW Data)     124580 ( 121.66kB)

==============================================================================

