Component: ARM Compiler 5.06 update 7 (build 960) Tool: armlink [4d3601]

==============================================================================

Section Cross References

    main.o(i.main) refers to _scanf_int.o(.text) for _scanf_int
    main.o(i.main) refers to stm32f10x_rcc.o(i.RCC_APB2PeriphClockCmd) for RCC_APB2PeriphClockCmd
    main.o(i.main) refers to stm32f10x_gpio.o(i.GPIO_Init) for GPIO_Init
    main.o(i.main) refers to misc.o(i.NVIC_PriorityGroupConfig) for NVIC_PriorityGroupConfig
    main.o(i.main) refers to delay.o(i.delay_init) for delay_init
    main.o(i.main) refers to usart1.o(i.UART3_Init) for UART3_Init
    main.o(i.main) refers to rtc.o(i.RTC_Init) for RTC_Init
    main.o(i.main) refers to ntc.o(i.ADC_Configuration) for ADC_Configuration
    main.o(i.main) refers to timer.o(i.TIM1_Int_Init) for TIM1_Int_Init
    main.o(i.main) refers to timer.o(i.TIM3_Int_Init) for TIM3_Int_Init
    main.o(i.main) refers to timer.o(i.TIM2_Int_Init) for TIM2_Int_Init
    main.o(i.main) refers to lcd.o(i.LCD_Init) for LCD_Init
    main.o(i.main) refers to lcd.o(i.LCD_Clear) for LCD_Clear
    main.o(i.main) refers to gp8201s.o(i.IIC_Init) for IIC_Init
    main.o(i.main) refers to gp8201s.o(i.GP8201S_Write) for GP8201S_Write
    main.o(i.main) refers to 74hc595.o(i.HC595_GPIO_Config) for HC595_GPIO_Config
    main.o(i.main) refers to 74hc595.o(i.HC595_Send_Multi_Byte) for HC595_Send_Multi_Byte
    main.o(i.main) refers to mb_host.o(i.mbh_init) for mbh_init
    main.o(i.main) refers to flash.o(i.ReadFlashData) for ReadFlashData
    main.o(i.main) refers to main.o(i.is_all_ff) for is_all_ff
    main.o(i.main) refers to memmovea.o(.text) for __aeabi_memcpy
    main.o(i.main) refers to cfcmple.o(.text) for __aeabi_cfcmple
    main.o(i.main) refers to f2d.o(.text) for __aeabi_f2d
    main.o(i.main) refers to cdrcmple.o(.text) for __aeabi_cdrcmple
    main.o(i.main) refers to cdcmple.o(.text) for __aeabi_cdcmple
    main.o(i.main) refers to ffltui.o(.text) for __aeabi_ui2f
    main.o(i.main) refers to cfrcmple.o(.text) for __aeabi_cfrcmple
    main.o(i.main) refers to main.o(.data) for relay1_Control_1
    main.o(i.main) refers to gui.o(.data) for relay_structure
    main.o(i.main) refers to gui.o(.bss) for relay_change_buffer
    main.o(i.main) refers to timer.o(.data) for temperature1
    main.o(i.main) refers to mb_host.o(i.mbh_send) for mbh_send
    main.o(i.main) refers to mb_host.o(i.mbh_poll) for mbh_poll
    main.o(i.main) refers to memseta.o(.text) for __aeabi_memclr
    main.o(i.main) refers to strstr.o(.text) for strstr
    main.o(i.main) refers to load.o(i.json_loads) for json_loads
    main.o(i.main) refers to value.o(i.json_object_get) for json_object_get
    main.o(i.main) refers to value.o(i.json_integer_value) for json_integer_value
    main.o(i.main) refers to usart1.o(i.UART3_Puts) for UART3_Puts
    main.o(i.main) refers to mb_hook.o(.data) for send_TEMP
    main.o(i.main) refers to usart1.o(.bss) for MQTT_RxDataBuf
    main.o(i.main) refers to main.o(.bss) for MQTT_RxDataBuf_nochange
    main.o(i.main) refers to memcmp.o(.text) for memcmp
    main.o(i.main) refers to value.o(i.json_real_value) for json_real_value
    main.o(i.main) refers to d2f.o(.text) for __aeabi_d2f
    main.o(i.main) refers to value.o(i.json_delete) for json_delete
    main.o(i.main) refers to delay.o(i.delay_ms) for delay_ms
    main.o(i.main) refers to strncpy.o(.text) for strncpy
    main.o(i.main) refers to usart1.o(.data) for UART3_RxCounter
    main.o(i.main) refers to __0sscanf.o(.text) for __0sscanf
    main.o(i.main) refers to rtc.o(i.RTC_Set) for RTC_Set
    main.o(i.main) refers to printfa.o(i.__0sprintf) for __2sprintf
    main.o(i.main) refers to strlen.o(.text) for strlen
    main.o(i.main) refers to uldiv.o(.text) for __aeabi_uldivmod
    main.o(i.main) refers to strcat.o(.text) for strcat
    main.o(i.main) refers to main.o(.conststring) for .conststring
    main.o(i.main) refers to main.o(.constdata) for .constdata
    main.o(i.main) refers to fflti.o(.text) for __aeabi_i2f
    main.o(i.main) refers to fmul.o(.text) for __aeabi_fmul
    main.o(i.main) refers to ffixi.o(.text) for __aeabi_f2iz
    main.o(i.main) refers to dflti.o(.text) for __aeabi_i2d
    main.o(i.main) refers to ddiv.o(.text) for __aeabi_ddiv
    main.o(i.main) refers to gui.o(i.GUI_Refresh) for GUI_Refresh
    system_stm32f10x.o(i.SetSysClock) refers to system_stm32f10x.o(i.SetSysClockTo72) for SetSysClockTo72
    system_stm32f10x.o(i.SystemCoreClockUpdate) refers to system_stm32f10x.o(.data) for SystemCoreClock
    system_stm32f10x.o(i.SystemInit) refers to system_stm32f10x.o(i.SetSysClock) for SetSysClock
    startup_stm32f10x_md.o(RESET) refers to startup_stm32f10x_md.o(STACK) for __initial_sp
    startup_stm32f10x_md.o(RESET) refers to startup_stm32f10x_md.o(.text) for Reset_Handler
[...]
    BusFault_Handler                         0x08008b3d   Thumb Code     4  stm32f10x_it.o(i.BusFault_Handler)
    DMA1_Channel4_IRQHandler                 0x08008b41   Thumb Code    30  usart1.o(i.DMA1_Channel4_IRQHandler)
    DMA_ClearITPendingBit                    0x08008b65   Thumb Code    18  stm32f10x_dma.o(i.DMA_ClearITPendingBit)
    DMA_Cmd                                  0x08008b81   Thumb Code    24  stm32f10x_dma.o(i.DMA_Cmd)
    DMA_GetCurrDataCounter                   0x08008b99   Thumb Code     8  stm32f10x_dma.o(i.DMA_GetCurrDataCounter)
    DMA_GetITStatus                          0x08008ba1   Thumb Code    36  stm32f10x_dma.o(i.DMA_GetITStatus)
    DMA_ITConfig                             0x08008bcd   Thumb Code    18  stm32f10x_dma.o(i.DMA_ITConfig)
    DMA_Init                                 0x08008bdf   Thumb Code    60  stm32f10x_dma.o(i.DMA_Init)
    DMA_SetCurrDataCounter                   0x08008c1b   Thumb Code     4  stm32f10x_dma.o(i.DMA_SetCurrDataCounter)
    Data_Change_Child                        0x08008c21   Thumb Code  1506  gui.o(i.Data_Change_Child)
    DebugMon_Handler                         0x08009211   Thumb Code     2  stm32f10x_it.o(i.DebugMon_Handler)
    FLASH_ClearFlag                          0x08009215   Thumb Code     6  stm32f10x_flash.o(i.FLASH_ClearFlag)
    FLASH_ErasePage                          0x08009221   Thumb Code    72  stm32f10x_flash.o(i.FLASH_ErasePage)
    FLASH_GetBank1Status                     0x0800926d   Thumb Code    48  stm32f10x_flash.o(i.FLASH_GetBank1Status)
    FLASH_LockBank1                          0x080092a1   Thumb Code    14  stm32f10x_flash.o(i.FLASH_LockBank1)
    FLASH_ProgramHalfWord                    0x080092b5   Thumb Code    60  stm32f10x_flash.o(i.FLASH_ProgramHalfWord)
    FLASH_UnlockBank1                        0x080092f5   Thumb Code    12  stm32f10x_flash.o(i.FLASH_UnlockBank1)
    FLASH_WaitForLastOperation               0x0800930d   Thumb Code    38  stm32f10x_flash.o(i.FLASH_WaitForLastOperation)
    GP8201S_Write                            0x08009333   Thumb Code    70  gp8201s.o(i.GP8201S_Write)
    GPIO_Init                                0x08009379   Thumb Code   278  stm32f10x_gpio.o(i.GPIO_Init)
    GPIO_PinRemapConfig                      0x08009491   Thumb Code   138  stm32f10x_gpio.o(i.GPIO_PinRemapConfig)
    GPIO_ResetBits                           0x08009521   Thumb Code     4  stm32f10x_gpio.o(i.GPIO_ResetBits)
    GPIO_SetBits                             0x08009525   Thumb Code     4  stm32f10x_gpio.o(i.GPIO_SetBits)
    GUI_Refresh                              0x08009529   Thumb Code  2602  gui.o(i.GUI_Refresh)
    Get_KEY_Value                            0x08009f61   Thumb Code   218  key.o(i.Get_KEY_Value)
    Gui_Drawbmp16                            0x0800a04d   Thumb Code    90  ui.o(i.Gui_Drawbmp16)
    HC595_CS                                 0x0800a0ad   Thumb Code    36  74hc595.o(i.HC595_CS)
    HC595_GPIO_Config                        0x0800a0d5   Thumb Code   140  74hc595.o(i.HC595_GPIO_Config)
    HC595_Send_Byte                          0x0800a16d   Thumb Code    78  74hc595.o(i.HC595_Send_Byte)
    HC595_Send_Multi_Byte                    0x0800a1c5   Thumb Code    36  74hc595.o(i.HC595_Send_Multi_Byte)
    HardFault_Handler                        0x0800a1e9   Thumb Code     4  stm32f10x_it.o(i.HardFault_Handler)
    Hz_Ctrl_Child                            0x0800a1ed   Thumb Code  3428  gui.o(i.Hz_Ctrl_Child)
    IIC_Init                                 0x0800af5d   Thumb Code    64  gp8201s.o(i.IIC_Init)
    IIC_Send_Byte                            0x0800afa9   Thumb Code    90  gp8201s.o(i.IIC_Send_Byte)
    IIC_Start                                0x0800b00d   Thumb Code    46  gp8201s.o(i.IIC_Start)
    IIC_Stop                                 0x0800b045   Thumb Code    46  gp8201s.o(i.IIC_Stop)
    IIC_Wait_Ack                             0x0800b07d   Thumb Code    68  gp8201s.o(i.IIC_Wait_Ack)
    Iot_Child                                0x0800b0c9   Thumb Code   188  gui.o(i.Iot_Child)
    Is_Leap_Year                             0x0800b191   Thumb Code    50  rtc.o(i.Is_Leap_Year)
    LCD_Clear                                0x0800b1c5   Thumb Code   120  lcd.o(i.LCD_Clear)
    LCD_Clear_upper_tail                     0x0800b249   Thumb Code    72  lcd.o(i.LCD_Clear_upper_tail)
    LCD_DrawPoint                            0x0800b299   Thumb Code    92  lcd.o(i.LCD_DrawPoint)
    LCD_Fill                                 0x0800b2fd   Thumb Code    86  ui.o(i.LCD_Fill)
    LCD_GPIOInit                             0x0800b355   Thumb Code    54  lcd.o(i.LCD_GPIOInit)
    LCD_Init                                 0x0800b395   Thumb Code   418  lcd.o(i.LCD_Init)
    LCD_RESET                                0x0800b539   Thumb Code    30  lcd.o(i.LCD_RESET)
    LCD_SetCursor                            0x0800b55d   Thumb Code    20  lcd.o(i.LCD_SetCursor)
    LCD_SetWindows                           0x0800b571   Thumb Code    78  lcd.o(i.LCD_SetWindows)
    LCD_ShowChar                             0x0800b5c5   Thumb Code   294  ui.o(i.LCD_ShowChar)
    LCD_ShowString                           0x0800b6f9   Thumb Code    94  ui.o(i.LCD_ShowString)
    LCD_WR_DATA                              0x0800b75d   Thumb Code    28  lcd.o(i.LCD_WR_DATA)
    LCD_WR_REG                               0x0800b781   Thumb Code    28  lcd.o(i.LCD_WR_REG)
    LCD_WriteRAM_Prepare                     0x0800b7a5   Thumb Code    12  lcd.o(i.LCD_WriteRAM_Prepare)
    LCD_WriteReg                             0x0800b7b5   Thumb Code    20  lcd.o(i.LCD_WriteReg)
    LCD_direction                            0x0800b7c9   Thumb Code   136  lcd.o(i.LCD_direction)
    Lcd_WriteData_16Bit                      0x0800b855   Thumb Code    72  lcd.o(i.Lcd_WriteData_16Bit)
    Main_Back_UI                             0x0800b8a5   Thumb Code  1816  gui.o(i.Main_Back_UI)
    Main_Menu_Func                           0x0800bfc9   Thumb Code   666  gui.o(i.Main_Menu_Func)
    Main_UI                                  0x0800c265   Thumb Code  4424  gui.o(i.Main_UI)
    MemManage_Handler                        0x0800d3c5   Thumb Code     4  stm32f10x_it.o(i.MemManage_Handler)
    NMI_Handler                              0x0800d3c9   Thumb Code     2  stm32f10x_it.o(i.NMI_Handler)
    NVIC_Init                                0x0800d3cd   Thumb Code   100  misc.o(i.NVIC_Init)
    NVIC_PriorityGroupConfig                 0x0800d43d   Thumb Code    10  misc.o(i.NVIC_PriorityGroupConfig)
    PWR_BackupAccessCmd                      0x0800d451   Thumb Code     6  stm32f10x_pwr.o(i.PWR_BackupAccessCmd)
    PendSV_Handler                           0x0800d45d   Thumb Code     2  stm32f10x_it.o(i.PendSV_Handler)
    RCC_ADCCLKConfig                         0x0800d461   Thumb Code    18  stm32f10x_rcc.o(i.RCC_ADCCLKConfig)
    RCC_AHBPeriphClockCmd                    0x0800d479   Thumb Code    26  stm32f10x_rcc.o(i.RCC_AHBPeriphClockCmd)
    RCC_APB1PeriphClockCmd                   0x0800d499   Thumb Code    26  stm32f10x_rcc.o(i.RCC_APB1PeriphClockCmd)
    RCC_APB1PeriphResetCmd                   0x0800d4b9   Thumb Code    26  stm32f10x_rcc.o(i.RCC_APB1PeriphResetCmd)
    RCC_APB2PeriphClockCmd                   0x0800d4d9   Thumb Code    26  stm32f10x_rcc.o(i.RCC_APB2PeriphClockCmd)
    RCC_APB2PeriphResetCmd                   0x0800d4f9   Thumb Code    26  stm32f10x_rcc.o(i.RCC_APB2PeriphResetCmd)
    RCC_BackupResetCmd                       0x0800d519   Thumb Code     6  stm32f10x_rcc.o(i.RCC_BackupResetCmd)
    RCC_GetClocksFreq                        0x0800d525   Thumb Code   192  stm32f10x_rcc.o(i.RCC_GetClocksFreq)
    RCC_GetFlagStatus                        0x0800d5fd   Thumb Code    56  stm32f10x_rcc.o(i.RCC_GetFlagStatus)
    RCC_LSEConfig                            0x0800d639   Thumb Code    46  stm32f10x_rcc.o(i.RCC_LSEConfig)
    RCC_RTCCLKCmd                            0x0800d66d   Thumb Code     6  stm32f10x_rcc.o(i.RCC_RTCCLKCmd)
    RCC_RTCCLKConfig                         0x0800d679   Thumb Code    12  stm32f10x_rcc.o(i.RCC_RTCCLKConfig)
    RTC_ClearITPendingBit                    0x0800d689   Thumb Code    12  stm32f10x_rtc.o(i.RTC_ClearITPendingBit)
    RTC_EnterConfigMode                      0x0800d699   Thumb Code    14  stm32f10x_rtc.o(i.RTC_EnterConfigMode)
    RTC_ExitConfigMode                       0x0800d6ad   Thumb Code    16  stm32f10x_rtc.o(i.RTC_ExitConfigMode)
    RTC_Get                                  0x0800d6c1   Thumb Code   232  rtc.o(i.RTC_Get)
    RTC_GetITStatus                          0x0800d7b9   Thumb Code    32  stm32f10x_rtc.o(i.RTC_GetITStatus)
    RTC_Get_Week                             0x0800d7dd   Thumb Code   116  rtc.o(i.RTC_Get_Week)
    RTC_IRQHandler                           0x0800d855   Thumb Code  1764  rtc.o(i.RTC_IRQHandler)
    RTC_ITConfig                             0x0800df61   Thumb Code    26  stm32f10x_rtc.o(i.RTC_ITConfig)
    RTC_Init                                 0x0800df81   Thumb Code   192  rtc.o(i.RTC_Init)
    RTC_Set                                  0x0800e061   Thumb Code   184  rtc.o(i.RTC_Set)
    RTC_SetCounter                           0x0800e129   Thumb Code    24  stm32f10x_rtc.o(i.RTC_SetCounter)
    RTC_SetPrescaler                         0x0800e145   Thumb Code    26  stm32f10x_rtc.o(i.RTC_SetPrescaler)
    RTC_WaitForLastTask                      0x0800e165   Thumb Code    16  stm32f10x_rtc.o(i.RTC_WaitForLastTask)
    RTC_WaitForSynchro                       0x0800e179   Thumb Code    30  stm32f10x_rtc.o(i.RTC_WaitForSynchro)
    ReadFlashData                            0x0800e19d   Thumb Code    26  flash.o(i.ReadFlashData)
    Read_Temperature                         0x0800e1bd   Thumb Code   254  ntc.o(i.Read_Temperature)
    SDA_IN                                   0x0800e2e5   Thumb Code    24  gp8201s.o(i.SDA_IN)
    SDA_OUT                                  0x0800e301   Thumb Code    30  gp8201s.o(i.SDA_OUT)
    SPI2_Init                                0x0800e325   Thumb Code   124  spi.o(i.SPI2_Init)
    SPI_Cmd                                  0x0800e3a9   Thumb Code    24  stm32f10x_spi.o(i.SPI_Cmd)
    SPI_Init                                 0x0800e3c1   Thumb Code    60  stm32f10x_spi.o(i.SPI_Init)
    SVC_Handler                              0x0800e3fd   Thumb Code     2  stm32f10x_it.o(i.SVC_Handler)
    SysTick_CLKSourceConfig                  0x0800e4e9   Thumb Code    40  misc.o(i.SysTick_CLKSourceConfig)
    SysTick_Handler                          0x0800e511   Thumb Code     2  stm32f10x_it.o(i.SysTick_Handler)
    SystemInit                               0x0800e515   Thumb Code    78  system_stm32f10x.o(i.SystemInit)
    TIM1_Int_Init                            0x0800e575   Thumb Code    92  timer.o(i.TIM1_Int_Init)
    TIM1_UP_IRQHandler                       0x0800e5d5   Thumb Code  1076  timer.o(i.TIM1_UP_IRQHandler)
    TIM2_IRQHandler                          0x0800ea09   Thumb Code  1892  timer.o(i.TIM2_IRQHandler)
    TIM2_Int_Init                            0x0800f179   Thumb Code   100  timer.o(i.TIM2_Int_Init)
    TIM3_IRQHandler                          0x0800f1dd   Thumb Code  2638  timer.o(i.TIM3_IRQHandler)
    TIM3_Int_Init                            0x0800fc51   Thumb Code    98  timer.o(i.TIM3_Int_Init)
    TIM4_IRQHandler                          0x0800fcb9   Thumb Code    26  mb_port.o(i.TIM4_IRQHandler)
    TIM_ARRPreloadConfig                     0x0800fcd9   Thumb Code    24  stm32f10x_tim.o(i.TIM_ARRPreloadConfig)
    TIM_ClearITPendingBit                    0x0800fcf1   Thumb Code     6  stm32f10x_tim.o(i.TIM_ClearITPendingBit)
    TIM_Cmd                                  0x0800fcf7   Thumb Code    24  stm32f10x_tim.o(i.TIM_Cmd)
    TIM_GetITStatus                          0x0800fd0f   Thumb Code    34  stm32f10x_tim.o(i.TIM_GetITStatus)
    TIM_ITConfig                             0x0800fd31   Thumb Code    18  stm32f10x_tim.o(i.TIM_ITConfig)
    TIM_SetCounter                           0x0800fd43   Thumb Code     4  stm32f10x_tim.o(i.TIM_SetCounter)
    TIM_TimeBaseInit                         0x0800fd49   Thumb Code   122  stm32f10x_tim.o(i.TIM_TimeBaseInit)
    Time_Child                               0x0800fded   Thumb Code  2396  gui.o(i.Time_Child)
    UART3DMA_Init                            0x08010755   Thumb Code   168  usart1.o(i.UART3DMA_Init)
    UART3_Init                               0x0801080d   Thumb Code   190  usart1.o(i.UART3_Init)
    UART3_Puts                               0x080108d5   Thumb Code    60  usart1.o(i.UART3_Puts)
    USART1_IRQHandler                        0x08010919   Thumb Code   104  usart1.o(i.USART1_IRQHandler)
    USART3_IRQHandler                        0x0801099d   Thumb Code   106  mb_port.o(i.USART3_IRQHandler)
    USART_ClearFlag                          0x08010a11   Thumb Code    18  stm32f10x_usart.o(i.USART_ClearFlag)
    USART_ClearITPendingBit                  0x08010a23   Thumb Code    30  stm32f10x_usart.o(i.USART_ClearITPendingBit)
    USART_Cmd                                0x08010a41   Thumb Code    24  stm32f10x_usart.o(i.USART_Cmd)
    USART_DMACmd                             0x08010a59   Thumb Code    18  stm32f10x_usart.o(i.USART_DMACmd)
    USART_DeInit                             0x08010a6d   Thumb Code   134  stm32f10x_usart.o(i.USART_DeInit)
    USART_GetFlagStatus                      0x08010b09   Thumb Code    26  stm32f10x_usart.o(i.USART_GetFlagStatus)
    USART_GetITStatus                        0x08010b23   Thumb Code    84  stm32f10x_usart.o(i.USART_GetITStatus)
    USART_ITConfig                           0x08010b77   Thumb Code    74  stm32f10x_usart.o(i.USART_ITConfig)
    USART_Init                               0x08010bc1   Thumb Code   210  stm32f10x_usart.o(i.USART_Init)
    USART_ReceiveData                        0x08010c99   Thumb Code    10  stm32f10x_usart.o(i.USART_ReceiveData)
    USART_SendData                           0x08010ca3   Thumb Code     8  stm32f10x_usart.o(i.USART_SendData)
    UsageFault_Handler                       0x08010cab   Thumb Code     4  stm32f10x_it.o(i.UsageFault_Handler)
    WriteFlashData_alarm                     0x08010cb1   Thumb Code    98  flash.o(i.WriteFlashData_alarm)
    WriteFlashData_hz                        0x08010d1d   Thumb Code    98  flash.o(i.WriteFlashData_hz)
    WriteFlashData_relay                     0x08010d89   Thumb Code    98  flash.o(i.WriteFlashData_relay)
    __0printf                                0x08010df5   Thumb Code    22  printfa.o(i.__0printf)
    __1printf                                0x08010df5   Thumb Code     0  printfa.o(i.__0printf)
    __2printf                                0x08010df5   Thumb Code     0  printfa.o(i.__0printf)
    __c89printf                              0x08010df5   Thumb Code     0  printfa.o(i.__0printf)
    printf                                   0x08010df5   Thumb Code     0  printfa.o(i.__0printf)
    __0snprintf                              0x08010e15   Thumb Code    48  printfa.o(i.__0snprintf)
    __1snprintf                              0x08010e15   Thumb Code     0  printfa.o(i.__0snprintf)
    __2snprintf                              0x08010e15   Thumb Code     0  printfa.o(i.__0snprintf)
    __c89snprintf                            0x08010e15   Thumb Code     0  printfa.o(i.__0snprintf)
    snprintf                                 0x08010e15   Thumb Code     0  printfa.o(i.__0snprintf)
    __0sprintf                               0x08010e49   Thumb Code    34  printfa.o(i.__0sprintf)
    __1sprintf                               0x08010e49   Thumb Code     0  printfa.o(i.__0sprintf)
    __2sprintf                               0x08010e49   Thumb Code     0  printfa.o(i.__0sprintf)
    __c89sprintf                             0x08010e49   Thumb Code     0  printfa.o(i.__0sprintf)
    sprintf                                  0x08010e49   Thumb Code     0  printfa.o(i.__0sprintf)
    __0vsnprintf                             0x08010e71   Thumb Code    46  printfa.o(i.__0vsnprintf)
    __1vsnprintf                             0x08010e71   Thumb Code     0  printfa.o(i.__0vsnprintf)
    __2vsnprintf                             0x08010e71   Thumb Code     0  printfa.o(i.__0vsnprintf)
    __c89vsnprintf                           0x08010e71   Thumb Code     0  printfa.o(i.__0vsnprintf)
    vsnprintf                                0x08010e71   Thumb Code     0  printfa.o(i.__0vsnprintf)
    __0vsprintf                              0x08010ea5   Thumb Code    30  printfa.o(i.__0vsprintf)
    __1vsprintf                              0x08010ea5   Thumb Code     0  printfa.o(i.__0vsprintf)
    __2vsprintf                              0x08010ea5   Thumb Code     0  printfa.o(i.__0vsprintf)
    __c89vsprintf                            0x08010ea5   Thumb Code     0  printfa.o(i.__0vsprintf)
    vsprintf                                 0x08010ea5   Thumb Code     0  printfa.o(i.__0vsprintf)
    __ARM_common_switch8                     0x08010ec9   Thumb Code    26  hashtable.o(i.__ARM_common_switch8)
    __ARM_isinf                              0x08010ee3   Thumb Code    22  value.o(i.__ARM_isinf)
    __ARM_isnan                              0x08010ef9   Thumb Code    20  value.o(i.__ARM_isnan)
    __aeabi_errno_addr                       0x08010f11   Thumb Code     4  errno.o(i.__aeabi_errno_addr)
    __rt_errno_addr                          0x08010f11   Thumb Code     0  errno.o(i.__aeabi_errno_addr)
    __kernel_poly                            0x08010f19   Thumb Code   170  poly.o(i.__kernel_poly)
    __mathlib_dbl_divzero                    0x08010fc5   Thumb Code    12  dunder.o(i.__mathlib_dbl_divzero)
    __mathlib_dbl_infnan                     0x08010fd5   Thumb Code     6  dunder.o(i.__mathlib_dbl_infnan)
    __mathlib_dbl_invalid                    0x08010fdb   Thumb Code    12  dunder.o(i.__mathlib_dbl_invalid)
    __scatterload_copy                       0x08010fe7   Thumb Code    14  handlers.o(i.__scatterload_copy)
    __scatterload_null                       0x08010ff5   Thumb Code     2  handlers.o(i.__scatterload_null)
    __scatterload_zeroinit                   0x08010ff7   Thumb Code    14  handlers.o(i.__scatterload_zeroinit)
    __set_errno                              0x08011005   Thumb Code     6  errno.o(i.__set_errno)
    _is_digit                                0x08011195   Thumb Code    14  scanf_fp.o(i._is_digit)
    delay_init                               0x08011945   Thumb Code    50  delay.o(i.delay_init)
    delay_ms                                 0x08011989   Thumb Code    72  delay.o(i.delay_ms)
    delay_us                                 0x080119d5   Thumb Code    72  delay.o(i.delay_us)
    fputc                                    0x08011ae1   Thumb Code    32  usart1.o(i.fputc)
    free                                     0x08011b05   Thumb Code    76  malloc.o(i.free)
    fresh_page                               0x08011b55   Thumb Code    22  gui.o(i.fresh_page)
    get_temperature                          0x08011b6d   Thumb Code    46  timer.o(i.get_temperature)
    hashtable_close                          0x08011cf5   Thumb Code    16  hashtable.o(i.hashtable_close)
    hashtable_get                            0x08011dd9   Thumb Code    58  hashtable.o(i.hashtable_get)
    hashtable_init                           0x08011e19   Thumb Code    72  hashtable.o(i.hashtable_init)
    hashtable_set                            0x08011e61   Thumb Code   168  hashtable.o(i.hashtable_set)
    is_all_ff                                0x08011f37   Thumb Code    30  main.o(i.is_all_ff)
    json_array                               0x08011f55   Thumb Code    54  value.o(i.json_array)
    json_array_append_new                    0x08011f8d   Thumb Code    68  value.o(i.json_array_append_new)
    json_delete                              0x08012069   Thumb Code    84  value.o(i.json_delete)
    json_false                               0x080120bd   Thumb Code     4  value.o(i.json_false)
    json_integer                             0x080120d5   Thumb Code    28  value.o(i.json_integer)
    json_integer_value                       0x080120f1   Thumb Code    24  value.o(i.json_integer_value)
    json_loads                               0x08012109   Thumb Code    82  load.o(i.json_loads)
    json_null                                0x0801217d   Thumb Code     4  value.o(i.json_null)
    json_object                              0x08012185   Thumb Code    70  value.o(i.json_object)
    json_object_get                          0x080121d1   Thumb Code    28  value.o(i.json_object_get)
    json_object_seed                         0x080121ed   Thumb Code    34  hashtable_seed.o(i.json_object_seed)
    json_object_set_new_nocheck              0x08012215   Thumb Code    58  value.o(i.json_object_set_new_nocheck)
    json_real                                0x08012255   Thumb Code    52  value.o(i.json_real)
    json_real_value                          0x08012289   Thumb Code    24  value.o(i.json_real_value)
    json_true                                0x080122a1   Thumb Code     4  value.o(i.json_true)
    jsonp_error_init                         0x080122a9   Thumb Code    34  error.o(i.jsonp_error_init)
    jsonp_error_set                          0x080122cb   Thumb Code    16  error.o(i.jsonp_error_set)
    jsonp_error_set_source                   0x080122dd   Thumb Code    56  error.o(i.jsonp_error_set_source)
    jsonp_error_vset                         0x08012319   Thumb Code    44  error.o(i.jsonp_error_vset)
    jsonp_free                               0x08012345   Thumb Code    12  memory.o(i.jsonp_free)
    jsonp_malloc                             0x08012355   Thumb Code    12  memory.o(i.jsonp_malloc)
    jsonp_stringn_nocheck_own                0x08012365   Thumb Code    10  value.o(i.jsonp_stringn_nocheck_own)
    jsonp_strndup                            0x0801236f   Thumb Code    36  memory.o(i.jsonp_strndup)
    jsonp_strtod                             0x08012395   Thumb Code    90  strconv.o(i.jsonp_strtod)
    list_change                              0x080129fb   Thumb Code    46  timer.o(i.list_change)
    list_change_end                          0x08012a29   Thumb Code    32  timer.o(i.list_change_end)
    log                                      0x08012a59   Thumb Code   808  log.o(i.log)
    main                                     0x08012db5   Thumb Code 13162  main.o(i.main)
    malloc                                   0x08016129   Thumb Code    92  malloc.o(i.malloc)
    mb_crc16                                 0x08016195   Thumb Code    48  mb_crc.o(i.mb_crc16)
    mb_port_getchar                          0x080161cd   Thumb Code    14  mb_port.o(i.mb_port_getchar)
    mb_port_putchar                          0x080161e1   Thumb Code    28  mb_port.o(i.mb_port_putchar)
    mb_port_timerDisable                     0x08016201   Thumb Code    38  mb_port.o(i.mb_port_timerDisable)
    mb_port_timerEnable                      0x0801622d   Thumb Code    38  mb_port.o(i.mb_port_timerEnable)
    mb_port_timerInit                        0x08016259   Thumb Code   144  mb_port.o(i.mb_port_timerInit)
    mb_port_uartEnable                       0x080162f5   Thumb Code    84  mb_port.o(i.mb_port_uartEnable)
    mb_port_uartInit                         0x08016351   Thumb Code   270  mb_port.o(i.mb_port_uartInit)
    mbh_exec                                 0x08016469   Thumb Code   150  mb_host.o(i.mbh_exec)
    mbh_hook_rec01                           0x080164ff   Thumb Code     2  mb_hook.o(i.mbh_hook_rec01)
    mbh_hook_rec02                           0x08016501   Thumb Code     2  mb_hook.o(i.mbh_hook_rec02)
    mbh_hook_rec03                           0x08016505   Thumb Code    60  mb_hook.o(i.mbh_hook_rec03)
    mbh_hook_rec04                           0x0801654d   Thumb Code     2  mb_hook.o(i.mbh_hook_rec04)
    mbh_hook_rec05                           0x0801654f   Thumb Code     2  mb_hook.o(i.mbh_hook_rec05)
    mbh_hook_rec06                           0x08016551   Thumb Code     2  mb_hook.o(i.mbh_hook_rec06)
    mbh_hook_rec15                           0x08016553   Thumb Code     2  mb_hook.o(i.mbh_hook_rec15)
    mbh_hook_rec16                           0x08016555   Thumb Code     2  mb_hook.o(i.mbh_hook_rec16)
    mbh_hook_timesErr                        0x08016559   Thumb Code    22  mb_hook.o(i.mbh_hook_timesErr)
    mbh_init                                 0x0801657d   Thumb Code    22  mb_host.o(i.mbh_init)
    mbh_poll                                 0x08016595   Thumb Code   200  mb_host.o(i.mbh_poll)
    mbh_send                                 0x08016661   Thumb Code   118  mb_host.o(i.mbh_send)
    mbh_timer3T5Isr                          0x080166dd   Thumb Code    88  mb_host.o(i.mbh_timer3T5Isr)
    mbh_uartRxIsr                            0x08016739   Thumb Code   124  mb_host.o(i.mbh_uartRxIsr)
    mbh_uartTxIsr                            0x080167b9   Thumb Code    92  mb_host.o(i.mbh_uartTxIsr)
    middleValueFilter                        0x08016819   Thumb Code   154  timer.o(i.middleValueFilter)
    seed_from_timestamp_and_pid              0x08016c9d   Thumb Code     6  jansson_config.o(i.seed_from_timestamp_and_pid)
    show_4g                                  0x08016ca5   Thumb Code   112  ui.o(i.show_4g)
    showdigit_color                          0x08016d19   Thumb Code   114  ui.o(i.showdigit_color)
    showhanzi                                0x08016d91   Thumb Code   110  ui.o(i.showhanzi)
    showhanzi_1                              0x08016e05   Thumb Code   112  ui.o(i.showhanzi_1)
    showhanzi_color                          0x08016e79   Thumb Code   114  ui.o(i.showhanzi_color)
    strbuffer_append_byte                    0x08016ef1   Thumb Code    12  strbuffer.o(i.strbuffer_append_byte)
    strbuffer_append_bytes                   0x08016efd   Thumb Code   108  strbuffer.o(i.strbuffer_append_bytes)
    strbuffer_clear                          0x08016f6d   Thumb Code    10  strbuffer.o(i.strbuffer_clear)
    strbuffer_close                          0x08016f77   Thumb Code    24  strbuffer.o(i.strbuffer_close)
    strbuffer_init                           0x08016f8f   Thumb Code    34  strbuffer.o(i.strbuffer_init)
    strbuffer_pop                            0x08016fb1   Thumb Code    24  strbuffer.o(i.strbuffer_pop)
    strbuffer_value                          0x08016fc9   Thumb Code     4  strbuffer.o(i.strbuffer_value)
    strtod                                   0x08017151   Thumb Code    28  strtod.o(i.strtod)
    update_relay_control                     0x0801716d   Thumb Code   326  timer.o(i.update_relay_control)
    utf8_check_first                         0x080172b9   Thumb Code    60  utf.o(i.utf8_check_first)
    utf8_check_full                          0x080172f5   Thumb Code   126  utf.o(i.utf8_check_full)
    utf8_encode                              0x0801737d   Thumb Code   120  utf.o(i.utf8_encode)
    table_week                               0x080175b0   Data          12  rtc.o(.constdata)
    mon_table                                0x080175bc   Data          12  rtc.o(.constdata)
    gImage_3                                 0x080175c8   Data        2048  gui.o(.constdata)
    gImage_4                                 0x08017dc8   Data        2048  gui.o(.constdata)
    asc2_1608                                0x080185c8   Data        1520  ui.o(.constdata)
    hanzi                                    0x08018bb8   Data       19712  ui.o(.constdata)
    __mathlib_zero                           0x0801daf0   Data           8  qnan.o(.constdata)
    __ctype_table                            0x0801daf8   Data         129  ctype_o.o(.constdata)
    Region$$Table$$Base                      0x0801dbf0   Number         0  anon$$obj.o(Region$$Table)
    Region$$Table$$Limit                     0x0801dc10   Number         0  anon$$obj.o(Region$$Table)
    network_flag                             0x20000000   Data           1  main.o(.data)
    register_flag                            0x20000001   Data           1  main.o(.data)
    mqtt_flag                                0x20000002   Data           1  main.o(.data)
    relay1_Control_1                         0x20000003   Data           2  main.o(.data)
    addr                                     0x20000005   Data           1  main.o(.data)
    addr_flag                                0x20000006   Data           1  main.o(.data)
    warn_timer_count                         0x20000008   Data           8  main.o(.data)
    SystemCoreClock                          0x20000010   Data           4  system_stm32f10x.o(.data)
    AHBPrescTable                            0x20000014   Data          16  system_stm32f10x.o(.data)
    cont_key_count                           0x20000038   Data           2  key.o(.data)
    TIM3_Counter_10s                         0x2000003c   Data           2  timer.o(.data)
    TIM3_flag                                0x2000003e   Data           1  timer.o(.data)
    TIM4_Counter_10s                         0x20000040   Data           4  timer.o(.data)
    TIM4_flag                                0x20000044   Data           1  timer.o(.data)
    TIM5_Counter_10s                         0x20000046   Data           2  timer.o(.data)
    TIM5_flag                                0x20000048   Data           1  timer.o(.data)
    TIM6_Counter                             0x2000004c   Data           4  timer.o(.data)
    TIM6_flag                                0x20000050   Data           1  timer.o(.data)
    Heartbeat_Counter_1s                     0x20000054   Data           4  timer.o(.data)
    Heartbeat_flag                           0x20000058   Data           1  timer.o(.data)
    TIM7_Counter                             0x2000005c   Data           4  timer.o(.data)
    TIM8_Counter_test                        0x20000060   Data           4  timer.o(.data)
    MQTT_CON_Counter                         0x20000064   Data           4  timer.o(.data)
    MQTT_CON_flag                            0x20000068   Data           1  timer.o(.data)
    relay_speed_ui_count                     0x2000006c   Data           4  timer.o(.data)
    temperature1                             0x20000070   Data           4  timer.o(.data)
    temperature2                             0x20000074   Data           4  timer.o(.data)
    temperature3                             0x20000078   Data           4  timer.o(.data)
    average_temp                             0x2000007c   Data           4  timer.o(.data)
    FLASHStatus                              0x20000114   Data           1  flash.o(.data)
    gImage_1                                 0x20000118   Data        2048  gui.o(.data)
    gImage_2                                 0x20000918   Data        2048  gui.o(.data)
    relay_structure                          0x20001118   Data         500  gui.o(.data)
    hz_control                               0x2000130c   Data          20  gui.o(.data)
    last_index_save                          0x20001320   Data           1  gui.o(.data)
    Hz_temp_choose                           0x20001324   Data           4  gui.o(.data)
    out_voltage                              0x20001328   Data           1  gui.o(.data)
    warn_flag                                0x20001329   Data           1  gui.o(.data)
    NH3_warn_flag                            0x2000132a   Data           1  gui.o(.data)
    warn_temp1_flag                          0x2000132b   Data           1  gui.o(.data)
    warn_temp2_flag                          0x2000132c   Data           1  gui.o(.data)
    warn_temp3_flag                          0x2000132d   Data           1  gui.o(.data)
    warn_temp485_flag                        0x2000132e   Data           1  gui.o(.data)
    warn_rh_flag                             0x2000132f   Data           1  gui.o(.data)
    NH3_max                                  0x20001330   Data           1  gui.o(.data)
    limit_temp1_maxvalue                     0x20001331   Data           1  gui.o(.data)
    limit_temp1_minvalue                     0x20001332   Data           1  gui.o(.data)
    limit_temp2_maxvalue                     0x20001333   Data           1  gui.o(.data)
    limit_temp2_minvalue                     0x20001334   Data           1  gui.o(.data)
    limit_temp3_maxvalue                     0x20001335   Data           1  gui.o(.data)
    limit_temp3_minvalue                     0x20001336   Data           1  gui.o(.data)
    limit_temp485_maxvalue                   0x20001337   Data           1  gui.o(.data)
    limit_temp485_minvalue                   0x20001338   Data           1  gui.o(.data)
    limit_rh_maxvalue                        0x20001339   Data           1  gui.o(.data)
    limit_rh_minvalue                        0x2000133a   Data           1  gui.o(.data)
    relay_Control                            0x2000133b   Data           2  gui.o(.data)
    temp1_correct                            0x20001340   Data           4  gui.o(.data)
    temp2_correct                            0x20001344   Data           4  gui.o(.data)
    temp3_correct                            0x20001348   Data           4  gui.o(.data)
    relay_change_falg                        0x20001354   Data           1  gui.o(.data)
    hz_change_falg                           0x20001355   Data           1  gui.o(.data)
    hz_change_buffer                         0x20001358   Data          20  gui.o(.data)
    warn_change_falg                         0x2000136c   Data           1  gui.o(.data)
    warn_change_buffer                       0x2000136d   Data          14  gui.o(.data)
    ctrl_ui                                  0x2000137b   Data           1  gui.o(.data)
    send_CONFIG_INDEX                        0x20001395   Data           1  gui.o(.data)
    send_CONFIG_FLAG                         0x20001396   Data           1  gui.o(.data)
    send_warn_Flag                           0x20001397   Data           1  gui.o(.data)
    send_HZ_Flag                             0x20001398   Data           1  gui.o(.data)
    table                                    0x2000139c   Data         300  gui.o(.data)
    POINT_COLOR                              0x200014d6   Data           2  lcd.o(.data)
    BACK_COLOR                               0x200014d8   Data           2  lcd.o(.data)
    DeviceCode                               0x200014da   Data           2  lcd.o(.data)
    asc_32016                                0x200014dc   Data        1408  ui.o(.data)
    g4                                       0x20001a5c   Data         128  ui.o(.data)
    UART3_RxCounter                          0x20001ae0   Data           4  usart1.o(.data)
    send_NH3                                 0x20001ae4   Data           2  mb_hook.o(.data)
    send_TEMP_buf                            0x20001ae6   Data           2  mb_hook.o(.data)
    send_TEMP                                0x20001ae8   Data           2  mb_hook.o(.data)
    send_RH                                  0x20001aea   Data           2  mb_hook.o(.data)
    hashtable_seed                           0x20001b0c   Data           4  hashtable_seed.o(.data)
    __stdout                                 0x20001b14   Data           4  stdout.o(.data)
    __microlib_freelist                      0x20001b18   Data           4  mvars.o(.data)
    __microlib_freelist_initialised          0x20001b1c   Data           4  mvars.o(.data)
    MQTT_RxDataBuf_nochange                  0x20001b20   Data        1024  main.o(.bss)
    flash_data                               0x20001f20   Data           9  main.o(.bss)
    time_str                                 0x20001f29   Data          21  main.o(.bss)
    calendar                                 0x20002148   Data          10  rtc.o(.bss)
    relay_mode_buf                           0x20002152   Data          10  gui.o(.bss)
    relay_structure_temp                     0x2000215c   Data         500  gui.o(.bss)
    imei_no                                  0x20002350   Data          16  gui.o(.bss)
    relay_change_buffer                      0x20002360   Data         500  gui.o(.bss)
    lcddev                                   0x20002554   Data          14  lcd.o(.bss)
    UART3_RxBuff                             0x20002562   Data        1024  usart1.o(.bss)
    UART3_TxBuff                             0x20002962   Data        1024  usart1.o(.bss)
    MQTT_RxDataBuf                           0x20002d62   Data        1024  usart1.o(.bss)
    mbHost                                   0x20003162   Data         516  mb_host.o(.bss)
    __heap_base                              0x20003368   Data           0  startup_stm32f10x_md.o(HEAP)
    __heap_limit                             0x20004368   Data           0  startup_stm32f10x_md.o(HEAP)
    __initial_sp                             0x20004b68   Data           0  startup_stm32f10x_md.o(STACK)



==============================================================================

Memory Map of the image

  Image Entry point : 0x080000ed

  Load Region LR_IROM1 (Base: 0x08000000, Size: 0x0001f730, Max: 0x00020000, ABSOLUTE, COMPRESSED[0x0001e734])

    Execution Region ER_IROM1 (Exec base: 0x08000000, Load base: 0x08000000, Size: 0x0001dc10, Max: 0x00020000, ABSOLUTE)

    Exec Addr    Load Addr    Size         Type   Attr      Idx    E Section Name        Object

    0x08000000   0x08000000   0x000000ec   Data   RO           24    RESET               startup_stm32f10x_md.o
    0x080000ec   0x080000ec   0x00000000   Code   RO          676  * .ARM.Collect$$$$00000000  mc_w.l(entry.o)
    0x080000ec   0x080000ec   0x00000004   Code   RO          887    .ARM.Collect$$$$00000001  mc_w.l(entry2.o)
    0x080000f0   0x080000f0   0x00000004   Code   RO          890    .ARM.Collect$$$$00000004  mc_w.l(entry5.o)
    0x080000f4   0x080000f4   0x00000000   Code   RO          892    .ARM.Collect$$$$00000008  mc_w.l(entry7b.o)
    0x080000f4   0x080000f4   0x00000000   Code   RO          894    .ARM.Collect$$$$0000000A  mc_w.l(entry8b.o)
    0x080000f4   0x080000f4   0x00000008   Code   RO          895    .ARM.Collect$$$$0000000B  mc_w.l(entry9a.o)
    0x080000fc   0x080000fc   0x00000004   Code   RO          902    .ARM.Collect$$$$0000000E  mc_w.l(entry12b.o)
    0x08000100   0x08000100   0x00000000   Code   RO          897    .ARM.Collect$$$$0000000F  mc_w.l(entry10a.o)
    0x08000100   0x08000100   0x00000000   Code   RO          899    .ARM.Collect$$$$00000011  mc_w.l(entry11a.o)
    0x08000100   0x08000100   0x00000004   Code   RO          888    .ARM.Collect$$$$00002712  mc_w.l(entry2.o)
    0x08000104   0x08000104   0x00000024   Code   RO           25    .text               startup_stm32f10x_md.o
    0x08000128   0x08000128   0x0000002c   Code   RO          689    .text               mc_w.l(uidiv.o)
    0x08000154   0x08000154   0x00000062   Code   RO          690    .text               mc_w.l(uldiv.o)
    0x080001b6   0x080001b6   0x00000040   Code   RO          693    .text               mc_w.l(memmovea.o)
    0x080001f6   0x080001f6   0x00000024   Code   RO          694    .text               mc_w.l(memseta.o)
    0x0800021a   0x0800021a   0x00000018   Code   RO          695    .text               mc_w.l(strcat.o)
    0x08000232   0x08000232   0x00000024   Code   RO          696    .text               mc_w.l(strstr.o)
    0x08000256   0x08000256   0x00000018   Code   RO          697    .text               mc_w.l(strncpy.o)
    0x0800026e   0x0800026e   0x0000000e   Code   RO          699    .text               mc_w.l(strlen.o)
    0x0800027c   0x0800027c   0x0000001c   Code   RO          700    .text               mc_w.l(strcmp.o)
    0x08000298   0x08000298   0x00000014   Code   RO          701    .text               mc_w.l(memchr.o)
    0x080002ac   0x080002ac   0x0000001a   Code   RO          702    .text               mc_w.l(memcmp.o)
    0x080002c6   0x080002c6   0x00000012   Code   RO          703    .text               mc_w.l(strcpy.o)
    0x080002d8   0x080002d8   0x00000038   Code   RO          856    .text               mc_w.l(__0sscanf.o)
    0x08000310   0x08000310   0x0000014c   Code   RO          857    .text               mc_w.l(_scanf_int.o)
    0x0800045c   0x0800045c   0x00000004   Code   RO          858    .text               mc_w.l(strtoll.o)
    0x08000460   0x08000460   0x000000b0   Code   RO          859    .text               mf_w.l(fadd.o)
    0x08000510   0x08000510   0x00000064   Code   RO          860    .text               mf_w.l(fmul.o)
    0x08000574   0x08000574   0x0000007c   Code   RO          861    .text               mf_w.l(fdiv.o)
    0x080005f0   0x080005f0   0x0000014e   Code   RO          862    .text               mf_w.l(dadd.o)
    0x0800073e   0x0800073e   0x000000e4   Code   RO          863    .text               mf_w.l(dmul.o)
    0x08000822   0x08000822   0x000000de   Code   RO          864    .text               mf_w.l(ddiv.o)
    0x08000900   0x08000900   0x00000012   Code   RO          865    .text               mf_w.l(fflti.o)
    0x08000912   0x08000912   0x0000000a   Code   RO          866    .text               mf_w.l(ffltui.o)
    0x0800091c   0x0800091c   0x00000022   Code   RO          867    .text               mf_w.l(dflti.o)
    0x0800093e   0x0800093e   0x00000032   Code   RO          869    .text               mf_w.l(ffixi.o)
    0x08000970   0x08000970   0x00000028   Code   RO          870    .text               mf_w.l(ffixui.o)
    0x08000998   0x08000998   0x00000032   Code   RO          871    .text               mf_w.l(dfixui.o)
    0x080009ca   0x080009ca   0x00000026   Code   RO          872    .text               mf_w.l(f2d.o)
    0x080009f0   0x080009f0   0x00000030   Code   RO          873    .text               mf_w.l(cdcmple.o)
    0x08000a20   0x08000a20   0x00000030   Code   RO          874    .text               mf_w.l(cdrcmple.o)
    0x08000a50   0x08000a50   0x00000038   Code   RO          875    .text               mf_w.l(d2f.o)
    0x08000a88   0x08000a88   0x00000014   Code   RO          876    .text               mf_w.l(cfcmple.o)
    0x08000a9c   0x08000a9c   0x00000014   Code   RO          877    .text               mf_w.l(cfrcmple.o)
    0x08000ab0   0x08000ab0   0x0000001e   Code   RO          905    .text               mc_w.l(llshl.o)
    0x08000ace   0x08000ace   0x00000020   Code   RO          906    .text               mc_w.l(llushr.o)
    0x08000aee   0x08000aee   0x00000024   Code   RO          907    .text               mc_w.l(llsshr.o)
    0x08000b12   0x08000b12   0x0000001c   Code   RO          910    .text               mc_w.l(_chval.o)
    0x08000b2e   0x08000b2e   0x00000002   PAD
    0x08000b30   0x08000b30   0x00000028   Code   RO          911    .text               mc_w.l(scanf_char.o)
    0x08000b58   0x08000b58   0x00000040   Code   RO          912    .text               mc_w.l(_sgetc.o)
    0x08000b98   0x08000b98   0x0000009c   Code   RO          913    .text               mc_w.l(strtod.o)
    0x08000c34   0x08000c34   0x00000090   Code   RO          914    .text               mc_w.l(__strtoll.o)
    0x08000cc4   0x08000cc4   0x00000000   Code   RO          915    .text               mc_w.l(iusefp.o)
    0x08000cc4   0x08000cc4   0x0000006e   Code   RO          917    .text               mf_w.l(fepilogue.o)
    0x08000d32   0x08000d32   0x000000ba   Code   RO          918    .text               mf_w.l(depilogue.o)
    0x08000dec   0x08000dec   0x0000002e   Code   RO          919    .text               mf_w.l(dscalb.o)
    0x08000e1a   0x08000e1a   0x00000030   Code   RO          920    .text               mf_w.l(dfixul.o)
    0x08000e4a   0x08000e4a   0x00000002   PAD
    0x08000e4c   0x08000e4c   0x00000024   Code   RO          921    .text               mc_w.l(init.o)
    0x08000e70   0x08000e70   0x00000008   Code   RO          923    .text               mc_w.l(ctype_o.o)
    0x08000e78   0x08000e78   0x00000012   Code   RO          935    .text               mc_w.l(isspace_o.o)
    0x08000e8a   0x08000e8a   0x00000002   PAD
    0x08000e8c   0x08000e8c   0x00000330   Code   RO          938    .text               mc_w.l(_scanf.o)
    0x080011bc   0x080011bc   0x00000360   Code   RO          939    .text               mc_w.l(scanf_fp.o)
    0x0800151c   0x0800151c   0x000000c2   Code   RO          941    .text               mc_w.l(_strtoull.o)
    0x080015de   0x080015de   0x00000018   Code   RO          944    .text               mf_w.l(dfltul.o)
    0x080015f6   0x080015f6   0x0000005e   Code   RO          950    .text               mc_w.l(__dclz77c.o)
    0x08001654   0x08001654   0x00000016   Code   RO           37    i.ADC_Cmd           stm32f10x_adc.o
    0x0800166a   0x0800166a   0x00000002   PAD
    0x0800166c   0x0800166c   0x0000008c   Code   RO          408    i.ADC_Configuration  ntc.o
    0x080016f8   0x080016f8   0x00000014   Code   RO           45    i.ADC_GetCalibrationStatus  stm32f10x_adc.o
    0x0800170c   0x0800170c   0x00000008   Code   RO           46    i.ADC_GetConversionValue  stm32f10x_adc.o
    0x08001714   0x08001714   0x00000012   Code   RO           48    i.ADC_GetFlagStatus  stm32f10x_adc.o
    0x08001726   0x08001726   0x00000014   Code   RO           51    i.ADC_GetResetCalibrationStatus  stm32f10x_adc.o
    0x0800173a   0x0800173a   0x00000002   PAD
    0x0800173c   0x0800173c   0x00000050   Code   RO           55    i.ADC_Init          stm32f10x_adc.o
    0x0800178c   0x0800178c   0x000000b8   Code   RO           59    i.ADC_RegularChannelConfig  stm32f10x_adc.o
    0x08001844   0x08001844   0x0000000a   Code   RO           60    i.ADC_ResetCalibration  stm32f10x_adc.o
    0x0800184e   0x0800184e   0x00000016   Code   RO           62    i.ADC_SoftwareStartConvCmd  stm32f10x_adc.o
    0x08001864   0x08001864   0x0000000a   Code   RO           64    i.ADC_StartCalibration  stm32f10x_adc.o
    0x0800186e   0x0800186e   0x00000354   Code   RO          417    i.Air_Blower_Child_Ctrl  gui.o
    0x08001bc2   0x08001bc2   0x00000002   PAD
    0x08001bc4   0x08001bc4   0x000061b4   Code   RO          418    i.Air_Blower_Child_Ctrl_1_Fun  gui.o
    0x08007d78   0x08007d78   0x00000d7c   Code   RO          419    i.Alarm_Child       gui.o
    0x08008af4   0x08008af4   0x00000010   Code   RO           69    i.BKP_DeInit        stm32f10x_bkp.o
    0x08008b04   0x08008b04   0x0000001c   Code   RO           74    i.BKP_ReadBackupRegister  stm32f10x_bkp.o
    0x08008b20   0x08008b20   0x0000001c   Code   RO           78    i.BKP_WriteBackupRegister  stm32f10x_bkp.o
    0x08008b3c   0x08008b3c   0x00000004   Code   RO            7    i.BusFault_Handler  stm32f10x_it.o
    0x08008b40   0x08008b40   0x00000024   Code   RO          484    i.DMA1_Channel4_IRQHandler  usart1.o
    0x08008b64   0x08008b64   0x0000001c   Code   RO           80    i.DMA_ClearITPendingBit  stm32f10x_dma.o
    0x08008b80   0x08008b80   0x00000018   Code   RO           81    i.DMA_Cmd           stm32f10x_dma.o
    0x08008b98   0x08008b98   0x00000008   Code   RO           83    i.DMA_GetCurrDataCounter  stm32f10x_dma.o
    0x08008ba0   0x08008ba0   0x0000002c   Code   RO           85    i.DMA_GetITStatus   stm32f10x_dma.o
    0x08008bcc   0x08008bcc   0x00000012   Code   RO           86    i.DMA_ITConfig      stm32f10x_dma.o
    0x08008bde   0x08008bde   0x0000003c   Code   RO           87    i.DMA_Init          stm32f10x_dma.o
    0x08008c1a   0x08008c1a   0x00000004   Code   RO           88    i.DMA_SetCurrDataCounter  stm32f10x_dma.o
    0x08008c1e   0x08008c1e   0x00000002   PAD
    0x08008c20   0x08008c20   0x000005f0   Code   RO          420    i.Data_Change_Child  gui.o
    0x08009210   0x08009210   0x00000002   Code   RO            8    i.DebugMon_Handler  stm32f10x_it.o
    0x08009212   0x08009212   0x00000002   PAD
    0x08009214   0x08009214   0x0000000c   Code   RO           98    i.FLASH_ClearFlag   stm32f10x_flash.o
    0x08009220   0x08009220   0x0000004c   Code   RO          103    i.FLASH_ErasePage   stm32f10x_flash.o
    0x0800926c   0x0800926c   0x00000034   Code   RO          104    i.FLASH_GetBank1Status  stm32f10x_flash.o
    0x080092a0   0x080092a0   0x00000014   Code   RO          114    i.FLASH_LockBank1   stm32f10x_flash.o
    0x080092b4   0x080092b4   0x00000040   Code   RO          116    i.FLASH_ProgramHalfWord  stm32f10x_flash.o
    0x080092f4   0x080092f4   0x00000018   Code   RO          122    i.FLASH_UnlockBank1  stm32f10x_flash.o
    0x0800930c   0x0800930c   0x00000026   Code   RO          125    i.FLASH_WaitForLastOperation  stm32f10x_flash.o
    0x08009332   0x08009332   0x00000046   Code   RO          465    i.GP8201S_Write     gp8201s.o
    0x08009378   0x08009378   0x00000116   Code   RO          132    i.GPIO_Init         stm32f10x_gpio.o
    0x0800948e   0x0800948e   0x00000002   PAD
    0x08009490   0x08009490   0x00000090   Code   RO          134    i.GPIO_PinRemapConfig  stm32f10x_gpio.o
    0x08009520   0x08009520   0x00000004   Code   RO          139    i.GPIO_ResetBits    stm32f10x_gpio.o
    0x08009524   0x08009524   0x00000004   Code   RO          140    i.GPIO_SetBits      stm32f10x_gpio.o
    0x08009528   0x08009528   0x00000a38   Code   RO          421    i.GUI_Refresh       gui.o
    0x08009f60   0x08009f60   0x000000ec   Code   RO          376    i.Get_KEY_Value     key.o
    0x0800a04c   0x0800a04c   0x00000060   Code   RO          453    i.Gui_Drawbmp16     ui.o
    0x0800a0ac   0x0800a0ac   0x00000028   Code   RO          403    i.HC595_CS          74hc595.o
    0x0800a0d4   0x0800a0d4   0x00000098   Code   RO          404    i.HC595_GPIO_Config  74hc595.o
    0x0800a16c   0x0800a16c   0x00000058   Code   RO          405    i.HC595_Send_Byte   74hc595.o
    0x0800a1c4   0x0800a1c4   0x00000024   Code   RO          406    i.HC595_Send_Multi_Byte  74hc595.o
    0x0800a1e8   0x0800a1e8   0x00000004   Code   RO            9    i.HardFault_Handler  stm32f10x_it.o
    0x0800a1ec   0x0800a1ec   0x00000d70   Code   RO          422    i.Hz_Ctrl_Child     gui.o
    0x0800af5c   0x0800af5c   0x0000004c   Code   RO          467    i.IIC_Init          gp8201s.o
    0x0800afa8   0x0800afa8   0x00000064   Code   RO          470    i.IIC_Send_Byte     gp8201s.o
    0x0800b00c   0x0800b00c   0x00000038   Code   RO          471    i.IIC_Start         gp8201s.o
    0x0800b044   0x0800b044   0x00000038   Code   RO          472    i.IIC_Stop          gp8201s.o
    0x0800b07c   0x0800b07c   0x0000004c   Code   RO          473    i.IIC_Wait_Ack      gp8201s.o
    0x0800b0c8   0x0800b0c8   0x000000c8   Code   RO          423    i.Iot_Child         gui.o
    0x0800b190   0x0800b190   0x00000032   Code   RO          393    i.Is_Leap_Year      rtc.o
    0x0800b1c2   0x0800b1c2   0x00000002   PAD
    0x0800b1c4   0x0800b1c4   0x00000084   Code   RO          432    i.LCD_Clear         lcd.o
    0x0800b248   0x0800b248   0x00000050   Code   RO          433    i.LCD_Clear_upper_tail  lcd.o
    0x0800b298   0x0800b298   0x00000064   Code   RO          434    i.LCD_DrawPoint     lcd.o
    0x0800b2fc   0x0800b2fc   0x00000056   Code   RO          455    i.LCD_Fill          ui.o
    0x0800b352   0x0800b352   0x00000002   PAD
    0x0800b354   0x0800b354   0x00000040   Code   RO          435    i.LCD_GPIOInit      lcd.o
    0x0800b394   0x0800b394   0x000001a2   Code   RO          436    i.LCD_Init          lcd.o
    0x0800b536   0x0800b536   0x00000002   PAD
    0x0800b538   0x0800b538   0x00000024   Code   RO          437    i.LCD_RESET         lcd.o
    0x0800b55c   0x0800b55c   0x00000014   Code   RO          438    i.LCD_SetCursor     lcd.o
    0x0800b570   0x0800b570   0x00000054   Code   RO          439    i.LCD_SetWindows    lcd.o
    0x0800b5c4   0x0800b5c4   0x00000134   Code   RO          456    i.LCD_ShowChar      ui.o
    0x0800b6f8   0x0800b6f8   0x00000064   Code   RO          457    i.LCD_ShowString    ui.o
    0x0800b75c   0x0800b75c   0x00000024   Code   RO          440    i.LCD_WR_DATA       lcd.o
    0x0800b780   0x0800b780   0x00000024   Code   RO          442    i.LCD_WR_REG        lcd.o
    0x0800b7a4   0x0800b7a4   0x00000010   Code   RO          443    i.LCD_WriteRAM_Prepare  lcd.o
    0x0800b7b4   0x0800b7b4   0x00000014   Code   RO          444    i.LCD_WriteReg      lcd.o
    0x0800b7c8   0x0800b7c8   0x0000008c   Code   RO          445    i.LCD_direction     lcd.o
    0x0800b854   0x0800b854   0x00000050   Code   RO          446    i.Lcd_WriteData_16Bit  lcd.o
    0x0800b8a4   0x0800b8a4   0x00000724   Code   RO          424    i.Main_Back_UI      gui.o
    0x0800bfc8   0x0800bfc8   0x0000029a   Code   RO          425    i.Main_Menu_Func    gui.o
    0x0800c262   0x0800c262   0x00000002   PAD
    0x0800c264   0x0800c264   0x00001160   Code   RO          426    i.Main_UI           gui.o
    0x0800d3c4   0x0800d3c4   0x00000004   Code   RO           10    i.MemManage_Handler  stm32f10x_it.o
    0x0800d3c8   0x0800d3c8   0x00000002   Code   RO           11    i.NMI_Handler       stm32f10x_it.o
    0x0800d3ca   0x0800d3ca   0x00000002   PAD
    0x0800d3cc   0x0800d3cc   0x00000070   Code   RO           26    i.NVIC_Init         misc.o
    0x0800d43c   0x0800d43c   0x00000014   Code   RO           27    i.NVIC_PriorityGroupConfig  misc.o
    0x0800d450   0x0800d450   0x0000000c   Code   RO          367    i.PWR_BackupAccessCmd  stm32f10x_pwr.o
    0x0800d45c   0x0800d45c   0x00000002   Code   RO           12    i.PendSV_Handler    stm32f10x_it.o
    0x0800d45e   0x0800d45e   0x00000002   PAD
    0x0800d460   0x0800d460   0x00000018   Code   RO          177    i.RCC_ADCCLKConfig  stm32f10x_rcc.o
    0x0800d478   0x0800d478   0x00000020   Code   RO          178    i.RCC_AHBPeriphClockCmd  stm32f10x_rcc.o
    0x0800d498   0x0800d498   0x00000020   Code   RO          179    i.RCC_APB1PeriphClockCmd  stm32f10x_rcc.o
    0x0800d4b8   0x0800d4b8   0x00000020   Code   RO          180    i.RCC_APB1PeriphResetCmd  stm32f10x_rcc.o
    0x0800d4d8   0x0800d4d8   0x00000020   Code   RO          181    i.RCC_APB2PeriphClockCmd  stm32f10x_rcc.o
    0x0800d4f8   0x0800d4f8   0x00000020   Code   RO          182    i.RCC_APB2PeriphResetCmd  stm32f10x_rcc.o
    0x0800d518   0x0800d518   0x0000000c   Code   RO          184    i.RCC_BackupResetCmd  stm32f10x_rcc.o
    0x0800d524   0x0800d524   0x000000d8   Code   RO          189    i.RCC_GetClocksFreq  stm32f10x_rcc.o
    0x0800d5fc   0x0800d5fc   0x0000003c   Code   RO          190    i.RCC_GetFlagStatus  stm32f10x_rcc.o
    0x0800d638   0x0800d638   0x00000034   Code   RO          197    i.RCC_LSEConfig     stm32f10x_rcc.o
    0x0800d66c   0x0800d66c   0x0000000c   Code   RO          204    i.RCC_RTCCLKCmd     stm32f10x_rcc.o
    0x0800d678   0x0800d678   0x00000010   Code   RO          205    i.RCC_RTCCLKConfig  stm32f10x_rcc.o
    0x0800d688   0x0800d688   0x00000010   Code   RO          211    i.RTC_ClearITPendingBit  stm32f10x_rtc.o
    0x0800d698   0x0800d698   0x00000014   Code   RO          212    i.RTC_EnterConfigMode  stm32f10x_rtc.o
    0x0800d6ac   0x0800d6ac   0x00000014   Code   RO          213    i.RTC_ExitConfigMode  stm32f10x_rtc.o
    0x0800d6c0   0x0800d6c0   0x000000f8   Code   RO          395    i.RTC_Get           rtc.o
    0x0800d7b8   0x0800d7b8   0x00000024   Code   RO          217    i.RTC_GetITStatus   stm32f10x_rtc.o
    0x0800d7dc   0x0800d7dc   0x00000078   Code   RO          396    i.RTC_Get_Week      rtc.o
    0x0800d854   0x0800d854   0x0000070c   Code   RO          397    i.RTC_IRQHandler    rtc.o
    0x0800df60   0x0800df60   0x00000020   Code   RO          218    i.RTC_ITConfig      stm32f10x_rtc.o
    0x0800df80   0x0800df80   0x000000c0   Code   RO          398    i.RTC_Init          rtc.o
    0x0800e040   0x0800e040   0x00000020   Code   RO          399    i.RTC_NVIC_Config   rtc.o
    0x0800e060   0x0800e060   0x000000c8   Code   RO          400    i.RTC_Set           rtc.o
    0x0800e128   0x0800e128   0x0000001c   Code   RO          220    i.RTC_SetCounter    stm32f10x_rtc.o
    0x0800e144   0x0800e144   0x00000020   Code   RO          221    i.RTC_SetPrescaler  stm32f10x_rtc.o
    0x0800e164   0x0800e164   0x00000014   Code   RO          222    i.RTC_WaitForLastTask  stm32f10x_rtc.o
    0x0800e178   0x0800e178   0x00000024   Code   RO          223    i.RTC_WaitForSynchro  stm32f10x_rtc.o
    0x0800e19c   0x0800e19c   0x00000020   Code   RO          410    i.ReadFlashData     flash.o
    0x0800e1bc   0x0800e1bc   0x00000128   Code   RO          409    i.Read_Temperature  ntc.o
    0x0800e2e4   0x0800e2e4   0x0000001c   Code   RO          474    i.SDA_IN            gp8201s.o
    0x0800e300   0x0800e300   0x00000024   Code   RO          475    i.SDA_OUT           gp8201s.o
    0x0800e324   0x0800e324   0x00000084   Code   RO          449    i.SPI2_Init         spi.o
    0x0800e3a8   0x0800e3a8   0x00000018   Code   RO          229    i.SPI_Cmd           stm32f10x_spi.o
    0x0800e3c0   0x0800e3c0   0x0000003c   Code   RO          242    i.SPI_Init          stm32f10x_spi.o
    0x0800e3fc   0x0800e3fc   0x00000002   Code   RO           13    i.SVC_Handler       stm32f10x_it.o
    0x0800e3fe   0x0800e3fe   0x00000008   Code   RO           16    i.SetSysClock       system_stm32f10x.o
    0x0800e406   0x0800e406   0x00000002   PAD
    0x0800e408   0x0800e408   0x000000e0   Code   RO           17    i.SetSysClockTo72   system_stm32f10x.o
    0x0800e4e8   0x0800e4e8   0x00000028   Code   RO           30    i.SysTick_CLKSourceConfig  misc.o
    0x0800e510   0x0800e510   0x00000002   Code   RO           14    i.SysTick_Handler   stm32f10x_it.o
    0x0800e512   0x0800e512   0x00000002   PAD
    0x0800e514   0x0800e514   0x00000060   Code   RO           19    i.SystemInit        system_stm32f10x.o
    0x0800e574   0x0800e574   0x00000060   Code   RO          380    i.TIM1_Int_Init     timer.o
    0x0800e5d4   0x0800e5d4   0x00000434   Code   RO          381    i.TIM1_UP_IRQHandler  timer.o
    0x0800ea08   0x0800ea08   0x00000770   Code   RO          382    i.TIM2_IRQHandler   timer.o
    0x0800f178   0x0800f178   0x00000064   Code   RO          383    i.TIM2_Int_Init     timer.o
    0x0800f1dc   0x0800f1dc   0x00000a74   Code   RO          384    i.TIM3_IRQHandler   timer.o
    0x0800fc50   0x0800fc50   0x00000068   Code   RO          385    i.TIM3_Int_Init     timer.o
    0x0800fcb8   0x0800fcb8   0x00000020   Code   RO          514    i.TIM4_IRQHandler   mb_port.o
    0x0800fcd8   0x0800fcd8   0x00000018   Code   RO          251    i.TIM_ARRPreloadConfig  stm32f10x_tim.o
    0x0800fcf0   0x0800fcf0   0x00000006   Code   RO          258    i.TIM_ClearITPendingBit  stm32f10x_tim.o
    0x0800fcf6   0x0800fcf6   0x00000018   Code   RO          263    i.TIM_Cmd           stm32f10x_tim.o
    0x0800fd0e   0x0800fd0e   0x00000022   Code   RO          284    i.TIM_GetITStatus   stm32f10x_tim.o
    0x0800fd30   0x0800fd30   0x00000012   Code   RO          288    i.TIM_ITConfig      stm32f10x_tim.o
    0x0800fd42   0x0800fd42   0x00000004   Code   RO          328    i.TIM_SetCounter    stm32f10x_tim.o
    0x0800fd46   0x0800fd46   0x00000002   PAD
    0x0800fd48   0x0800fd48   0x000000a4   Code   RO          334    i.TIM_TimeBaseInit  stm32f10x_tim.o
    0x0800fdec   0x0800fdec   0x00000968   Code   RO          427    i.Time_Child        gui.o
    0x08010754   0x08010754   0x000000b8   Code   RO          485    i.UART3DMA_Init     usart1.o
    0x0801080c   0x0801080c   0x000000c8   Code   RO          486    i.UART3_Init        usart1.o
    0x080108d4   0x080108d4   0x00000044   Code   RO          487    i.UART3_Puts        usart1.o
    0x08010918   0x08010918   0x00000084   Code   RO          489    i.USART1_IRQHandler  usart1.o
    0x0801099c   0x0801099c   0x00000074   Code   RO          515    i.USART3_IRQHandler  mb_port.o
    0x08010a10   0x08010a10   0x00000012   Code   RO          338    i.USART_ClearFlag   stm32f10x_usart.o
    0x08010a22   0x08010a22   0x0000001e   Code   RO          339    i.USART_ClearITPendingBit  stm32f10x_usart.o
    0x08010a40   0x08010a40   0x00000018   Code   RO          342    i.USART_Cmd         stm32f10x_usart.o
    0x08010a58   0x08010a58   0x00000012   Code   RO          343    i.USART_DMACmd      stm32f10x_usart.o
    0x08010a6a   0x08010a6a   0x00000002   PAD
    0x08010a6c   0x08010a6c   0x0000009c   Code   RO          344    i.USART_DeInit      stm32f10x_usart.o
    0x08010b08   0x08010b08   0x0000001a   Code   RO          345    i.USART_GetFlagStatus  stm32f10x_usart.o
    0x08010b22   0x08010b22   0x00000054   Code   RO          346    i.USART_GetITStatus  stm32f10x_usart.o
    0x08010b76   0x08010b76   0x0000004a   Code   RO          348    i.USART_ITConfig    stm32f10x_usart.o
    0x08010bc0   0x08010bc0   0x000000d8   Code   RO          349    i.USART_Init        stm32f10x_usart.o
    0x08010c98   0x08010c98   0x0000000a   Code   RO          356    i.USART_ReceiveData  stm32f10x_usart.o
    0x08010ca2   0x08010ca2   0x00000008   Code   RO          359    i.USART_SendData    stm32f10x_usart.o
    0x08010caa   0x08010caa   0x00000004   Code   RO           15    i.UsageFault_Handler  stm32f10x_it.o
    0x08010cae   0x08010cae   0x00000002   PAD
    0x08010cb0   0x08010cb0   0x0000006c   Code   RO          412    i.WriteFlashData_alarm  flash.o
    0x08010d1c   0x08010d1c   0x0000006c   Code   RO          413    i.WriteFlashData_hz  flash.o
    0x08010d88   0x08010d88   0x0000006c   Code   RO          414    i.WriteFlashData_relay  flash.o
    0x08010df4   0x08010df4   0x00000020   Code   RO          824    i.__0printf         mc_w.l(printfa.o)
    0x08010e14   0x08010e14   0x00000034   Code   RO          825    i.__0snprintf       mc_w.l(printfa.o)
    0x08010e48   0x08010e48   0x00000028   Code   RO          826    i.__0sprintf        mc_w.l(printfa.o)
    0x08010e70   0x08010e70   0x00000034   Code   RO          829    i.__0vsnprintf      mc_w.l(printfa.o)
    0x08010ea4   0x08010ea4   0x00000024   Code   RO          830    i.__0vsprintf       mc_w.l(printfa.o)
    0x08010ec8   0x08010ec8   0x0000001a   Code   RO          643    i.__ARM_common_switch8  jansson_CM3LE.lib(hashtable.o)
    0x08010ee2   0x08010ee2   0x00000016   Code   RO          615    i.__ARM_isinf       jansson_CM3LE.lib(value.o)
    0x08010ef8   0x08010ef8   0x00000018   Code   RO          616    i.__ARM_isnan       jansson_CM3LE.lib(value.o)
    0x08010f10   0x08010f10   0x00000008   Code   RO          852    i.__aeabi_errno_addr  mc_w.l(errno.o)
    0x08010f18   0x08010f18   0x000000aa   Code   RO          885    i.__kernel_poly     m_ws.l(poly.o)
    0x08010fc2   0x08010fc2   0x00000002   PAD
    0x08010fc4   0x08010fc4   0x00000010   Code   RO          878    i.__mathlib_dbl_divzero  m_ws.l(dunder.o)
    0x08010fd4   0x08010fd4   0x00000006   Code   RO          879    i.__mathlib_dbl_infnan  m_ws.l(dunder.o)
    0x08010fda   0x08010fda   0x0000000c   Code   RO          881    i.__mathlib_dbl_invalid  m_ws.l(dunder.o)
    0x08010fe6   0x08010fe6   0x0000000e   Code   RO          947    i.__scatterload_copy  mc_w.l(handlers.o)
    0x08010ff4   0x08010ff4   0x00000002   Code   RO          948    i.__scatterload_null  mc_w.l(handlers.o)
    0x08010ff6   0x08010ff6   0x0000000e   Code   RO          949    i.__scatterload_zeroinit  mc_w.l(handlers.o)
    0x08011004   0x08011004   0x0000000c   Code   RO          854    i.__set_errno       mc_w.l(errno.o)
    0x08011010   0x08011010   0x00000184   Code   RO          831    i._fp_digits        mc_w.l(printfa.o)
    0x08011194   0x08011194   0x0000000e   Code   RO          940    i._is_digit         mc_w.l(scanf_fp.o)
    0x080111a2   0x080111a2   0x00000002   PAD
    0x080111a4   0x080111a4   0x000006b4   Code   RO          832    i._printf_core      mc_w.l(printfa.o)
    0x08011858   0x08011858   0x00000024   Code   RO          833    i._printf_post_padding  mc_w.l(printfa.o)
    0x0801187c   0x0801187c   0x0000002e   Code   RO          834    i._printf_pre_padding  mc_w.l(printfa.o)
    0x080118aa   0x080118aa   0x00000016   Code   RO          835    i._snputc           mc_w.l(printfa.o)
    0x080118c0   0x080118c0   0x0000000a   Code   RO          836    i._sputc            mc_w.l(printfa.o)
    0x080118ca   0x080118ca   0x00000018   Code   RO          552    i.array_copy        jansson_CM3LE.lib(value.o)
    0x080118e2   0x080118e2   0x00000016   Code   RO          621    i.bucket_is_empty   jansson_CM3LE.lib(hashtable.o)
    0x080118f8   0x080118f8   0x0000004c   Code   RO          526    i.decode_unicode_escape  jansson_CM3LE.lib(load.o)
    0x08011944   0x08011944   0x00000044   Code   RO          476    i.delay_init        delay.o
    0x08011988   0x08011988   0x0000004c   Code   RO          477    i.delay_ms          delay.o
    0x080119d4   0x080119d4   0x0000004c   Code   RO          478    i.delay_us          delay.o
    0x08011a20   0x08011a20   0x000000c0   Code   RO          527    i.error_set         jansson_CM3LE.lib(load.o)
    0x08011ae0   0x08011ae0   0x00000024   Code   RO          490    i.fputc             usart1.o
    0x08011b04   0x08011b04   0x00000050   Code   RO          838    i.free              mc_w.l(malloc.o)
    0x08011b54   0x08011b54   0x00000016   Code   RO          428    i.fresh_page        gui.o
    0x08011b6a   0x08011b6a   0x00000002   PAD
    0x08011b6c   0x08011b6c   0x00000044   Code   RO          386    i.get_temperature   timer.o
    0x08011bb0   0x08011bb0   0x00000144   Code   RO          622    i.hashlittle        jansson_CM3LE.lib(hashtable.o)
    0x08011cf4   0x08011cf4   0x00000010   Code   RO          624    i.hashtable_close   jansson_CM3LE.lib(hashtable.o)
    0x08011d04   0x08011d04   0x00000022   Code   RO          626    i.hashtable_do_clear  jansson_CM3LE.lib(hashtable.o)
    0x08011d26   0x08011d26   0x00000076   Code   RO          628    i.hashtable_do_rehash  jansson_CM3LE.lib(hashtable.o)
    0x08011d9c   0x08011d9c   0x0000003c   Code   RO          629    i.hashtable_find_pair  jansson_CM3LE.lib(hashtable.o)
    0x08011dd8   0x08011dd8   0x00000040   Code   RO          630    i.hashtable_get     jansson_CM3LE.lib(hashtable.o)
    0x08011e18   0x08011e18   0x00000048   Code   RO          631    i.hashtable_init    jansson_CM3LE.lib(hashtable.o)
    0x08011e60   0x08011e60   0x000000ac   Code   RO          639    i.hashtable_set     jansson_CM3LE.lib(hashtable.o)
    0x08011f0c   0x08011f0c   0x0000002a   Code   RO          640    i.insert_to_bucket  jansson_CM3LE.lib(hashtable.o)
    0x08011f36   0x08011f36   0x0000001e   Code   RO            1    i.is_all_ff         main.o
    0x08011f54   0x08011f54   0x00000036   Code   RO          554    i.json_array        jansson_CM3LE.lib(value.o)
    0x08011f8a   0x08011f8a   0x00000002   PAD
    0x08011f8c   0x08011f8c   0x00000048   Code   RO          555    i.json_array_append_new  jansson_CM3LE.lib(value.o)
    0x08011fd4   0x08011fd4   0x0000004c   Code   RO          559    i.json_array_grow   jansson_CM3LE.lib(value.o)
    0x08012020   0x08012020   0x00000018   Code   RO          528    i.json_decref       jansson_CM3LE.lib(load.o)
    0x08012038   0x08012038   0x00000018   Code   RO          565    i.json_decref       jansson_CM3LE.lib(value.o)
    0x08012050   0x08012050   0x00000018   Code   RO          641    i.json_decref       jansson_CM3LE.lib(hashtable.o)
    0x08012068   0x08012068   0x00000054   Code   RO          567    i.json_delete       jansson_CM3LE.lib(value.o)
    0x080120bc   0x080120bc   0x00000008   Code   RO          569    i.json_false        jansson_CM3LE.lib(value.o)
    0x080120c4   0x080120c4   0x00000010   Code   RO          529    i.json_incref       jansson_CM3LE.lib(load.o)
    0x080120d4   0x080120d4   0x0000001c   Code   RO          571    i.json_integer      jansson_CM3LE.lib(value.o)
    0x080120f0   0x080120f0   0x00000018   Code   RO          573    i.json_integer_value  jansson_CM3LE.lib(value.o)
    0x08012108   0x08012108   0x00000074   Code   RO          534    i.json_loads        jansson_CM3LE.lib(load.o)
    0x0801217c   0x0801217c   0x00000008   Code   RO          574    i.json_null         jansson_CM3LE.lib(value.o)
    0x08012184   0x08012184   0x0000004c   Code   RO          576    i.json_object       jansson_CM3LE.lib(value.o)
    0x080121d0   0x080121d0   0x0000001c   Code   RO          581    i.json_object_get   jansson_CM3LE.lib(value.o)
    0x080121ec   0x080121ec   0x00000028   Code   RO          666    i.json_object_seed  jansson_CM3LE.lib(hashtable_seed.o)
    0x08012214   0x08012214   0x00000040   Code   RO          590    i.json_object_set_new_nocheck  jansson_CM3LE.lib(value.o)
    0x08012254   0x08012254   0x00000034   Code   RO          596    i.json_real         jansson_CM3LE.lib(value.o)
    0x08012288   0x08012288   0x00000018   Code   RO          598    i.json_real_value   jansson_CM3LE.lib(value.o)
    0x080122a0   0x080122a0   0x00000008   Code   RO          610    i.json_true         jansson_CM3LE.lib(value.o)
    0x080122a8   0x080122a8   0x00000022   Code   RO          617    i.jsonp_error_init  jansson_CM3LE.lib(error.o)
    0x080122ca   0x080122ca   0x00000010   Code   RO          618    i.jsonp_error_set   jansson_CM3LE.lib(error.o)
    0x080122da   0x080122da   0x00000002   PAD
    0x080122dc   0x080122dc   0x0000003c   Code   RO          619    i.jsonp_error_set_source  jansson_CM3LE.lib(error.o)
    0x08012318   0x08012318   0x0000002c   Code   RO          620    i.jsonp_error_vset  jansson_CM3LE.lib(error.o)
    0x08012344   0x08012344   0x00000010   Code   RO          645    i.jsonp_free        jansson_CM3LE.lib(memory.o)
    0x08012354   0x08012354   0x00000010   Code   RO          646    i.jsonp_malloc      jansson_CM3LE.lib(memory.o)
    0x08012364   0x08012364   0x0000000a   Code   RO          611    i.jsonp_stringn_nocheck_own  jansson_CM3LE.lib(value.o)
    0x0801236e   0x0801236e   0x00000024   Code   RO          648    i.jsonp_strndup     jansson_CM3LE.lib(memory.o)
    0x08012392   0x08012392   0x00000002   PAD
    0x08012394   0x08012394   0x00000064   Code   RO          660    i.jsonp_strtod      jansson_CM3LE.lib(strconv.o)
    0x080123f8   0x080123f8   0x0000001c   Code   RO          535    i.lex_close         jansson_CM3LE.lib(load.o)
    0x08012414   0x08012414   0x00000012   Code   RO          536    i.lex_free_string   jansson_CM3LE.lib(load.o)
    0x08012426   0x08012426   0x00000008   Code   RO          537    i.lex_get           jansson_CM3LE.lib(load.o)
    0x0801242e   0x0801242e   0x0000001e   Code   RO          538    i.lex_get_save      jansson_CM3LE.lib(load.o)
    0x0801244c   0x0801244c   0x00000030   Code   RO          539    i.lex_init          jansson_CM3LE.lib(load.o)
    0x0801247c   0x0801247c   0x0000000c   Code   RO          540    i.lex_save          jansson_CM3LE.lib(load.o)
    0x08012488   0x08012488   0x00000138   Code   RO          541    i.lex_scan          jansson_CM3LE.lib(load.o)
    0x080125c0   0x080125c0   0x0000018c   Code   RO          542    i.lex_scan_number   jansson_CM3LE.lib(load.o)
    0x0801274c   0x0801274c   0x00000288   Code   RO          543    i.lex_scan_string   jansson_CM3LE.lib(load.o)
    0x080129d4   0x080129d4   0x00000026   Code   RO          544    i.lex_unget_unsave  jansson_CM3LE.lib(load.o)
    0x080129fa   0x080129fa   0x0000002e   Code   RO          387    i.list_change       timer.o
    0x08012a28   0x08012a28   0x00000020   Code   RO          388    i.list_change_end   timer.o
    0x08012a48   0x08012a48   0x0000000e   Code   RO          642    i.list_insert       jansson_CM3LE.lib(hashtable.o)
    0x08012a56   0x08012a56   0x00000002   PAD
    0x08012a58   0x08012a58   0x0000035c   Code   RO          669    i.log               m_ws.l(log.o)
    0x08012db4   0x08012db4   0x00003374   Code   RO            2    i.main              main.o
    0x08016128   0x08016128   0x0000006c   Code   RO          839    i.malloc            mc_w.l(malloc.o)
    0x08016194   0x08016194   0x00000038   Code   RO          493    i.mb_crc16          mb_crc.o
    0x080161cc   0x080161cc   0x00000014   Code   RO          516    i.mb_port_getchar   mb_port.o
    0x080161e0   0x080161e0   0x00000020   Code   RO          517    i.mb_port_putchar   mb_port.o
    0x08016200   0x08016200   0x0000002c   Code   RO          518    i.mb_port_timerDisable  mb_port.o
    0x0801622c   0x0801622c   0x0000002c   Code   RO          519    i.mb_port_timerEnable  mb_port.o
    0x08016258   0x08016258   0x0000009c   Code   RO          520    i.mb_port_timerInit  mb_port.o
    0x080162f4   0x080162f4   0x0000005c   Code   RO          521    i.mb_port_uartEnable  mb_port.o
    0x08016350   0x08016350   0x00000118   Code   RO          522    i.mb_port_uartInit  mb_port.o
    0x08016468   0x08016468   0x00000096   Code   RO          505    i.mbh_exec          mb_host.o
    0x080164fe   0x080164fe   0x00000002   Code   RO          495    i.mbh_hook_rec01    mb_hook.o
    0x08016500   0x08016500   0x00000002   Code   RO          496    i.mbh_hook_rec02    mb_hook.o
    0x08016502   0x08016502   0x00000002   PAD
    0x08016504   0x08016504   0x00000048   Code   RO          497    i.mbh_hook_rec03    mb_hook.o
    0x0801654c   0x0801654c   0x00000002   Code   RO          498    i.mbh_hook_rec04    mb_hook.o
    0x0801654e   0x0801654e   0x00000002   Code   RO          499    i.mbh_hook_rec05    mb_hook.o
    0x08016550   0x08016550   0x00000002   Code   RO          500    i.mbh_hook_rec06    mb_hook.o
    0x08016552   0x08016552   0x00000002   Code   RO          501    i.mbh_hook_rec15    mb_hook.o
    0x08016554   0x08016554   0x00000002   Code   RO          502    i.mbh_hook_rec16    mb_hook.o
    0x08016556   0x08016556   0x00000002   PAD
    0x08016558   0x08016558   0x00000024   Code   RO          503    i.mbh_hook_timesErr  mb_hook.o
    0x0801657c   0x0801657c   0x00000016   Code   RO          507    i.mbh_init          mb_host.o
    0x08016592   0x08016592   0x00000002   PAD
    0x08016594   0x08016594   0x000000cc   Code   RO          508    i.mbh_poll          mb_host.o
    0x08016660   0x08016660   0x0000007c   Code   RO          509    i.mbh_send          mb_host.o
    0x080166dc   0x080166dc   0x0000005c   Code   RO          510    i.mbh_timer3T5Isr   mb_host.o
    0x08016738   0x08016738   0x00000080   Code   RO          511    i.mbh_uartRxIsr     mb_host.o
    0x080167b8   0x080167b8   0x00000060   Code   RO          512    i.mbh_uartTxIsr     mb_host.o
    0x08016818   0x08016818   0x0000009a   Code   RO          389    i.middleValueFilter  timer.o
    0x080168b2   0x080168b2   0x00000002   PAD
    0x080168b4   0x080168b4   0x00000094   Code   RO          545    i.parse_array       jansson_CM3LE.lib(load.o)
    0x08016948   0x08016948   0x00000094   Code   RO          546    i.parse_json        jansson_CM3LE.lib(load.o)
    0x080169dc   0x080169dc   0x00000180   Code   RO          547    i.parse_object      jansson_CM3LE.lib(load.o)
    0x08016b5c   0x08016b5c   0x00000140   Code   RO          548    i.parse_value       jansson_CM3LE.lib(load.o)
    0x08016c9c   0x08016c9c   0x00000006   Code   RO          523    i.seed_from_timestamp_and_pid  jansson_config.o
    0x08016ca2   0x08016ca2   0x00000002   PAD
    0x08016ca4   0x08016ca4   0x00000074   Code   RO          458    i.show_4g           ui.o
    0x08016d18   0x08016d18   0x00000078   Code   RO          459    i.showdigit_color   ui.o
    0x08016d90   0x08016d90   0x00000074   Code   RO          460    i.showhanzi         ui.o
    0x08016e04   0x08016e04   0x00000074   Code   RO          461    i.showhanzi_1       ui.o
    0x08016e78   0x08016e78   0x00000078   Code   RO          462    i.showhanzi_color   ui.o
    0x08016ef0   0x08016ef0   0x0000000c   Code   RO          651    i.strbuffer_append_byte  jansson_CM3LE.lib(strbuffer.o)
    0x08016efc   0x08016efc   0x00000070   Code   RO          652    i.strbuffer_append_bytes  jansson_CM3LE.lib(strbuffer.o)
    0x08016f6c   0x08016f6c   0x0000000a   Code   RO          653    i.strbuffer_clear   jansson_CM3LE.lib(strbuffer.o)
    0x08016f76   0x08016f76   0x00000018   Code   RO          654    i.strbuffer_close   jansson_CM3LE.lib(strbuffer.o)
    0x08016f8e   0x08016f8e   0x00000022   Code   RO          655    i.strbuffer_init    jansson_CM3LE.lib(strbuffer.o)
    0x08016fb0   0x08016fb0   0x00000018   Code   RO          656    i.strbuffer_pop     jansson_CM3LE.lib(strbuffer.o)
    0x08016fc8   0x08016fc8   0x00000004   Code   RO          658    i.strbuffer_value   jansson_CM3LE.lib(strbuffer.o)
    0x08016fcc   0x08016fcc   0x000000e4   Code   RO          549    i.stream_get        jansson_CM3LE.lib(load.o)
    0x080170b0   0x080170b0   0x0000004a   Code   RO          550    i.stream_unget      jansson_CM3LE.lib(load.o)
    0x080170fa   0x080170fa   0x0000003e   Code   RO          612    i.string_create     jansson_CM3LE.lib(value.o)
    0x08017138   0x08017138   0x00000018   Code   RO          551    i.string_get        jansson_CM3LE.lib(load.o)
    0x08017150   0x08017150   0x0000001c   Code   RO          675    i.strtod            m_ws.l(strtod.o)
    0x0801716c   0x0801716c   0x0000014c   Code   RO          390    i.update_relay_control  timer.o
    0x080172b8   0x080172b8   0x0000003c   Code   RO          661    i.utf8_check_first  jansson_CM3LE.lib(utf.o)
    0x080172f4   0x080172f4   0x00000088   Code   RO          662    i.utf8_check_full   jansson_CM3LE.lib(utf.o)
    0x0801737c   0x0801737c   0x0000007c   Code   RO          664    i.utf8_encode       jansson_CM3LE.lib(utf.o)
    0x080173f8   0x080173f8   0x000001b8   Data   RO            4    .constdata          main.o
    0x080175b0   0x080175b0   0x00000018   Data   RO          402    .constdata          rtc.o
    0x080175c8   0x080175c8   0x00001000   Data   RO          430    .constdata          gui.o
    0x080185c8   0x080185c8   0x000052f0   Data   RO          463    .constdata          ui.o
    0x0801d8b8   0x0801d8b8   0x00000200   Data   RO          494    .constdata          mb_crc.o
    0x0801dab8   0x0801dab8   0x00000038   Data   RO          670    .constdata          m_ws.l(log.o)
    0x0801daf0   0x0801daf0   0x00000008   Data   RO          886    .constdata          m_ws.l(qnan.o)
    0x0801daf8   0x0801daf8   0x00000081   Data   RO          924    .constdata          mc_w.l(ctype_o.o)
    0x0801db79   0x0801db79   0x00000003   PAD
    0x0801db7c   0x0801db7c   0x00000004   Data   RO          925    .constdata          mc_w.l(ctype_o.o)
    0x0801db80   0x0801db80   0x0000006f   Data   RO            5    .conststring        main.o
    0x0801dbef   0x0801dbef   0x00000001   PAD
    0x0801dbf0   0x0801dbf0   0x00000020   Data   RO          945    Region$$Table       anon$$obj.o


    Execution Region RW_IRAM1 (Exec base: 0x20000000, Load base: 0x0801dc10, Size: 0x00004b68, Max: 0x00005000, ABSOLUTE, COMPRESSED[0x00000b24])

    Exec Addr    Load Addr    Size         Type   Attr      Idx    E Section Name        Object

    0x20000000   COMPRESSED   0x00000010   Data   RW            6    .data               main.o
    0x20000010   COMPRESSED   0x00000014   Data   RW           20    .data               system_stm32f10x.o
    0x20000024   COMPRESSED   0x00000014   Data   RW          209    .data               stm32f10x_rcc.o
    0x20000038   COMPRESSED   0x00000004   Data   RW          379    .data               key.o
    0x2000003c   COMPRESSED   0x000000d8   Data   RW          392    .data               timer.o
    0x20000114   COMPRESSED   0x00000001   Data   RW          416    .data               flash.o
    0x20000115   COMPRESSED   0x00000003   PAD
    0x20000118   COMPRESSED   0x000013be   Data   RW          431    .data               gui.o
    0x200014d6   COMPRESSED   0x00000006   Data   RW          448    .data               lcd.o
    0x200014dc   COMPRESSED   0x00000600   Data   RW          464    .data               ui.o
    0x20001adc   COMPRESSED   0x00000004   Data   RW          479    .data               delay.o
    0x20001ae0   COMPRESSED   0x00000004   Data   RW          492    .data               usart1.o
    0x20001ae4   COMPRESSED   0x00000008   Data   RW          504    .data               mb_hook.o
    0x20001aec   COMPRESSED   0x00000018   Data   RW          613    .data               jansson_CM3LE.lib(value.o)
    0x20001b04   COMPRESSED   0x00000008   Data   RW          649    .data               jansson_CM3LE.lib(memory.o)
    0x20001b0c   COMPRESSED   0x00000004   Data   RW          667    .data               jansson_CM3LE.lib(hashtable_seed.o)
    0x20001b10   COMPRESSED   0x00000004   Data   RW          855    .data               mc_w.l(errno.o)
    0x20001b14   COMPRESSED   0x00000004   Data   RW          904    .data               mc_w.l(stdout.o)
    0x20001b18   COMPRESSED   0x00000004   Data   RW          908    .data               mc_w.l(mvars.o)
    0x20001b1c   COMPRESSED   0x00000004   Data   RW          909    .data               mc_w.l(mvars.o)
    0x20001b20        -       0x0000041e   Zero   RW            3    .bss                main.o
    0x20001f3e   COMPRESSED   0x00000002   PAD
    0x20001f40        -       0x00000208   Zero   RW          391    .bss                timer.o
    0x20002148        -       0x0000000a   Zero   RW          401    .bss                rtc.o
    0x20002152        -       0x00000402   Zero   RW          429    .bss                gui.o
    0x20002554        -       0x0000000e   Zero   RW          447    .bss                lcd.o
    0x20002562        -       0x00000c00   Zero   RW          491    .bss                usart1.o
    0x20003162        -       0x00000204   Zero   RW          513    .bss                mb_host.o
    0x20003366   COMPRESSED   0x00000002   PAD
    0x20003368        -       0x00001000   Zero   RW           23    HEAP                startup_stm32f10x_md.o
    0x20004368        -       0x00000800   Zero   RW           22    STACK               startup_stm32f10x_md.o


==============================================================================

Image component sizes


      Code (inc. data)   RO Data    RW Data    ZI Data      Debug   Object Name

       316         26          0          0          0          0   74hc595.o
       220         26          0          4          0          0   delay.o
       356         36          0          1          0          0   flash.o
       498         60          0          0          0          0   gp8201s.o
     46464       1490       4096       5054       1026          0   gui.o
         6          0          0          0          0          0   jansson_config.o
       236         18          0          4          0          0   key.o
      1262         82          0          6         14          0   lcd.o
     13202       3148        551         16       1054          0   main.o
        56          8        512          0          0          0   mb_crc.o
       122         26          0          8          0          0   mb_hook.o
       816         22          0          0        516          0   mb_host.o
       816         68          0          0          0          0   mb_port.o
       172         22          0          0          0          0   misc.o
       436         50          0          0          0          0   ntc.o
      2646         84         24          0         10          0   rtc.o
       132          8          0          0          0          0   spi.o
        36          8        236          0       6144          0   startup_stm32f10x_md.o
       394         10          0          0          0          0   stm32f10x_adc.o
        72         10          0          0          0          0   stm32f10x_bkp.o
       186         18          0          0          0          0   stm32f10x_dma.o
       286         36          0          0          0          0   stm32f10x_flash.o
       430          6          0          0          0          0   stm32f10x_gpio.o
        26          0          0          0          0          0   stm32f10x_it.o
        12          6          0          0          0          0   stm32f10x_pwr.o
       552         86          0         20          0          0   stm32f10x_rcc.o
       240         44          0          0          0          0   stm32f10x_rtc.o
        84          0          0          0          0          0   stm32f10x_spi.o
       274         42          0          0          0          0   stm32f10x_tim.o
       664         28          0          0          0          0   stm32f10x_usart.o
       328         28          0         20          0          0   system_stm32f10x.o
      6588        494          0        216        520          0   timer.o
      1178         52      21232       1536          0          0   ui.o
       656         72          0          4       3072          0   usart1.o

    ----------------------------------------------------------------------
     79808       6114      26684       6892      12360          0   Object Totals
         0          0         32          0          0          0   (incl. Generated)
        46          0          1          3          4          0   (incl. Padding)

    ----------------------------------------------------------------------

      Code (inc. data)   RO Data    RW Data    ZI Data      Debug   Library Member Name

       154          4          0          0          0          0   error.o
       988         32          0          0          0          0   hashtable.o
        40          6          0          4          0          0   hashtable_seed.o
      3288        680          0          0          0          0   load.o
        68          8          0          8          0          0   memory.o
       220          4          0          0          0          0   strbuffer.o
       100         10          0          0          0          0   strconv.o
       320         14          0          0          0          0   utf.o
       772         32          0         24          0          0   value.o
        34          4          0          0          0          0   dunder.o
       860         52         56          0          0          0   log.o
       170          0          0          0          0          0   poly.o
         0          0          8          0          0          0   qnan.o
        28          0          0          0          0          0   strtod.o
        56          8          0          0          0          0   __0sscanf.o
        94          0          0          0          0          0   __dclz77c.o
       144          0          0          0          0          0   __strtoll.o
        28          0          0          0          0          0   _chval.o
       816          6          0          0          0          0   _scanf.o
       332          0          0          0          0          0   _scanf_int.o
        64          0          0          0          0          0   _sgetc.o
       194          0          0          0          0          0   _strtoull.o
         8          4        133          0          0          0   ctype_o.o
         0          0          0          0          0          0   entry.o
         0          0          0          0          0          0   entry10a.o
         0          0          0          0          0          0   entry11a.o
         4          0          0          0          0          0   entry12b.o
         8          4          0          0          0          0   entry2.o
         4          0          0          0          0          0   entry5.o
         0          0          0          0          0          0   entry7b.o
         0          0          0          0          0          0   entry8b.o
         8          4          0          0          0          0   entry9a.o
        20         10          0          4          0          0   errno.o
        30          0          0          0          0          0   handlers.o
        36          8          0          0          0          0   init.o
        18          0          0          0          0          0   isspace_o.o
         0          0          0          0          0          0   iusefp.o
        30          0          0          0          0          0   llshl.o
        36          0          0          0          0          0   llsshr.o
        32          0          0          0          0          0   llushr.o
       188         20          0          0          0          0   malloc.o
        20          0          0          0          0          0   memchr.o
        26          0          0          0          0          0   memcmp.o
        64          0          0          0          0          0   memmovea.o
        36          0          0          0          0          0   memseta.o
         0          0          0          8          0          0   mvars.o
      2430        112          0          0          0          0   printfa.o
        40          8          0          0          0          0   scanf_char.o
       878         12          0          0          0          0   scanf_fp.o
         0          0          0          4          0          0   stdout.o
        24          0          0          0          0          0   strcat.o
        28          0          0          0          0          0   strcmp.o
        18          0          0          0          0          0   strcpy.o
        14          0          0          0          0          0   strlen.o
        24          0          0          0          0          0   strncpy.o
        36          0          0          0          0          0   strstr.o
       156         12          0          0          0          0   strtod.o
         4          0          0          0          0          0   strtoll.o
        44          0          0          0          0          0   uidiv.o
        98          0          0          0          0          0   uldiv.o
        48          0          0          0          0          0   cdcmple.o
        48          0          0          0          0          0   cdrcmple.o
        20          0          0          0          0          0   cfcmple.o
        20          0          0          0          0          0   cfrcmple.o
        56          0          0          0          0          0   d2f.o
       334          0          0          0          0          0   dadd.o
       222          0          0          0          0          0   ddiv.o
       186          0          0          0          0          0   depilogue.o
        50          0          0          0          0          0   dfixui.o
        48          0          0          0          0          0   dfixul.o
        34          0          0          0          0          0   dflti.o
        24          0          0          0          0          0   dfltul.o
       228          0          0          0          0          0   dmul.o
        46          0          0          0          0          0   dscalb.o
        38          0          0          0          0          0   f2d.o
       176          0          0          0          0          0   fadd.o
       124          0          0          0          0          0   fdiv.o
       110          0          0          0          0          0   fepilogue.o
        50          0          0          0          0          0   ffixi.o
        40          0          0          0          0          0   ffixui.o
        18          0          0          0          0          0   fflti.o
        10          0          0          0          0          0   ffltui.o
       100          0          0          0          0          0   fmul.o

    ----------------------------------------------------------------------
     15180       1054        200         52          0          0   Library Totals
        18          0          3          0          0          0   (incl. Padding)

    ----------------------------------------------------------------------

      Code (inc. data)   RO Data    RW Data    ZI Data      Debug   Library Name

      5950        790          0         36          0          0   jansson_CM3LE.lib
      1092         56         64          0          0          0   m_ws.l
      6090        208        133         16          0          0   mc_w.l
      2030          0          0          0          0          0   mf_w.l

    ----------------------------------------------------------------------
     15180       1054        200         52          0          0   Library Totals

    ----------------------------------------------------------------------

==============================================================================


      Code (inc. data)   RO Data    RW Data    ZI Data      Debug   

     94988       7168      26884       6944      12360          0   Grand Totals
     94988       7168      26884       2852      12360          0   ELF Image Totals (compressed)
     94988       7168      26884       2852          0          0   ROM Totals

==============================================================================

    Total RO  Size (Code + RO Data)               121872 ( 119.02kB)
    Total RW  Size (RW Data + ZI Data)             19304 (  18.85kB)
    Total ROM Size (Code + RO Data + RW Data)     124724 ( 121.80kB)

==============================================================================

