<html>
<body>
<pre>
<h1>礦ision Build Log</h1>
<h2>Tool Versions:</h2>
IDE-Version: μVision V5.42.0.0
Copyright (C) 2025 ARM Ltd and ARM Germany GmbH. All rights reserved.
License Information: zhll opk, yrjpo, LIC=BL28G-VTNFQ-5BUEB-2VK9V-BRK76-02XQX
 
Tool Versions:
Toolchain:       MDK-ARM Professional  Version: 5.42.0.0
Toolchain Path:  D:\develop\keil-5.42\appl\ARM\ARMCC\Bin
C Compiler:      Armcc.exe V5.06 update 7 (build 960)
Assembler:       Armasm.exe V5.06 update 7 (build 960)
Linker/Locator:  ArmLink.exe V5.06 update 7 (build 960)
Library Manager: ArmAr.exe V5.06 update 7 (build 960)
Hex Converter:   FromElf.exe V5.06 update 7 (build 960)
CPU DLL:         SARMCM3.DLL V5.42.0.0
Dialog DLL:      DCM.DLL V1.17.5.0
Target DLL:      CMSIS_AGDI.dll V1.33.22.0
Dialog DLL:      TCM.DLL V1.56.6.0
 
<h2>Project:</h2>
E:\环控器生产版本\C8T6_0.96_iicoled-add485-4_8_10路\USER\Model_c8t6.uvprojx
Project File Date:  06/17/2025

<h2>Output:</h2>
*** Using Compiler 'V5.06 update 7 (build 960)', folder: 'D:\develop\keil-5.42\appl\ARM\ARMCC\Bin'
Build target 'Model'
compiling main.c...
linking...
Program Size: Code=94988 RO-data=26884 RW-data=6944 ZI-data=12360  
FromELF: creating hex file...
After Build - User command #1: fromelf --bin --output ../OBJ/Model_c8t6.bin ../OBJ/Model_c8t6.axf
"..\OBJ\Model_c8t6.axf" - 0 Error(s), 0 Warning(s).

<h2>Software Packages used:</h2>

Package Vendor: Geehy
                https://www.geehy.com/uploads/tool/Geehy.APM32F1xx_DFP.1.1.0.pack
                Geehy::APM32F1xx_DFP@1.1.0
                Geehy Semiconductor APM32F1 Series Device Support, Drivers and Examples

Package Vendor: Keil
                http://www.keil.com/pack/Keil.Jansson.1.0.0.pack
                Keil::Jansson@1.0.0
                Jansson is a C library for encoding, decoding and manipulating JSON data
   * Component: Jansson Version: 2.7.0

<h2>Collection of Component include folders:</h2>
  ./RTE/_Model
  D:/develop/keil-5.42/Packs/Geehy/APM32F1xx_DFP/1.1.0/Device/Device/Geehy/APM32F10x/Include
  D:/develop/keil-5.42/Packs/Keil/Jansson/1.0.0/src

<h2>Collection of Component Files used:</h2>

   * Component: Keil::Data Exchange:JSON:Jansson@2.7.0
      Source file:   src/jansson_config.c
      Library file:  lib/jansson_CM3LE.lib
      Include file:  src/jansson.h
Build Time Elapsed:  00:00:00
</pre>
</body>
</html>
